Archive member included to satisfy reference by file (symbol)

C:/ST/STM32CubeIDE_1.18.0/STM32CubeIDE/plugins/com.st.stm32cube.ide.mcu.externaltools.gnu-tools-for-stm32.13.3.rel1.win32_1.0.0.202411081344/tools/bin/../lib/gcc/arm-none-eabi/13.3.1/../../../../arm-none-eabi/lib/thumb/v7e-m+fp/hard\libc_nano.a(libc_a-exit.o)
                              C:/ST/STM32CubeIDE_1.18.0/STM32CubeIDE/plugins/com.st.stm32cube.ide.mcu.externaltools.gnu-tools-for-stm32.13.3.rel1.win32_1.0.0.202411081344/tools/bin/../lib/gcc/arm-none-eabi/13.3.1/../../../../arm-none-eabi/lib/thumb/v7e-m+fp/hard/crt0.o (exit)
C:/ST/STM32CubeIDE_1.18.0/STM32CubeIDE/plugins/com.st.stm32cube.ide.mcu.externaltools.gnu-tools-for-stm32.13.3.rel1.win32_1.0.0.202411081344/tools/bin/../lib/gcc/arm-none-eabi/13.3.1/../../../../arm-none-eabi/lib/thumb/v7e-m+fp/hard\libc_nano.a(libc_a-nano-vfprintf_float.o)
                              (_printf_float)
C:/ST/STM32CubeIDE_1.18.0/STM32CubeIDE/plugins/com.st.stm32cube.ide.mcu.externaltools.gnu-tools-for-stm32.13.3.rel1.win32_1.0.0.202411081344/tools/bin/../lib/gcc/arm-none-eabi/13.3.1/../../../../arm-none-eabi/lib/thumb/v7e-m+fp/hard\libc_nano.a(libc_a-nano-vfprintf_i.o)
                              C:/ST/STM32CubeIDE_1.18.0/STM32CubeIDE/plugins/com.st.stm32cube.ide.mcu.externaltools.gnu-tools-for-stm32.13.3.rel1.win32_1.0.0.202411081344/tools/bin/../lib/gcc/arm-none-eabi/13.3.1/../../../../arm-none-eabi/lib/thumb/v7e-m+fp/hard\libc_nano.a(libc_a-nano-vfprintf_float.o) (_printf_common)
C:/ST/STM32CubeIDE_1.18.0/STM32CubeIDE/plugins/com.st.stm32cube.ide.mcu.externaltools.gnu-tools-for-stm32.13.3.rel1.win32_1.0.0.202411081344/tools/bin/../lib/gcc/arm-none-eabi/13.3.1/../../../../arm-none-eabi/lib/thumb/v7e-m+fp/hard\libc_nano.a(libc_a-findfp.o)
                              ./Middlewares/Third_Party/FreeRTOS/Source/tasks.o (__sf)
C:/ST/STM32CubeIDE_1.18.0/STM32CubeIDE/plugins/com.st.stm32cube.ide.mcu.externaltools.gnu-tools-for-stm32.13.3.rel1.win32_1.0.0.202411081344/tools/bin/../lib/gcc/arm-none-eabi/13.3.1/../../../../arm-none-eabi/lib/thumb/v7e-m+fp/hard\libc_nano.a(libc_a-fwalk.o)
                              C:/ST/STM32CubeIDE_1.18.0/STM32CubeIDE/plugins/com.st.stm32cube.ide.mcu.externaltools.gnu-tools-for-stm32.13.3.rel1.win32_1.0.0.202411081344/tools/bin/../lib/gcc/arm-none-eabi/13.3.1/../../../../arm-none-eabi/lib/thumb/v7e-m+fp/hard\libc_nano.a(libc_a-findfp.o) (_fwalk_sglue)
C:/ST/STM32CubeIDE_1.18.0/STM32CubeIDE/plugins/com.st.stm32cube.ide.mcu.externaltools.gnu-tools-for-stm32.13.3.rel1.win32_1.0.0.202411081344/tools/bin/../lib/gcc/arm-none-eabi/13.3.1/../../../../arm-none-eabi/lib/thumb/v7e-m+fp/hard\libc_nano.a(libc_a-stdio.o)
                              C:/ST/STM32CubeIDE_1.18.0/STM32CubeIDE/plugins/com.st.stm32cube.ide.mcu.externaltools.gnu-tools-for-stm32.13.3.rel1.win32_1.0.0.202411081344/tools/bin/../lib/gcc/arm-none-eabi/13.3.1/../../../../arm-none-eabi/lib/thumb/v7e-m+fp/hard\libc_nano.a(libc_a-findfp.o) (__sread)
C:/ST/STM32CubeIDE_1.18.0/STM32CubeIDE/plugins/com.st.stm32cube.ide.mcu.externaltools.gnu-tools-for-stm32.13.3.rel1.win32_1.0.0.202411081344/tools/bin/../lib/gcc/arm-none-eabi/13.3.1/../../../../arm-none-eabi/lib/thumb/v7e-m+fp/hard\libc_nano.a(libc_a-memset.o)
                              C:/ST/STM32CubeIDE_1.18.0/STM32CubeIDE/plugins/com.st.stm32cube.ide.mcu.externaltools.gnu-tools-for-stm32.13.3.rel1.win32_1.0.0.202411081344/tools/bin/../lib/gcc/arm-none-eabi/13.3.1/../../../../arm-none-eabi/lib/thumb/v7e-m+fp/hard/crt0.o (memset)
C:/ST/STM32CubeIDE_1.18.0/STM32CubeIDE/plugins/com.st.stm32cube.ide.mcu.externaltools.gnu-tools-for-stm32.13.3.rel1.win32_1.0.0.202411081344/tools/bin/../lib/gcc/arm-none-eabi/13.3.1/../../../../arm-none-eabi/lib/thumb/v7e-m+fp/hard\libc_nano.a(libc_a-localeconv.o)
                              C:/ST/STM32CubeIDE_1.18.0/STM32CubeIDE/plugins/com.st.stm32cube.ide.mcu.externaltools.gnu-tools-for-stm32.13.3.rel1.win32_1.0.0.202411081344/tools/bin/../lib/gcc/arm-none-eabi/13.3.1/../../../../arm-none-eabi/lib/thumb/v7e-m+fp/hard\libc_nano.a(libc_a-nano-vfprintf_float.o) (_localeconv_r)
C:/ST/STM32CubeIDE_1.18.0/STM32CubeIDE/plugins/com.st.stm32cube.ide.mcu.externaltools.gnu-tools-for-stm32.13.3.rel1.win32_1.0.0.202411081344/tools/bin/../lib/gcc/arm-none-eabi/13.3.1/../../../../arm-none-eabi/lib/thumb/v7e-m+fp/hard\libc_nano.a(libc_a-closer.o)
                              C:/ST/STM32CubeIDE_1.18.0/STM32CubeIDE/plugins/com.st.stm32cube.ide.mcu.externaltools.gnu-tools-for-stm32.13.3.rel1.win32_1.0.0.202411081344/tools/bin/../lib/gcc/arm-none-eabi/13.3.1/../../../../arm-none-eabi/lib/thumb/v7e-m+fp/hard\libc_nano.a(libc_a-stdio.o) (_close_r)
C:/ST/STM32CubeIDE_1.18.0/STM32CubeIDE/plugins/com.st.stm32cube.ide.mcu.externaltools.gnu-tools-for-stm32.13.3.rel1.win32_1.0.0.202411081344/tools/bin/../lib/gcc/arm-none-eabi/13.3.1/../../../../arm-none-eabi/lib/thumb/v7e-m+fp/hard\libc_nano.a(libc_a-reent.o)
[...]
Memory Configuration

Name             Origin             Length             Attributes
RAM              0x20000000         0x00020000         xrw
FLASH            0x08000000         0x00080000         xr
*default*        0x00000000         0xffffffff

Linker script and memory map

LOAD C:/ST/STM32CubeIDE_1.18.0/STM32CubeIDE/plugins/com.st.stm32cube.ide.mcu.externaltools.gnu-tools-for-stm32.13.3.rel1.win32_1.0.0.202411081344/tools/bin/../lib/gcc/arm-none-eabi/13.3.1/thumb/v7e-m+fp/hard/crti.o
LOAD C:/ST/STM32CubeIDE_1.18.0/STM32CubeIDE/plugins/com.st.stm32cube.ide.mcu.externaltools.gnu-tools-for-stm32.13.3.rel1.win32_1.0.0.202411081344/tools/bin/../lib/gcc/arm-none-eabi/13.3.1/thumb/v7e-m+fp/hard/crtbegin.o
LOAD C:/ST/STM32CubeIDE_1.18.0/STM32CubeIDE/plugins/com.st.stm32cube.ide.mcu.externaltools.gnu-tools-for-stm32.13.3.rel1.win32_1.0.0.202411081344/tools/bin/../lib/gcc/arm-none-eabi/13.3.1/../../../../arm-none-eabi/lib/thumb/v7e-m+fp/hard/crt0.o
LOAD ./Core/Src/Board1.o
LOAD ./Core/Src/adc.o
LOAD ./Core/Src/app_freertos.o
LOAD ./Core/Src/batt.o
LOAD ./Core/Src/board1_functions.o
LOAD ./Core/Src/crc.o
LOAD ./Core/Src/deadline_watchdog.o
LOAD ./Core/Src/dma.o
LOAD ./Core/Src/encoder.o
LOAD ./Core/Src/gpio.o
LOAD ./Core/Src/hw_config.o
LOAD ./Core/Src/led.o
LOAD ./Core/Src/led_stripes.o
LOAD ./Core/Src/main.o
LOAD ./Core/Src/motor.o
LOAD ./Core/Src/motor_diagnostic.o
LOAD ./Core/Src/pid_law.o
LOAD ./Core/Src/stm32g4xx_hal_msp.o
LOAD ./Core/Src/stm32g4xx_hal_timebase_tim.o
LOAD ./Core/Src/stm32g4xx_it.o
LOAD ./Core/Src/syscalls.o
LOAD ./Core/Src/sysmem.o
LOAD ./Core/Src/system_stm32g4xx.o
LOAD ./Core/Src/temp.o
LOAD ./Core/Src/tim.o
LOAD ./Core/Src/usart.o
LOAD ./Core/Startup/startup_stm32g474retx.o
LOAD ./Drivers/STM32G4xx_HAL_Driver/Src/stm32g4xx_hal.o
LOAD ./Drivers/STM32G4xx_HAL_Driver/Src/stm32g4xx_hal_adc.o
LOAD ./Drivers/STM32G4xx_HAL_Driver/Src/stm32g4xx_hal_adc_ex.o
LOAD ./Drivers/STM32G4xx_HAL_Driver/Src/stm32g4xx_hal_cortex.o
LOAD ./Drivers/STM32G4xx_HAL_Driver/Src/stm32g4xx_hal_crc.o
LOAD ./Drivers/STM32G4xx_HAL_Driver/Src/stm32g4xx_hal_crc_ex.o
LOAD ./Drivers/STM32G4xx_HAL_Driver/Src/stm32g4xx_hal_dma.o
LOAD ./Drivers/STM32G4xx_HAL_Driver/Src/stm32g4xx_hal_dma_ex.o
LOAD ./Drivers/STM32G4xx_HAL_Driver/Src/stm32g4xx_hal_exti.o
LOAD ./Drivers/STM32G4xx_HAL_Driver/Src/stm32g4xx_hal_flash.o
LOAD ./Drivers/STM32G4xx_HAL_Driver/Src/stm32g4xx_hal_flash_ex.o
LOAD ./Drivers/STM32G4xx_HAL_Driver/Src/stm32g4xx_hal_flash_ramfunc.o
LOAD ./Drivers/STM32G4xx_HAL_Driver/Src/stm32g4xx_hal_gpio.o
LOAD ./Drivers/STM32G4xx_HAL_Driver/Src/stm32g4xx_hal_pwr.o
LOAD ./Drivers/STM32G4xx_HAL_Driver/Src/stm32g4xx_hal_pwr_ex.o
LOAD ./Drivers/STM32G4xx_HAL_Driver/Src/stm32g4xx_hal_rcc.o
LOAD ./Drivers/STM32G4xx_HAL_Driver/Src/stm32g4xx_hal_rcc_ex.o
LOAD ./Drivers/STM32G4xx_HAL_Driver/Src/stm32g4xx_hal_tim.o
LOAD ./Drivers/STM32G4xx_HAL_Driver/Src/stm32g4xx_hal_tim_ex.o
LOAD ./Drivers/STM32G4xx_HAL_Driver/Src/stm32g4xx_hal_uart.o
LOAD ./Drivers/STM32G4xx_HAL_Driver/Src/stm32g4xx_hal_uart_ex.o
LOAD ./Drivers/STM32G4xx_HAL_Driver/Src/stm32g4xx_ll_adc.o
LOAD ./Middlewares/Third_Party/FreeRTOS/Source/CMSIS_RTOS_V2/cmsis_os2.o
LOAD ./Middlewares/Third_Party/FreeRTOS/Source/croutine.o
LOAD ./Middlewares/Third_Party/FreeRTOS/Source/event_groups.o
LOAD ./Middlewares/Third_Party/FreeRTOS/Source/list.o
LOAD ./Middlewares/Third_Party/FreeRTOS/Source/queue.o
LOAD ./Middlewares/Third_Party/FreeRTOS/Source/stream_buffer.o
LOAD ./Middlewares/Third_Party/FreeRTOS/Source/tasks.o
LOAD ./Middlewares/Third_Party/FreeRTOS/Source/timers.o
LOAD ./Middlewares/Third_Party/FreeRTOS/Source/portable/GCC/ARM_CM4F/port.o
LOAD ./Middlewares/Third_Party/FreeRTOS/Source/portable/MemMang/heap_4.o
START GROUP
LOAD C:/ST/STM32CubeIDE_1.18.0/STM32CubeIDE/plugins/com.st.stm32cube.ide.mcu.externaltools.gnu-tools-for-stm32.13.3.rel1.win32_1.0.0.202411081344/tools/bin/../lib/gcc/arm-none-eabi/13.3.1/../../../../arm-none-eabi/lib/thumb/v7e-m+fp/hard\libc_nano.a
LOAD C:/ST/STM32CubeIDE_1.18.0/STM32CubeIDE/plugins/com.st.stm32cube.ide.mcu.externaltools.gnu-tools-for-stm32.13.3.rel1.win32_1.0.0.202411081344/tools/bin/../lib/gcc/arm-none-eabi/13.3.1/../../../../arm-none-eabi/lib/thumb/v7e-m+fp/hard\libm.a
END GROUP
START GROUP
LOAD C:/ST/STM32CubeIDE_1.18.0/STM32CubeIDE/plugins/com.st.stm32cube.ide.mcu.externaltools.gnu-tools-for-stm32.13.3.rel1.win32_1.0.0.202411081344/tools/bin/../lib/gcc/arm-none-eabi/13.3.1/thumb/v7e-m+fp/hard\libgcc.a
LOAD C:/ST/STM32CubeIDE_1.18.0/STM32CubeIDE/plugins/com.st.stm32cube.ide.mcu.externaltools.gnu-tools-for-stm32.13.3.rel1.win32_1.0.0.202411081344/tools/bin/../lib/gcc/arm-none-eabi/13.3.1/../../../../arm-none-eabi/lib/thumb/v7e-m+fp/hard\libc_nano.a
END GROUP
START GROUP
LOAD C:/ST/STM32CubeIDE_1.18.0/STM32CubeIDE/plugins/com.st.stm32cube.ide.mcu.externaltools.gnu-tools-for-stm32.13.3.rel1.win32_1.0.0.202411081344/tools/bin/../lib/gcc/arm-none-eabi/13.3.1/thumb/v7e-m+fp/hard\libgcc.a
LOAD C:/ST/STM32CubeIDE_1.18.0/STM32CubeIDE/plugins/com.st.stm32cube.ide.mcu.externaltools.gnu-tools-for-stm32.13.3.rel1.win32_1.0.0.202411081344/tools/bin/../lib/gcc/arm-none-eabi/13.3.1/../../../../arm-none-eabi/lib/thumb/v7e-m+fp/hard\libc_nano.a
LOAD C:/ST/STM32CubeIDE_1.18.0/STM32CubeIDE/plugins/com.st.stm32cube.ide.mcu.externaltools.gnu-tools-for-stm32.13.3.rel1.win32_1.0.0.202411081344/tools/bin/../lib/gcc/arm-none-eabi/13.3.1/../../../../arm-none-eabi/lib/thumb/v7e-m+fp/hard\libnosys.a
END GROUP
START GROUP
LOAD C:/ST/STM32CubeIDE_1.18.0/STM32CubeIDE/plugins/com.st.stm32cube.ide.mcu.externaltools.gnu-tools-for-stm32.13.3.rel1.win32_1.0.0.202411081344/tools/bin/../lib/gcc/arm-none-eabi/13.3.1/thumb/v7e-m+fp/hard\libgcc.a
LOAD C:/ST/STM32CubeIDE_1.18.0/STM32CubeIDE/plugins/com.st.stm32cube.ide.mcu.externaltools.gnu-tools-for-stm32.13.3.rel1.win32_1.0.0.202411081344/tools/bin/../lib/gcc/arm-none-eabi/13.3.1/../../../../arm-none-eabi/lib/thumb/v7e-m+fp/hard\libc_nano.a
LOAD C:/ST/STM32CubeIDE_1.18.0/STM32CubeIDE/plugins/com.st.stm32cube.ide.mcu.externaltools.gnu-tools-for-stm32.13.3.rel1.win32_1.0.0.202411081344/tools/bin/../lib/gcc/arm-none-eabi/13.3.1/../../../../arm-none-eabi/lib/thumb/v7e-m+fp/hard\libnosys.a
END GROUP
LOAD C:/ST/STM32CubeIDE_1.18.0/STM32CubeIDE/plugins/com.st.stm32cube.ide.mcu.externaltools.gnu-tools-for-stm32.13.3.rel1.win32_1.0.0.202411081344/tools/bin/../lib/gcc/arm-none-eabi/13.3.1/thumb/v7e-m+fp/hard/crtend.o
LOAD C:/ST/STM32CubeIDE_1.18.0/STM32CubeIDE/plugins/com.st.stm32cube.ide.mcu.externaltools.gnu-tools-for-stm32.13.3.rel1.win32_1.0.0.202411081344/tools/bin/../lib/gcc/arm-none-eabi/13.3.1/thumb/v7e-m+fp/hard/crtn.o
                0x20020000                        _estack = (ORIGIN (RAM) + LENGTH (RAM))
                0x00000200                        _Min_Heap_Size = 0x200
                0x00000400                        _Min_Stack_Size = 0x400

.isr_vector     0x08000000      0x1d8
                0x08000000                        . = ALIGN (0x4)
 *(.isr_vector)
 .isr_vector    0x08000000      0x1d8 ./Core/Startup/startup_stm32g474retx.o
                0x08000000                g_pfnVectors
                0x080001d8                        . = ALIGN (0x4)

.text           0x080001e0    0x18104
                0x080001e0                        . = ALIGN (0x4)
 *(.text)
 .text          0x080001e0       0x40 C:/ST/STM32CubeIDE_1.18.0/STM32CubeIDE/plugins/com.st.stm32cube.ide.mcu.externaltools.gnu-tools-for-stm32.13.3.rel1.win32_1.0.0.202411081344/tools/bin/../lib/gcc/arm-none-eabi/13.3.1/thumb/v7e-m+fp/hard/crtbegin.o
 .text          0x08000220       0xa0 C:/ST/STM32CubeIDE_1.18.0/STM32CubeIDE/plugins/com.st.stm32cube.ide.mcu.externaltools.gnu-tools-for-stm32.13.3.rel1.win32_1.0.0.202411081344/tools/bin/../lib/gcc/arm-none-eabi/13.3.1/../../../../arm-none-eabi/lib/thumb/v7e-m+fp/hard\libc_nano.a(libc_a-memchr.o)
                0x08000220                memchr
 .text          0x080002c0       0x10 C:/ST/STM32CubeIDE_1.18.0/STM32CubeIDE/plugins/com.st.stm32cube.ide.mcu.externaltools.gnu-tools-for-stm32.13.3.rel1.win32_1.0.0.202411081344/tools/bin/../lib/gcc/arm-none-eabi/13.3.1/../../../../arm-none-eabi/lib/thumb/v7e-m+fp/hard\libc_nano.a(libc_a-strlen.o)
                0x080002c0                strlen
 .text          0x080002d0      0x378 C:/ST/STM32CubeIDE_1.18.0/STM32CubeIDE/plugins/com.st.stm32cube.ide.mcu.externaltools.gnu-tools-for-stm32.13.3.rel1.win32_1.0.0.202411081344/tools/bin/../lib/gcc/arm-none-eabi/13.3.1/thumb/v7e-m+fp/hard\libgcc.a(_arm_addsubdf3.o)
                0x080002d0                __aeabi_drsub
                0x080002d8                __aeabi_dsub
                0x080002d8                __subdf3
                0x080002dc                __aeabi_dadd
                0x080002dc                __adddf3
                0x08000554                __floatunsidf
                0x08000554                __aeabi_ui2d
                0x08000574                __floatsidf
                0x08000574                __aeabi_i2d
                0x08000598                __aeabi_f2d
                0x08000598                __extendsfdf2
                0x080005dc                __floatundidf
                0x080005dc                __aeabi_ul2d
                0x080005ec                __floatdidf
                0x080005ec                __aeabi_l2d
 .text          0x08000648      0x424 C:/ST/STM32CubeIDE_1.18.0/STM32CubeIDE/plugins/com.st.stm32cube.ide.mcu.externaltools.gnu-tools-for-stm32.13.3.rel1.win32_1.0.0.202411081344/tools/bin/../lib/gcc/arm-none-eabi/13.3.1/thumb/v7e-m+fp/hard\libgcc.a(_arm_muldivdf3.o)
                0x08000648                __aeabi_dmul
                0x08000648                __muldf3
                0x0800089c                __divdf3
                0x0800089c                __aeabi_ddiv
 .text          0x08000a6c      0x110 C:/ST/STM32CubeIDE_1.18.0/STM32CubeIDE/plugins/com.st.stm32cube.ide.mcu.externaltools.gnu-tools-for-stm32.13.3.rel1.win32_1.0.0.202411081344/tools/bin/../lib/gcc/arm-none-eabi/13.3.1/thumb/v7e-m+fp/hard\libgcc.a(_arm_cmpdf2.o)
                0x08000a6c                __gtdf2
                0x08000a6c                __gedf2
                0x08000a74                __ltdf2
                0x08000a74                __ledf2
                0x08000a7c                __nedf2
                0x08000a7c                __eqdf2
                0x08000a7c                __cmpdf2
                0x08000af8                __aeabi_cdrcmple
                0x08000b08                __aeabi_cdcmpeq
                0x08000b08                __aeabi_cdcmple
                0x08000b18                __aeabi_dcmpeq
                0x08000b2c                __aeabi_dcmplt
                0x08000b40                __aeabi_dcmple
                0x08000b54                __aeabi_dcmpge
                0x08000b68                __aeabi_dcmpgt
 .text          0x08000b7c       0x2c C:/ST/STM32CubeIDE_1.18.0/STM32CubeIDE/plugins/com.st.stm32cube.ide.mcu.externaltools.gnu-tools-for-stm32.13.3.rel1.win32_1.0.0.202411081344/tools/bin/../lib/gcc/arm-none-eabi/13.3.1/thumb/v7e-m+fp/hard\libgcc.a(_arm_unorddf2.o)
                0x08000b7c                __unorddf2
                0x08000b7c                __aeabi_dcmpun
 .text          0x08000ba8       0x50 C:/ST/STM32CubeIDE_1.18.0/STM32CubeIDE/plugins/com.st.stm32cube.ide.mcu.externaltools.gnu-tools-for-stm32.13.3.rel1.win32_1.0.0.202411081344/tools/bin/../lib/gcc/arm-none-eabi/13.3.1/thumb/v7e-m+fp/hard\libgcc.a(_arm_fixdfsi.o)
                0x08000ba8                __aeabi_d2iz
                0x08000ba8                __fixdfsi
 .text          0x08000bf8       0x30 C:/ST/STM32CubeIDE_1.18.0/STM32CubeIDE/plugins/com.st.stm32cube.ide.mcu.externaltools.gnu-tools-for-stm32.13.3.rel1.win32_1.0.0.202411081344/tools/bin/../lib/gcc/arm-none-eabi/13.3.1/thumb/v7e-m+fp/hard\libgcc.a(_aeabi_uldivmod.o)
                0x08000bf8                __aeabi_uldivmod
 .text          0x08000c28      0x2f8 C:/ST/STM32CubeIDE_1.18.0/STM32CubeIDE/plugins/com.st.stm32cube.ide.mcu.externaltools.gnu-tools-for-stm32.13.3.rel1.win32_1.0.0.202411081344/tools/bin/../lib/gcc/arm-none-eabi/13.3.1/thumb/v7e-m+fp/hard\libgcc.a(_udivmoddi4.o)
                0x08000c28                __udivmoddi4
 .text          0x08000f20        0x4 C:/ST/STM32CubeIDE_1.18.0/STM32CubeIDE/plugins/com.st.stm32cube.ide.mcu.externaltools.gnu-tools-for-stm32.13.3.rel1.win32_1.0.0.202411081344/tools/bin/../lib/gcc/arm-none-eabi/13.3.1/thumb/v7e-m+fp/hard\libgcc.a(_dvmd_tls.o)
                0x08000f20                __aeabi_idiv0
                0x08000f20                __aeabi_ldiv0
 *(.text*)
 .text.Board1_enter_internal_Normal
                0x08000f24       0xc4 ./Core/Src/Board1.o
 .text.Board1_isSessionhigh
                0x08000fe8        0xe ./Core/Src/Board1.o
 .text.Board1_Check_Timeout_Us
                0x08000ff6       0x1c ./Core/Src/Board1.o
 .text.Board1_Abort_Communication
                0x08001012        0xc ./Core/Src/Board1.o
 .text.Board1_setSTalk
                0x0800101e        0xc ./Core/Src/Board1.o
 .text.Board1_Send_Ping
                0x0800102a        0xc ./Core/Src/Board1.o
 .text.Board1_Get_Timestamp
                0x08001036        0xe ./Core/Src/Board1.o
 .text.Board1_Is_Rx_Finished
                0x08001044        0xe ./Core/Src/Board1.o
 *fill*         0x08001052        0x2 
 .text.Board1_Verify_Ping
                0x08001054       0x1c ./Core/Src/Board1.o
 .text.Board1_Wait_Ping
                0x08001070       0x14 ./Core/Src/Board1.o
 .text.Board1_resetSTalk
                0x08001084        0xc ./Core/Src/Board1.o
 .text.Board1_isMTalkhigh
                0x08001090        0xe ./Core/Src/Board1.o
 .text.Board1_Is_Tx_Finished
                0x0800109e        0xe ./Core/Src/Board1.o
 .text.Board1_stop_motors
                0x080010ac       0xe4 ./Core/Src/Board1.o
 .text.Board1_Send_Decision
                0x08001190       0x14 ./Core/Src/Board1.o
 .text.Board1_exit_internal_Normal
                0x080011a4       0xac ./Core/Src/Board1.o
 .text.Board1_Write_Output
                0x08001250       0x30 ./Core/Src/Board1.o
 .text.Board1_Decision_transmitted
                0x08001280      0x250 ./Core/Src/Board1.o
 .text.Board1_Send_Global_State
                0x080014d0       0x14 ./Core/Src/Board1.o
 .text.Board1_isequal_o
                0x080014e4       0x2e ./Core/Src/Board1.o
 .text.Board1_isequal
                0x08001512      0x280 ./Core/Src/Board1.o
 *fill*         0x08001792        0x2 
 .text.Board1_Wait_Decision
                0x08001794       0x14 ./Core/Src/Board1.o
 .text.Global_Local_state_transmitted
                0x080017a8      0x1dc ./Core/Src/Board1.o
 .text.Board1_Send_Local_State
                0x08001984       0x14 ./Core/Src/Board1.o
 .text.Board1_Wait_Global_State
                0x08001998       0x14 ./Core/Src/Board1.o
 .text.Board_Verify_Decision_Integrity
                0x080019ac       0x14 ./Core/Src/Board1.o
 .text.Board1_Critical_Voltage
                0x080019c0       0x2c ./Core/Src/Board1.o
 .text.Board1_Motor_Error
                0x080019ec       0x6c ./Core/Src/Board1.o
 .text.Board1_Critical_Voltage_Occured
                0x08001a58       0x24 ./Core/Src/Board1.o
 .text.Board1_Motor_Error_Occured
                0x08001a7c       0x24 ./Core/Src/Board1.o
 .text.Board1_Is_Rover_Stationary
                0x08001aa0      0x160 ./Core/Src/Board1.o
 .text.Board1_Pid_Reset
                0x08001c00        0xc ./Core/Src/Board1.o
 .text.Board1_Detect_Limit_Activation
                0x08001c0c       0x74 ./Core/Src/Board1.o
 .text.Board1_Decrease_Max_Vel
                0x08001c80       0x60 ./Core/Src/Board1.o
 .text.Board1_Increase_Max_Vel
                0x08001ce0       0x64 ./Core/Src/Board1.o
 .text.Board1_Emergency_B_Pressed
                0x08001d44       0x3c ./Core/Src/Board1.o
 .text.Board1_Turn_Left
                0x08001d80       0x3c ./Core/Src/Board1.o
 .text.Board1_Turn_Right
                0x08001dbc       0x3c ./Core/Src/Board1.o
 .text.Board1_Update_Angle
                0x08001df8       0x54 ./Core/Src/Board1.o
 .text.Board1_Stop_Motors
                0x08001e4c       0x3c ./Core/Src/Board1.o
 .text.Board1_Emergency_sonar_routine
                0x08001e88      0x3f0 ./Core/Src/Board1.o
 .text.Board1_Near_Obstacle
                0x08002278       0x74 ./Core/Src/Board1.o
 .text.Board1_Stop_B_Pressed
                0x080022ec       0x3c ./Core/Src/Board1.o
 .text.Board1_Process_Evasive_Commands
                0x08002328      0x1f4 ./Core/Src/Board1.o
 .text.Moving_obstacle_from_right_rout
                0x0800251c      0x1f0 ./Core/Src/Board1.o
 .text.Board1_Is_Rover_Moving_Forward
                0x0800270c       0x98 ./Core/Src/Board1.o
 .text.Board1_Emergency_S_Routine
                0x080027a4       0x7c ./Core/Src/Board1.o
 .text.Board1_Mov_Obs_R_Routine
                0x08002820       0x50 ./Core/Src/Board1.o
 .text.Board1_Mov_Obs_L_Routine
                0x08002870       0x50 ./Core/Src/Board1.o
 .text.Board1_Stop_Slow_Routine
                0x080028c0       0x80 ./Core/Src/Board1.o
 .text.Low_Controller_Battery_Routine
                0x08002940       0x34 ./Core/Src/Board1.o
 .text.Board1_Spec_Retro_Routine
                0x08002974       0x48 ./Core/Src/Board1.o
 .text.Board1_Stationary_Obs_Routine
                0x080029bc       0x5c ./Core/Src/Board1.o
 .text.Board1_Process_User_Commands
                0x08002a18      0x1d8 ./Core/Src/Board1.o
 .text.Board1_Turn_Back
                0x08002bf0       0x3c ./Core/Src/Board1.o
 .text.enter_internal_Moving_obstacle_
                0x08002c2c       0x70 ./Core/Src/Board1.o
 .text.enter_internal_Moving_obstacl_f
                0x08002c9c       0x70 ./Core/Src/Board1.o
 .text.Board1_Select_routine
                0x08002d0c      0x1c8 ./Core/Src/Board1.o
 .text.Board1_Special_retro_routine
                0x08002ed4      0x1f4 ./Core/Src/Board1.o
 .text.Board1_Mov_Obs_Right
                0x080030c8       0x3c ./Core/Src/Board1.o
 .text.Board1_Mov_Obs_Left
                0x08003104       0x3c ./Core/Src/Board1.o
 .text.Bo_exit_internal_Normal_routine
                0x08003140       0x80 ./Core/Src/Board1.o
 .text.Board1_Compute_routine
                0x080031c0      0x4bc ./Core/Src/Board1.o
 .text.Board1_Mode_B_Pressed
                0x0800367c       0x54 ./Core/Src/Board1.o
 .text.Board1_Rover_Lights_OFF
                0x080036d0       0x34 ./Core/Src/Board1.o
 .text.Board1_Lights_B_Pressed
                0x08003704       0x54 ./Core/Src/Board1.o
 .text.Board1_Update_Rover_Lights
                0x08003758      0x44c ./Core/Src/Board1.o
 .text.Board1_Rover_Lights_Motor_Error
                0x08003ba4       0x34 ./Core/Src/Board1.o
 .text.Board1_Lights_manager
                0x08003bd8      0x188 ./Core/Src/Board1.o
 .text.Board1_Board_decision
                0x08003d60      0x4a4 ./Core/Src/Board1.o
 .text.Board1_Receive_decision
                0x08004204       0xcc ./Core/Src/Board1.o
 .text.Board1_Verify_Global_Integrity
                0x080042d0       0x14 ./Core/Src/Board1.o
 .text.Board1_Obs_Sonar2
                0x080042e4       0x30 ./Core/Src/Board1.o
 .text.Board1_Check_Timeout_Ms
                0x08004314       0x1c ./Core/Src/Board1.o
 .text.Board1_Obs_Sonar1
                0x08004330       0x30 ./Core/Src/Board1.o
 .text.Board1_Obs_Sonar3
                0x08004360       0x30 ./Core/Src/Board1.o
 .text.Board1_Low_Voltage
                0x08004390       0x30 ./Core/Src/Board1.o
 .text.Board1_High_Temp
                0x080043c0       0x30 ./Core/Src/Board1.o
 .text.Boa_Battery_temperature_manager
                0x080043f0      0x210 ./Core/Src/Board1.o
 .text.Board1_Button2_Pressed
                0x08004600       0x54 ./Core/Src/Board1.o
 .text.Board1_Button1_Pressed
                0x08004654       0x54 ./Core/Src/Board1.o
 .text.Board1_Global_state_compute
                0x080046a8      0x3e4 ./Core/Src/Board1.o
 .text.Board1_Update_Global_State
                0x08004a8c       0xbc ./Core/Src/Board1.o
 .text.Board1_Receive_global_state
                0x08004b48       0xd0 ./Core/Src/Board1.o
 .text.Board1_Verify_State_Integrity
                0x08004c18       0x14 ./Core/Src/Board1.o
 .text.Board1_Wait_State
                0x08004c2c       0x14 ./Core/Src/Board1.o
 .text.Board1_Update_Local_State
                0x08004c40       0x84 ./Core/Src/Board1.o
 .text.Board1_Normal
                0x08004cc4      0x4d4 ./Core/Src/Board1.o
 .text.Board1_Init_Data
                0x08005198       0x9c ./Core/Src/Board1.o
 .text.Board1_step
                0x08005234      0x424 ./Core/Src/Board1.o
                0x08005234                Board1_step
 .text.Board1_initialize
                0x08005658       0x24 ./Core/Src/Board1.o
                0x08005658                Board1_initialize
 .text.MX_ADC1_Init
                0x0800567c       0xf0 ./Core/Src/adc.o
                0x0800567c                MX_ADC1_Init
 .text.HAL_ADC_MspInit
                0x0800576c       0xa8 ./Core/Src/adc.o
                0x0800576c                HAL_ADC_MspInit
 .text.ramp     0x08005814       0xba ./Core/Src/app_freertos.o
 *fill*         0x080058ce        0x2 
 .text.init_encoders_supervision
                0x080058d0       0xa4 ./Core/Src/app_freertos.o
 .text.init_encoders_pid
                0x08005974       0xa0 ./Core/Src/app_freertos.o
 .text.init_motors
                0x08005a14       0x98 ./Core/Src/app_freertos.o
 .text.MX_FREERTOS_Init
                0x08005aac      0x340 ./Core/Src/app_freertos.o
                0x08005aac                MX_FREERTOS_Init
 .text.supervisionTask
                0x08005dec       0x30 ./Core/Src/app_freertos.o
                0x08005dec                supervisionTask
 .text.readSensorsTask
                0x08005e1c      0x2dc ./Core/Src/app_freertos.o
                0x08005e1c                readSensorsTask
 .text.pidTask  0x080060f8      0x49c ./Core/Src/app_freertos.o
                0x080060f8                pidTask
 .text.lightsTask
                0x08006594       0x84 ./Core/Src/app_freertos.o
                0x08006594                lightsTask
 .text.executeSupervision
                0x08006618       0x38 ./Core/Src/app_freertos.o
                0x08006618                executeSupervision
 .text.vApplicationStackOverflowHook
                0x08006650       0x16 ./Core/Src/app_freertos.o
                0x08006650                vApplicationStackOverflowHook
 *fill*         0x08006666        0x2 
 .text.safety_stop_and_halt
                0x08006668       0x90 ./Core/Src/app_freertos.o
                0x08006668                safety_stop_and_halt
 .text.HAL_GPIO_EXTI_Callback
                0x080066f8       0x2c ./Core/Src/app_freertos.o
                0x080066f8                HAL_GPIO_EXTI_Callback
 .text.batt_cfg_channel_
                0x08006724       0x44 ./Core/Src/batt.o
 .text.batt_read_once_
                0x08006768       0x7c ./Core/Src/batt.o
 .text.batt_raw_to_voltage_
                0x080067e4       0x50 ./Core/Src/batt.o
 .text.batt_read_raw_internal_
                0x08006834       0x9c ./Core/Src/batt.o
 .text.batt_init
                0x080068d0       0x7c ./Core/Src/batt.o
                0x080068d0                batt_init
 .text.batt_read_raw_once
                0x0800694c       0x1e ./Core/Src/batt.o
                0x0800694c                batt_read_raw_once
 .text.batt_get_voltage_once
                0x0800696a       0x54 ./Core/Src/batt.o
                0x0800696a                batt_get_voltage_once
 .text.Copy_StateBusB1
                0x080069be       0x6e ./Core/Src/board1_functions.o
 .text.Copy_StateBusB2
                0x08006a2c       0x8e ./Core/Src/board1_functions.o
 .text.Copy_GSBus
                0x08006aba       0x6c ./Core/Src/board1_functions.o
 .text.Copy_DecBus
                0x08006b26       0x76 ./Core/Src/board1_functions.o
 .text.UART_Is_Tx_Complete
                0x08006b9c       0x28 ./Core/Src/board1_functions.o
                0x08006b9c                UART_Is_Tx_Complete
 .text.UART_Is_Rx_Complete
                0x08006bc4       0x28 ./Core/Src/board1_functions.o
                0x08006bc4                UART_Is_Rx_Complete
 .text.UART_Stop_DMA
                0x08006bec       0x14 ./Core/Src/board1_functions.o
                0x08006bec                UART_Stop_DMA
 .text.UART_Send_Local_State
                0x08006c00       0x60 ./Core/Src/board1_functions.o
                0x08006c00                UART_Send_Local_State
 .text.UART_Send_GlobalState
                0x08006c60       0x60 ./Core/Src/board1_functions.o
                0x08006c60                UART_Send_GlobalState
 .text.UART_Send_Decision
                0x08006cc0       0x60 ./Core/Src/board1_functions.o
                0x08006cc0                UART_Send_Decision
 .text.UART_Send_Ping
                0x08006d20       0x20 ./Core/Src/board1_functions.o
                0x08006d20                UART_Send_Ping
 .text.UART_Wait_State
                0x08006d40       0x24 ./Core/Src/board1_functions.o
                0x08006d40                UART_Wait_State
 .text.UART_Wait_GlobalState
                0x08006d64       0x24 ./Core/Src/board1_functions.o
                0x08006d64                UART_Wait_GlobalState
 .text.UART_Wait_Decision
                0x08006d88       0x24 ./Core/Src/board1_functions.o
                0x08006d88                UART_Wait_Decision
 .text.UART_Wait_Ping
                0x08006dac       0x24 ./Core/Src/board1_functions.o
                0x08006dac                UART_Wait_Ping
 .text.UART_Check_Ping
                0x08006dd0       0x22 ./Core/Src/board1_functions.o
                0x08006dd0                UART_Check_Ping
 *fill*         0x08006df2        0x2 
 .text.CRC_Check_State
                0x08006df4       0x64 ./Core/Src/board1_functions.o
                0x08006df4                CRC_Check_State
 .text.CRC_Check_GlobalState
                0x08006e58       0x64 ./Core/Src/board1_functions.o
                0x08006e58                CRC_Check_GlobalState
 .text.CRC_Check_Decision
                0x08006ebc       0x64 ./Core/Src/board1_functions.o
                0x08006ebc                CRC_Check_Decision
 .text.IO_Read_Session
                0x08006f20       0x24 ./Core/Src/board1_functions.o
                0x08006f20                IO_Read_Session
 .text.IO_Set_SlaveTalk
                0x08006f44       0x18 ./Core/Src/board1_functions.o
                0x08006f44                IO_Set_SlaveTalk
 .text.IO_Reset_SlaveTalk
                0x08006f5c       0x18 ./Core/Src/board1_functions.o
                0x08006f5c                IO_Reset_SlaveTalk
 .text.IO_Read_MasterTalk
                0x08006f74       0x24 ./Core/Src/board1_functions.o
                0x08006f74                IO_Read_MasterTalk
 .text.PID_Reset
                0x08006f98       0x30 ./Core/Src/board1_functions.o
                0x08006f98                PID_Reset
 .text.Time_Get_Tick
                0x08006fc8       0x18 ./Core/Src/board1_functions.o
                0x08006fc8                Time_Get_Tick
 .text.Time_Check_Elapsed_us
                0x08006fe0       0x34 ./Core/Src/board1_functions.o
                0x08006fe0                Time_Check_Elapsed_us
 .text.Time_Check_Elapsed_ms
                0x08007014       0x40 ./Core/Src/board1_functions.o
                0x08007014                Time_Check_Elapsed_ms
 .text.OS_Enter_Critical
                0x08007054        0xc ./Core/Src/board1_functions.o
                0x08007054                OS_Enter_Critical
 .text.OS_Exit_Critical
                0x08007060        0xc ./Core/Src/board1_functions.o
                0x08007060                OS_Exit_Critical
 .text.MX_CRC_Init
                0x0800706c       0x44 ./Core/Src/crc.o
                0x0800706c                MX_CRC_Init
 .text.HAL_CRC_MspInit
                0x080070b0       0x40 ./Core/Src/crc.o
                0x080070b0                HAL_CRC_MspInit
 .text.DWD_Init
                0x080070f0       0x4e ./Core/Src/deadline_watchdog.o
                0x080070f0                DWD_Init
 .text.DWD_Notify
                0x0800713e       0x42 ./Core/Src/deadline_watchdog.o
                0x0800713e                DWD_Notify
 .text.DWD_CheckStatus
                0x08007180       0x38 ./Core/Src/deadline_watchdog.o
                0x08007180                DWD_CheckStatus
 .text.MX_DMA_Init
                0x080071b8       0x74 ./Core/Src/dma.o
                0x080071b8                MX_DMA_Init
 .text.encoder_init
                0x0800722c       0x84 ./Core/Src/encoder.o
                0x0800722c                encoder_init
 .text.encoder_readRPM
                0x080072b0      0x1a0 ./Core/Src/encoder.o
                0x080072b0                encoder_readRPM
 .text.MX_GPIO_Init
                0x08007450      0x138 ./Core/Src/gpio.o
                0x08007450                MX_GPIO_Init
 .text.led_init
                0x08007588       0x9e ./Core/Src/led.o
                0x08007588                led_init
 .text.led_write
                0x08007626       0x54 ./Core/Src/led.o
                0x08007626                led_write
 .text.led_on   0x0800767a       0x22 ./Core/Src/led.o
                0x0800767a                led_on
 .text.led_off  0x0800769c       0x22 ./Core/Src/led.o
                0x0800769c                led_off
 *fill*         0x080076be        0x2 
 .text.led_step
                0x080076c0       0xfc ./Core/Src/led.o
                0x080076c0                led_step
 .text.led_mode_off
                0x080077bc       0x4e ./Core/Src/led.o
 .text.led_mode_white
                0x0800780a       0x52 ./Core/Src/led.o
 .text.led_mode_red
                0x0800785c       0x52 ./Core/Src/led.o
 .text.led_mode_blinking_red
                0x080078ae       0x5e ./Core/Src/led.o
 .text.led_mode_blinking_red_slow
                0x0800790c       0x5e ./Core/Src/led.o
 .text.led_mode_blinking_white
                0x0800796a       0x5e ./Core/Src/led.o
 .text.lfsr_next
                0x080079c8       0x48 ./Core/Src/led_stripes.o
 .text.random_rainbow
                0x08007a10       0xcc ./Core/Src/led_stripes.o
 .text.scale8   0x08007adc       0x28 ./Core/Src/led_stripes.o
 .text.led_stripe_init
                0x08007b04       0xa0 ./Core/Src/led_stripes.o
                0x08007b04                led_stripe_init
 .text.rear_led_step
                0x08007ba4      0x134 ./Core/Src/led_stripes.o
                0x08007ba4                rear_led_step
 .text.rear_sign_step
                0x08007cd8       0xec ./Core/Src/led_stripes.o
                0x08007cd8                rear_sign_step
 .text.rear_led_off
                0x08007dc4       0x50 ./Core/Src/led_stripes.o
 .text.rear_sign_off
                0x08007e14       0x50 ./Core/Src/led_stripes.o
 .text.rear_led_special_lights
                0x08007e64       0x54 ./Core/Src/led_stripes.o
 .text.rear_led_emercency_lights
                0x08007eb8       0x9c ./Core/Src/led_stripes.o
 .text.rear_led_degraded_lights
                0x08007f54       0x50 ./Core/Src/led_stripes.o
 .text.rear_led_anim_stop
                0x08007fa4       0x50 ./Core/Src/led_stripes.o
 .text.rear_led_anim_backlights
                0x08007ff4       0xb0 ./Core/Src/led_stripes.o
 .text.rear_led_anim_arrow_right
                0x080080a4      0x158 ./Core/Src/led_stripes.o
 .text.rear_led_anim_arrow_left
                0x080081fc      0x158 ./Core/Src/led_stripes.o
 .text.rear_led_anim_backward
                0x08008354       0x50 ./Core/Src/led_stripes.o
 .text.rear_sign_white
                0x080083a4       0x50 ./Core/Src/led_stripes.o
 .text.rear_sign_red
                0x080083f4       0x50 ./Core/Src/led_stripes.o
 .text.rear_sign_green
                0x08008444       0x50 ./Core/Src/led_stripes.o
 .text.rear_sign_orange
                0x08008494       0x50 ./Core/Src/led_stripes.o
 .text.rear_sign_yellow
                0x080084e4       0x50 ./Core/Src/led_stripes.o
 .text.led_set_RGB
                0x08008534       0x7c ./Core/Src/led_stripes.o
                0x08008534                led_set_RGB
 .text.led_set_RGB_range
                0x080085b0       0x6c ./Core/Src/led_stripes.o
                0x080085b0                led_set_RGB_range
 .text.led_render
                0x0800861c      0x1a4 ./Core/Src/led_stripes.o
                0x0800861c                led_render
 .text.HAL_TIM_PWM_PulseFinishedHalfCpltCallback
                0x080087c0      0x144 ./Core/Src/led_stripes.o
                0x080087c0                HAL_TIM_PWM_PulseFinishedHalfCpltCallback
 .text.HAL_TIM_PWM_PulseFinishedCallback
                0x08008904      0x15c ./Core/Src/led_stripes.o
                0x08008904                HAL_TIM_PWM_PulseFinishedCallback
 .text.main     0x08008a60       0x5c ./Core/Src/main.o
                0x08008a60                main
 .text.SystemClock_Config
                0x08008abc       0x96 ./Core/Src/main.o
                0x08008abc                SystemClock_Config
 *fill*         0x08008b52        0x2 
 .text.HAL_TIM_PeriodElapsedCallback
                0x08008b54       0x30 ./Core/Src/main.o
                0x08008b54                HAL_TIM_PeriodElapsedCallback
 .text.Error_Handler
                0x08008b84        0xc ./Core/Src/main.o
                0x08008b84                Error_Handler
 .text.clip_duty
                0x08008b90       0x26 ./Core/Src/motor.o
 *fill*         0x08008bb6        0x2 
 .text.compute_pwm
                0x08008bb8       0xc8 ./Core/Src/motor.o
 .text.apply_pwm
                0x08008c80       0x86 ./Core/Src/motor.o
 .text.motor_init
                0x08008d06       0x62 ./Core/Src/motor.o
                0x08008d06                motor_init
 .text.motor_set
                0x08008d68       0x4e ./Core/Src/motor.o
                0x08008d68                motor_set
 .text.calculate_iae_shifted
                0x08008db6       0xa8 ./Core/Src/motor_diagnostic.o
 .text.motor_diag_init
                0x08008e5e       0x9e ./Core/Src/motor_diagnostic.o
                0x08008e5e                motor_diag_init
 .text.motor_diag_record
                0x08008efc       0xb8 ./Core/Src/motor_diagnostic.o
                0x08008efc                motor_diag_record
 .text.motor_diag_process
                0x08008fb4       0xaa ./Core/Src/motor_diagnostic.o
                0x08008fb4                motor_diag_process
 .text.PID_Law_init
                0x0800905e       0x50 ./Core/Src/pid_law.o
                0x0800905e                PID_Law_init
 *fill*         0x080090ae        0x2 
 .text.PID_Law_compute
                0x080090b0       0xc4 ./Core/Src/pid_law.o
                0x080090b0                PID_Law_compute
 .text.PID_Law_reset
                0x08009174       0x32 ./Core/Src/pid_law.o
                0x08009174                PID_Law_reset
 *fill*         0x080091a6        0x2 
 .text.HAL_MspInit
                0x080091a8       0x54 ./Core/Src/stm32g4xx_hal_msp.o
                0x080091a8                HAL_MspInit
 .text.HAL_InitTick
                0x080091fc       0xd8 ./Core/Src/stm32g4xx_hal_timebase_tim.o
                0x080091fc                HAL_InitTick
 .text.NMI_Handler
                0x080092d4        0x8 ./Core/Src/stm32g4xx_it.o
                0x080092d4                NMI_Handler
 .text.HardFault_Handler
                0x080092dc        0x8 ./Core/Src/stm32g4xx_it.o
                0x080092dc                HardFault_Handler
 .text.MemManage_Handler
                0x080092e4        0x8 ./Core/Src/stm32g4xx_it.o
                0x080092e4                MemManage_Handler
 .text.BusFault_Handler
                0x080092ec        0x8 ./Core/Src/stm32g4xx_it.o
                0x080092ec                BusFault_Handler
 .text.UsageFault_Handler
                0x080092f4        0x8 ./Core/Src/stm32g4xx_it.o
                0x080092f4                UsageFault_Handler
 .text.DebugMon_Handler
                0x080092fc        0xe ./Core/Src/stm32g4xx_it.o
                0x080092fc                DebugMon_Handler
 *fill*         0x0800930a        0x2 
 .text.DMA1_Channel1_IRQHandler
                0x0800930c       0x14 ./Core/Src/stm32g4xx_it.o
                0x0800930c                DMA1_Channel1_IRQHandler
 .text.DMA1_Channel2_IRQHandler
                0x08009320       0x14 ./Core/Src/stm32g4xx_it.o
                0x08009320                DMA1_Channel2_IRQHandler
 .text.DMA1_Channel3_IRQHandler
                0x08009334       0x14 ./Core/Src/stm32g4xx_it.o
                0x08009334                DMA1_Channel3_IRQHandler
 .text.TIM4_IRQHandler
                0x08009348       0x14 ./Core/Src/stm32g4xx_it.o
                0x08009348                TIM4_IRQHandler
 .text.USART3_IRQHandler
                0x0800935c       0x14 ./Core/Src/stm32g4xx_it.o
                0x0800935c                USART3_IRQHandler
 .text.EXTI15_10_IRQHandler
                0x08009370       0x10 ./Core/Src/stm32g4xx_it.o
                0x08009370                EXTI15_10_IRQHandler
 .text.TIM6_DAC_IRQHandler
                0x08009380       0x14 ./Core/Src/stm32g4xx_it.o
                0x08009380                TIM6_DAC_IRQHandler
 .text.HAL_UART_TxCpltCallback
                0x08009394       0x40 ./Core/Src/stm32g4xx_it.o
                0x08009394                HAL_UART_TxCpltCallback
 .text.HAL_UART_RxCpltCallback
                0x080093d4       0x48 ./Core/Src/stm32g4xx_it.o
                0x080093d4                HAL_UART_RxCpltCallback
 .text._getpid  0x0800941c       0x10 ./Core/Src/syscalls.o
                0x0800941c                _getpid
 .text._kill    0x0800942c       0x20 ./Core/Src/syscalls.o
                0x0800942c                _kill
 .text._exit    0x0800944c       0x16 ./Core/Src/syscalls.o
                0x0800944c                _exit
 .text._read    0x08009462       0x3a ./Core/Src/syscalls.o
                0x08009462                _read
 .text._write   0x0800949c       0x38 ./Core/Src/syscalls.o
                0x0800949c                _write
 .text._close   0x080094d4       0x18 ./Core/Src/syscalls.o
                0x080094d4                _close
 .text._fstat   0x080094ec       0x20 ./Core/Src/syscalls.o
                0x080094ec                _fstat
 .text._isatty  0x0800950c       0x16 ./Core/Src/syscalls.o
                0x0800950c                _isatty
 .text._lseek   0x08009522       0x1a ./Core/Src/syscalls.o
                0x08009522                _lseek
 .text._sbrk    0x0800953c       0x6c ./Core/Src/sysmem.o
                0x0800953c                _sbrk
 .text.SystemInit
                0x080095a8       0x24 ./Core/Src/system_stm32g4xx.o
                0x080095a8                SystemInit
 .text.temp_cfg_channel_
                0x080095cc       0x44 ./Core/Src/temp.o
 .text.temp_read_once_
                0x08009610       0x7c ./Core/Src/temp.o
 .text.temp_raw_to_celsius_
                0x0800968c       0x5c ./Core/Src/temp.o
 .text.temp_read_raw_internal_
                0x080096e8       0x98 ./Core/Src/temp.o
 .text.temp_init
                0x08009780       0x7c ./Core/Src/temp.o
                0x08009780                temp_init
 .text.temp_read_raw_once
                0x080097fc       0x1e ./Core/Src/temp.o
                0x080097fc                temp_read_raw_once
 .text.temp_get_celsius_once
                0x0800981a       0x54 ./Core/Src/temp.o
                0x0800981a                temp_get_celsius_once
 *fill*         0x0800986e        0x2 
 .text.MX_TIM1_Init
                0x08009870       0xb4 ./Core/Src/tim.o
                0x08009870                MX_TIM1_Init
 .text.MX_TIM2_Init
                0x08009924       0x9c ./Core/Src/tim.o
                0x08009924                MX_TIM2_Init
 .text.MX_TIM3_Init
                0x080099c0       0xf8 ./Core/Src/tim.o
                0x080099c0                MX_TIM3_Init
 .text.MX_TIM4_Init
                0x08009ab8       0xa0 ./Core/Src/tim.o
                0x08009ab8                MX_TIM4_Init
 .text.MX_TIM5_Init
                0x08009b58       0xac ./Core/Src/tim.o
                0x08009b58                MX_TIM5_Init
 .text.MX_TIM8_Init
                0x08009c04       0xb4 ./Core/Src/tim.o
                0x08009c04                MX_TIM8_Init
 .text.MX_TIM17_Init
                0x08009cb8       0xf0 ./Core/Src/tim.o
                0x08009cb8                MX_TIM17_Init
 .text.MX_TIM20_Init
                0x08009da8       0xb4 ./Core/Src/tim.o
                0x08009da8                MX_TIM20_Init
 .text.HAL_TIM_Encoder_MspInit
                0x08009e5c      0x1e8 ./Core/Src/tim.o
                0x08009e5c                HAL_TIM_Encoder_MspInit
 .text.HAL_TIM_Base_MspInit
                0x0800a044       0xf4 ./Core/Src/tim.o
                0x0800a044                HAL_TIM_Base_MspInit
 .text.HAL_TIM_PWM_MspInit
                0x0800a138       0x40 ./Core/Src/tim.o
                0x0800a138                HAL_TIM_PWM_MspInit
 .text.HAL_TIM_MspPostInit
                0x0800a178       0xf4 ./Core/Src/tim.o
                0x0800a178                HAL_TIM_MspPostInit
 .text.MX_USART3_UART_Init
                0x0800a26c       0x98 ./Core/Src/usart.o
                0x0800a26c                MX_USART3_UART_Init
 .text.HAL_UART_MspInit
                0x0800a304      0x17c ./Core/Src/usart.o
                0x0800a304                HAL_UART_MspInit
 .text.Reset_Handler
                0x0800a480       0x50 ./Core/Startup/startup_stm32g474retx.o
                0x0800a480                Reset_Handler
 .text.Default_Handler
                0x0800a4d0        0x2 ./Core/Startup/startup_stm32g474retx.o
                0x0800a4d0                RTC_Alarm_IRQHandler
                0x0800a4d0                EXTI2_IRQHandler
                0x0800a4d0                TIM8_TRG_COM_IRQHandler
                0x0800a4d0                TIM8_CC_IRQHandler
                0x0800a4d0                HRTIM1_Master_IRQHandler
                0x0800a4d0                SPI4_IRQHandler
                0x0800a4d0                FDCAN3_IT0_IRQHandler
                0x0800a4d0                TIM1_CC_IRQHandler
                0x0800a4d0                HRTIM1_FLT_IRQHandler
                0x0800a4d0                HRTIM1_TIMF_IRQHandler
                0x0800a4d0                USB_HP_IRQHandler
                0x0800a4d0                CORDIC_IRQHandler
                0x0800a4d0                HRTIM1_TIMD_IRQHandler
                0x0800a4d0                DMA2_Channel8_IRQHandler
                0x0800a4d0                EXTI3_IRQHandler
                0x0800a4d0                I2C3_ER_IRQHandler
                0x0800a4d0                EXTI0_IRQHandler
                0x0800a4d0                I2C2_EV_IRQHandler
                0x0800a4d0                FPU_IRQHandler
                0x0800a4d0                FDCAN1_IT1_IRQHandler
                0x0800a4d0                TIM1_UP_TIM16_IRQHandler
                0x0800a4d0                ADC1_2_IRQHandler
                0x0800a4d0                HRTIM1_TIME_IRQHandler
                0x0800a4d0                SPI1_IRQHandler
                0x0800a4d0                HRTIM1_TIMC_IRQHandler
                0x0800a4d0                TIM8_UP_IRQHandler
                0x0800a4d0                DMA2_Channel2_IRQHandler
                0x0800a4d0                DMA1_Channel4_IRQHandler
                0x0800a4d0                TIM20_TRG_COM_IRQHandler
                0x0800a4d0                DMA1_Channel7_IRQHandler
                0x0800a4d0                UART5_IRQHandler
                0x0800a4d0                ADC3_IRQHandler
                0x0800a4d0                DMA2_Channel1_IRQHandler
                0x0800a4d0                QUADSPI_IRQHandler
                0x0800a4d0                I2C1_EV_IRQHandler
                0x0800a4d0                DMA1_Channel6_IRQHandler
                0x0800a4d0                UART4_IRQHandler
                0x0800a4d0                DMA2_Channel4_IRQHandler
                0x0800a4d0                TIM3_IRQHandler
                0x0800a4d0                RCC_IRQHandler
                0x0800a4d0                TIM20_UP_IRQHandler
                0x0800a4d0                Default_Handler
                0x0800a4d0                DMA2_Channel7_IRQHandler
                0x0800a4d0                RTC_TAMP_LSECSS_IRQHandler
                0x0800a4d0                FMAC_IRQHandler
                0x0800a4d0                DMA1_Channel8_IRQHandler
                0x0800a4d0                HRTIM1_TIMA_IRQHandler
                0x0800a4d0                TIM7_DAC_IRQHandler
                0x0800a4d0                FDCAN3_IT1_IRQHandler
                0x0800a4d0                TIM5_IRQHandler
                0x0800a4d0                UCPD1_IRQHandler
                0x0800a4d0                I2C3_EV_IRQHandler
                0x0800a4d0                EXTI9_5_IRQHandler
                0x0800a4d0                RTC_WKUP_IRQHandler
                0x0800a4d0                PVD_PVM_IRQHandler
                0x0800a4d0                SPI2_IRQHandler
                0x0800a4d0                ADC5_IRQHandler
                0x0800a4d0                DMA2_Channel5_IRQHandler
                0x0800a4d0                CRS_IRQHandler
                0x0800a4d0                DMA1_Channel5_IRQHandler
                0x0800a4d0                USB_LP_IRQHandler
                0x0800a4d0                EXTI4_IRQHandler
                0x0800a4d0                RNG_IRQHandler
                0x0800a4d0                HRTIM1_TIMB_IRQHandler
                0x0800a4d0                TIM1_TRG_COM_TIM17_IRQHandler
                0x0800a4d0                FDCAN2_IT1_IRQHandler
                0x0800a4d0                ADC4_IRQHandler
                0x0800a4d0                WWDG_IRQHandler
                0x0800a4d0                I2C4_EV_IRQHandler
                0x0800a4d0                FDCAN2_IT0_IRQHandler
                0x0800a4d0                LPUART1_IRQHandler
                0x0800a4d0                DMA2_Channel6_IRQHandler
                0x0800a4d0                FDCAN1_IT0_IRQHandler
                0x0800a4d0                TIM2_IRQHandler
                0x0800a4d0                COMP7_IRQHandler
                0x0800a4d0                COMP1_2_3_IRQHandler
                0x0800a4d0                EXTI1_IRQHandler
                0x0800a4d0                USART2_IRQHandler
                0x0800a4d0                COMP4_5_6_IRQHandler
                0x0800a4d0                TIM20_BRK_IRQHandler
                0x0800a4d0                I2C2_ER_IRQHandler
                0x0800a4d0                TIM8_BRK_IRQHandler
                0x0800a4d0                FLASH_IRQHandler
                0x0800a4d0                TIM20_CC_IRQHandler
                0x0800a4d0                USART1_IRQHandler
                0x0800a4d0                SPI3_IRQHandler
                0x0800a4d0                I2C1_ER_IRQHandler
                0x0800a4d0                FMC_IRQHandler
                0x0800a4d0                LPTIM1_IRQHandler
                0x0800a4d0                DMAMUX_OVR_IRQHandler
                0x0800a4d0                I2C4_ER_IRQHandler
                0x0800a4d0                USBWakeUp_IRQHandler
                0x0800a4d0                SAI1_IRQHandler
                0x0800a4d0                DMA2_Channel3_IRQHandler
                0x0800a4d0                TIM1_BRK_TIM15_IRQHandler
 .text.HAL_Init
                0x0800a4d2       0x30 ./Drivers/STM32G4xx_HAL_Driver/Src/stm32g4xx_hal.o
                0x0800a4d2                HAL_Init
 *fill*         0x0800a502        0x2 
 .text.HAL_IncTick
                0x0800a504       0x24 ./Drivers/STM32G4xx_HAL_Driver/Src/stm32g4xx_hal.o
                0x0800a504                HAL_IncTick
 .text.HAL_GetTick
                0x0800a528       0x18 ./Drivers/STM32G4xx_HAL_Driver/Src/stm32g4xx_hal.o
                0x0800a528                HAL_GetTick
 .text.LL_ADC_SetCommonClock
                0x0800a540       0x26 ./Drivers/STM32G4xx_HAL_Driver/Src/stm32g4xx_hal_adc.o
 .text.LL_ADC_SetCommonPathInternalCh
                0x0800a566       0x26 ./Drivers/STM32G4xx_HAL_Driver/Src/stm32g4xx_hal_adc.o
 .text.LL_ADC_GetCommonPathInternalCh
                0x0800a58c       0x1c ./Drivers/STM32G4xx_HAL_Driver/Src/stm32g4xx_hal_adc.o
 .text.LL_ADC_SetOffset
                0x0800a5a8       0x48 ./Drivers/STM32G4xx_HAL_Driver/Src/stm32g4xx_hal_adc.o
 .text.LL_ADC_GetOffsetChannel
                0x0800a5f0       0x2c ./Drivers/STM32G4xx_HAL_Driver/Src/stm32g4xx_hal_adc.o
 .text.LL_ADC_SetOffsetState
                0x0800a61c       0x36 ./Drivers/STM32G4xx_HAL_Driver/Src/stm32g4xx_hal_adc.o
 .text.LL_ADC_SetOffsetSign
                0x0800a652       0x36 ./Drivers/STM32G4xx_HAL_Driver/Src/stm32g4xx_hal_adc.o
 .text.LL_ADC_SetOffsetSaturation
                0x0800a688       0x36 ./Drivers/STM32G4xx_HAL_Driver/Src/stm32g4xx_hal_adc.o
 .text.LL_ADC_SetSamplingTimeCommonConfig
                0x0800a6be       0x26 ./Drivers/STM32G4xx_HAL_Driver/Src/stm32g4xx_hal_adc.o
 .text.LL_ADC_REG_IsTriggerSourceSWStart
                0x0800a6e4       0x26 ./Drivers/STM32G4xx_HAL_Driver/Src/stm32g4xx_hal_adc.o
 .text.LL_ADC_REG_SetSequencerRanks
                0x0800a70a       0x58 ./Drivers/STM32G4xx_HAL_Driver/Src/stm32g4xx_hal_adc.o
 .text.LL_ADC_SetChannelSamplingTime
                0x0800a762       0x56 ./Drivers/STM32G4xx_HAL_Driver/Src/stm32g4xx_hal_adc.o
 .text.LL_ADC_SetChannelSingleDiff
                0x0800a7b8       0x48 ./Drivers/STM32G4xx_HAL_Driver/Src/stm32g4xx_hal_adc.o
 .text.LL_ADC_GetMultimode
                0x0800a800       0x1c ./Drivers/STM32G4xx_HAL_Driver/Src/stm32g4xx_hal_adc.o
 .text.LL_ADC_GetMultiDMATransfer
                0x0800a81c       0x1c ./Drivers/STM32G4xx_HAL_Driver/Src/stm32g4xx_hal_adc.o
 .text.LL_ADC_DisableDeepPowerDown
                0x0800a838       0x24 ./Drivers/STM32G4xx_HAL_Driver/Src/stm32g4xx_hal_adc.o
 .text.LL_ADC_IsDeepPowerDownEnabled
                0x0800a85c       0x28 ./Drivers/STM32G4xx_HAL_Driver/Src/stm32g4xx_hal_adc.o
 .text.LL_ADC_EnableInternalRegulator
                0x0800a884       0x28 ./Drivers/STM32G4xx_HAL_Driver/Src/stm32g4xx_hal_adc.o
 .text.LL_ADC_IsInternalRegulatorEnabled
                0x0800a8ac       0x28 ./Drivers/STM32G4xx_HAL_Driver/Src/stm32g4xx_hal_adc.o
 .text.LL_ADC_Enable
                0x0800a8d4       0x28 ./Drivers/STM32G4xx_HAL_Driver/Src/stm32g4xx_hal_adc.o
 .text.LL_ADC_Disable
                0x0800a8fc       0x28 ./Drivers/STM32G4xx_HAL_Driver/Src/stm32g4xx_hal_adc.o
 .text.LL_ADC_IsEnabled
                0x0800a924       0x26 ./Drivers/STM32G4xx_HAL_Driver/Src/stm32g4xx_hal_adc.o
 .text.LL_ADC_IsDisableOngoing
                0x0800a94a       0x26 ./Drivers/STM32G4xx_HAL_Driver/Src/stm32g4xx_hal_adc.o
 .text.LL_ADC_REG_StartConversion
                0x0800a970       0x28 ./Drivers/STM32G4xx_HAL_Driver/Src/stm32g4xx_hal_adc.o
 .text.LL_ADC_REG_StopConversion
                0x0800a998       0x28 ./Drivers/STM32G4xx_HAL_Driver/Src/stm32g4xx_hal_adc.o
 .text.LL_ADC_REG_IsConversionOngoing
                0x0800a9c0       0x26 ./Drivers/STM32G4xx_HAL_Driver/Src/stm32g4xx_hal_adc.o
 .text.LL_ADC_INJ_StopConversion
                0x0800a9e6       0x28 ./Drivers/STM32G4xx_HAL_Driver/Src/stm32g4xx_hal_adc.o
 .text.LL_ADC_INJ_IsConversionOngoing
                0x0800aa0e       0x26 ./Drivers/STM32G4xx_HAL_Driver/Src/stm32g4xx_hal_adc.o
 .text.HAL_ADC_Init
                0x0800aa34      0x378 ./Drivers/STM32G4xx_HAL_Driver/Src/stm32g4xx_hal_adc.o
                0x0800aa34                HAL_ADC_Init
 .text.HAL_ADC_Start
                0x0800adac      0x1c8 ./Drivers/STM32G4xx_HAL_Driver/Src/stm32g4xx_hal_adc.o
                0x0800adac                HAL_ADC_Start
 .text.HAL_ADC_Stop
                0x0800af74       0x66 ./Drivers/STM32G4xx_HAL_Driver/Src/stm32g4xx_hal_adc.o
                0x0800af74                HAL_ADC_Stop
 *fill*         0x0800afda        0x2 
 .text.HAL_ADC_PollForConversion
                0x0800afdc      0x20c ./Drivers/STM32G4xx_HAL_Driver/Src/stm32g4xx_hal_adc.o
                0x0800afdc                HAL_ADC_PollForConversion
 .text.HAL_ADC_GetValue
                0x0800b1e8       0x1a ./Drivers/STM32G4xx_HAL_Driver/Src/stm32g4xx_hal_adc.o
                0x0800b1e8                HAL_ADC_GetValue
 *fill*         0x0800b202        0x2 
 .text.HAL_ADC_ConfigChannel
                0x0800b204      0x880 ./Drivers/STM32G4xx_HAL_Driver/Src/stm32g4xx_hal_adc.o
                0x0800b204                HAL_ADC_ConfigChannel
 .text.ADC_ConversionStop
                0x0800ba84      0x178 ./Drivers/STM32G4xx_HAL_Driver/Src/stm32g4xx_hal_adc.o
                0x0800ba84                ADC_ConversionStop
 .text.ADC_Enable
                0x0800bbfc      0x12c ./Drivers/STM32G4xx_HAL_Driver/Src/stm32g4xx_hal_adc.o
                0x0800bbfc                ADC_Enable
 .text.ADC_Disable
                0x0800bd28       0xbe ./Drivers/STM32G4xx_HAL_Driver/Src/stm32g4xx_hal_adc.o
                0x0800bd28                ADC_Disable
 .text.LL_ADC_IsEnabled
                0x0800bde6       0x26 ./Drivers/STM32G4xx_HAL_Driver/Src/stm32g4xx_hal_adc_ex.o
 .text.LL_ADC_StartCalibration
                0x0800be0c       0x32 ./Drivers/STM32G4xx_HAL_Driver/Src/stm32g4xx_hal_adc_ex.o
 .text.LL_ADC_IsCalibrationOnGoing
                0x0800be3e       0x28 ./Drivers/STM32G4xx_HAL_Driver/Src/stm32g4xx_hal_adc_ex.o
 .text.LL_ADC_REG_IsConversionOngoing
                0x0800be66       0x26 ./Drivers/STM32G4xx_HAL_Driver/Src/stm32g4xx_hal_adc_ex.o
 .text.HAL_ADCEx_Calibration_Start
                0x0800be8c       0xc4 ./Drivers/STM32G4xx_HAL_Driver/Src/stm32g4xx_hal_adc_ex.o
                0x0800be8c                HAL_ADCEx_Calibration_Start
 .text.HAL_ADCEx_MultiModeConfigChannel
                0x0800bf50      0x210 ./Drivers/STM32G4xx_HAL_Driver/Src/stm32g4xx_hal_adc_ex.o
                0x0800bf50                HAL_ADCEx_MultiModeConfigChannel
 .text.__NVIC_SetPriorityGrouping
                0x0800c160       0x48 ./Drivers/STM32G4xx_HAL_Driver/Src/stm32g4xx_hal_cortex.o
 .text.__NVIC_GetPriorityGrouping
                0x0800c1a8       0x1c ./Drivers/STM32G4xx_HAL_Driver/Src/stm32g4xx_hal_cortex.o
 .text.__NVIC_EnableIRQ
                0x0800c1c4       0x3c ./Drivers/STM32G4xx_HAL_Driver/Src/stm32g4xx_hal_cortex.o
 .text.__NVIC_SetPriority
                0x0800c200       0x54 ./Drivers/STM32G4xx_HAL_Driver/Src/stm32g4xx_hal_cortex.o
 .text.NVIC_EncodePriority
                0x0800c254       0x66 ./Drivers/STM32G4xx_HAL_Driver/Src/stm32g4xx_hal_cortex.o
 .text.HAL_NVIC_SetPriorityGrouping
                0x0800c2ba       0x16 ./Drivers/STM32G4xx_HAL_Driver/Src/stm32g4xx_hal_cortex.o
                0x0800c2ba                HAL_NVIC_SetPriorityGrouping
 .text.HAL_NVIC_SetPriority
                0x0800c2d0       0x34 ./Drivers/STM32G4xx_HAL_Driver/Src/stm32g4xx_hal_cortex.o
                0x0800c2d0                HAL_NVIC_SetPriority
 .text.HAL_NVIC_EnableIRQ
                0x0800c304       0x1c ./Drivers/STM32G4xx_HAL_Driver/Src/stm32g4xx_hal_cortex.o
                0x0800c304                HAL_NVIC_EnableIRQ
 .text.HAL_CRC_Init
                0x0800c320       0xc8 ./Drivers/STM32G4xx_HAL_Driver/Src/stm32g4xx_hal_crc.o
                0x0800c320                HAL_CRC_Init
 .text.HAL_CRC_Calculate
                0x0800c3e8       0x98 ./Drivers/STM32G4xx_HAL_Driver/Src/stm32g4xx_hal_crc.o
                0x0800c3e8                HAL_CRC_Calculate
 .text.CRC_Handle_8
                0x0800c480      0x120 ./Drivers/STM32G4xx_HAL_Driver/Src/stm32g4xx_hal_crc.o
 .text.CRC_Handle_16
                0x0800c5a0       0x74 ./Drivers/STM32G4xx_HAL_Driver/Src/stm32g4xx_hal_crc.o
 .text.HAL_CRCEx_Polynomial_Set
                0x0800c614      0x11c ./Drivers/STM32G4xx_HAL_Driver/Src/stm32g4xx_hal_crc_ex.o
                0x0800c614                HAL_CRCEx_Polynomial_Set
 .text.HAL_DMA_Init
                0x0800c730      0x150 ./Drivers/STM32G4xx_HAL_Driver/Src/stm32g4xx_hal_dma.o
                0x0800c730                HAL_DMA_Init
 .text.HAL_DMA_Start_IT
                0x0800c880       0xf6 ./Drivers/STM32G4xx_HAL_Driver/Src/stm32g4xx_hal_dma.o
                0x0800c880                HAL_DMA_Start_IT
 .text.HAL_DMA_Abort
                0x0800c976       0xb2 ./Drivers/STM32G4xx_HAL_Driver/Src/stm32g4xx_hal_dma.o
                0x0800c976                HAL_DMA_Abort
 .text.HAL_DMA_Abort_IT
                0x0800ca28       0xce ./Drivers/STM32G4xx_HAL_Driver/Src/stm32g4xx_hal_dma.o
                0x0800ca28                HAL_DMA_Abort_IT
 .text.HAL_DMA_IRQHandler
                0x0800caf6      0x15e ./Drivers/STM32G4xx_HAL_Driver/Src/stm32g4xx_hal_dma.o
                0x0800caf6                HAL_DMA_IRQHandler
 .text.HAL_DMA_GetError
                0x0800cc54       0x18 ./Drivers/STM32G4xx_HAL_Driver/Src/stm32g4xx_hal_dma.o
                0x0800cc54                HAL_DMA_GetError
 .text.DMA_SetConfig
                0x0800cc6c       0x7c ./Drivers/STM32G4xx_HAL_Driver/Src/stm32g4xx_hal_dma.o
 .text.DMA_CalcDMAMUXChannelBaseAndMask
                0x0800cce8       0x7c ./Drivers/STM32G4xx_HAL_Driver/Src/stm32g4xx_hal_dma.o
 .text.DMA_CalcDMAMUXRequestGenBaseAndMask
                0x0800cd64       0x48 ./Drivers/STM32G4xx_HAL_Driver/Src/stm32g4xx_hal_dma.o
 .text.HAL_GPIO_Init
                0x0800cdac      0x304 ./Drivers/STM32G4xx_HAL_Driver/Src/stm32g4xx_hal_gpio.o
                0x0800cdac                HAL_GPIO_Init
 .text.HAL_GPIO_ReadPin
                0x0800d0b0       0x30 ./Drivers/STM32G4xx_HAL_Driver/Src/stm32g4xx_hal_gpio.o
                0x0800d0b0                HAL_GPIO_ReadPin
 .text.HAL_GPIO_WritePin
                0x0800d0e0       0x30 ./Drivers/STM32G4xx_HAL_Driver/Src/stm32g4xx_hal_gpio.o
                0x0800d0e0                HAL_GPIO_WritePin
 .text.HAL_GPIO_EXTI_IRQHandler
                0x0800d110       0x30 ./Drivers/STM32G4xx_HAL_Driver/Src/stm32g4xx_hal_gpio.o
                0x0800d110                HAL_GPIO_EXTI_IRQHandler
 .text.HAL_PWREx_ControlVoltageScaling
                0x0800d140      0x148 ./Drivers/STM32G4xx_HAL_Driver/Src/stm32g4xx_hal_pwr_ex.o
                0x0800d140                HAL_PWREx_ControlVoltageScaling
 .text.HAL_PWREx_DisableUCPDDeadBattery
                0x0800d288       0x20 ./Drivers/STM32G4xx_HAL_Driver/Src/stm32g4xx_hal_pwr_ex.o
                0x0800d288                HAL_PWREx_DisableUCPDDeadBattery
 .text.HAL_RCC_OscConfig
                0x0800d2a8      0x624 ./Drivers/STM32G4xx_HAL_Driver/Src/stm32g4xx_hal_rcc.o
                0x0800d2a8                HAL_RCC_OscConfig
 .text.HAL_RCC_ClockConfig
                0x0800d8cc      0x278 ./Drivers/STM32G4xx_HAL_Driver/Src/stm32g4xx_hal_rcc.o
                0x0800d8cc                HAL_RCC_ClockConfig
 .text.HAL_RCC_GetSysClockFreq
                0x0800db44       0xc4 ./Drivers/STM32G4xx_HAL_Driver/Src/stm32g4xx_hal_rcc.o
                0x0800db44                HAL_RCC_GetSysClockFreq
 .text.HAL_RCC_GetHCLKFreq
                0x0800dc08       0x18 ./Drivers/STM32G4xx_HAL_Driver/Src/stm32g4xx_hal_rcc.o
                0x0800dc08                HAL_RCC_GetHCLKFreq
 .text.HAL_RCC_GetPCLK1Freq
                0x0800dc20       0x2c ./Drivers/STM32G4xx_HAL_Driver/Src/stm32g4xx_hal_rcc.o
                0x0800dc20                HAL_RCC_GetPCLK1Freq
 .text.HAL_RCC_GetPCLK2Freq
                0x0800dc4c       0x2c ./Drivers/STM32G4xx_HAL_Driver/Src/stm32g4xx_hal_rcc.o
                0x0800dc4c                HAL_RCC_GetPCLK2Freq
 .text.HAL_RCC_GetClockConfig
                0x0800dc78       0x64 ./Drivers/STM32G4xx_HAL_Driver/Src/stm32g4xx_hal_rcc.o
                0x0800dc78                HAL_RCC_GetClockConfig
 .text.RCC_GetSysClockFreqFromPLLSource
                0x0800dcdc       0x8c ./Drivers/STM32G4xx_HAL_Driver/Src/stm32g4xx_hal_rcc.o
 .text.HAL_RCCEx_PeriphCLKConfig
                0x0800dd68      0x49c ./Drivers/STM32G4xx_HAL_Driver/Src/stm32g4xx_hal_rcc_ex.o
                0x0800dd68                HAL_RCCEx_PeriphCLKConfig
 .text.HAL_TIM_Base_Init
                0x0800e204       0xae ./Drivers/STM32G4xx_HAL_Driver/Src/stm32g4xx_hal_tim.o
                0x0800e204                HAL_TIM_Base_Init
 *fill*         0x0800e2b2        0x2 
 .text.HAL_TIM_Base_Start
                0x0800e2b4       0xe0 ./Drivers/STM32G4xx_HAL_Driver/Src/stm32g4xx_hal_tim.o
                0x0800e2b4                HAL_TIM_Base_Start
 .text.HAL_TIM_Base_Stop
                0x0800e394       0x4e ./Drivers/STM32G4xx_HAL_Driver/Src/stm32g4xx_hal_tim.o
                0x0800e394                HAL_TIM_Base_Stop
 *fill*         0x0800e3e2        0x2 
 .text.HAL_TIM_Base_Start_IT
                0x0800e3e4       0xf0 ./Drivers/STM32G4xx_HAL_Driver/Src/stm32g4xx_hal_tim.o
                0x0800e3e4                HAL_TIM_Base_Start_IT
 .text.HAL_TIM_Base_Stop_IT
                0x0800e4d4       0x5e ./Drivers/STM32G4xx_HAL_Driver/Src/stm32g4xx_hal_tim.o
                0x0800e4d4                HAL_TIM_Base_Stop_IT
 .text.HAL_TIM_PWM_Init
                0x0800e532       0xae ./Drivers/STM32G4xx_HAL_Driver/Src/stm32g4xx_hal_tim.o
                0x0800e532                HAL_TIM_PWM_Init
 .text.HAL_TIM_PWM_Start
                0x0800e5e0      0x224 ./Drivers/STM32G4xx_HAL_Driver/Src/stm32g4xx_hal_tim.o
                0x0800e5e0                HAL_TIM_PWM_Start
 .text.HAL_TIM_PWM_Stop
                0x0800e804      0x138 ./Drivers/STM32G4xx_HAL_Driver/Src/stm32g4xx_hal_tim.o
                0x0800e804                HAL_TIM_PWM_Stop
 .text.HAL_TIM_PWM_Start_DMA
                0x0800e93c      0x458 ./Drivers/STM32G4xx_HAL_Driver/Src/stm32g4xx_hal_tim.o
                0x0800e93c                HAL_TIM_PWM_Start_DMA
 .text.HAL_TIM_PWM_Stop_DMA
                0x0800ed94      0x1fc ./Drivers/STM32G4xx_HAL_Driver/Src/stm32g4xx_hal_tim.o
                0x0800ed94                HAL_TIM_PWM_Stop_DMA
 .text.HAL_TIM_Encoder_Init
                0x0800ef90      0x14c ./Drivers/STM32G4xx_HAL_Driver/Src/stm32g4xx_hal_tim.o
                0x0800ef90                HAL_TIM_Encoder_Init
 .text.HAL_TIM_Encoder_Start
                0x0800f0dc      0x11c ./Drivers/STM32G4xx_HAL_Driver/Src/stm32g4xx_hal_tim.o
                0x0800f0dc                HAL_TIM_Encoder_Start
 .text.HAL_TIM_IRQHandler
                0x0800f1f8      0x29e ./Drivers/STM32G4xx_HAL_Driver/Src/stm32g4xx_hal_tim.o
                0x0800f1f8                HAL_TIM_IRQHandler
 *fill*         0x0800f496        0x2 
 .text.HAL_TIM_PWM_ConfigChannel
                0x0800f498      0x228 ./Drivers/STM32G4xx_HAL_Driver/Src/stm32g4xx_hal_tim.o
                0x0800f498                HAL_TIM_PWM_ConfigChannel
 .text.HAL_TIM_ConfigClockSource
                0x0800f6c0      0x22c ./Drivers/STM32G4xx_HAL_Driver/Src/stm32g4xx_hal_tim.o
                0x0800f6c0                HAL_TIM_ConfigClockSource
 .text.HAL_TIM_OC_DelayElapsedCallback
                0x0800f8ec       0x14 ./Drivers/STM32G4xx_HAL_Driver/Src/stm32g4xx_hal_tim.o
                0x0800f8ec                HAL_TIM_OC_DelayElapsedCallback
 .text.HAL_TIM_IC_CaptureCallback
                0x0800f900       0x14 ./Drivers/STM32G4xx_HAL_Driver/Src/stm32g4xx_hal_tim.o
                0x0800f900                HAL_TIM_IC_CaptureCallback
 .text.HAL_TIM_TriggerCallback
                0x0800f914       0x14 ./Drivers/STM32G4xx_HAL_Driver/Src/stm32g4xx_hal_tim.o
                0x0800f914                HAL_TIM_TriggerCallback
 .text.HAL_TIM_ErrorCallback
                0x0800f928       0x14 ./Drivers/STM32G4xx_HAL_Driver/Src/stm32g4xx_hal_tim.o
                0x0800f928                HAL_TIM_ErrorCallback
 .text.TIM_DMAError
                0x0800f93c       0x92 ./Drivers/STM32G4xx_HAL_Driver/Src/stm32g4xx_hal_tim.o
                0x0800f93c                TIM_DMAError
 .text.TIM_DMADelayPulseCplt
                0x0800f9ce       0xa8 ./Drivers/STM32G4xx_HAL_Driver/Src/stm32g4xx_hal_tim.o
 .text.TIM_DMADelayPulseHalfCplt
                0x0800fa76       0x68 ./Drivers/STM32G4xx_HAL_Driver/Src/stm32g4xx_hal_tim.o
                0x0800fa76                TIM_DMADelayPulseHalfCplt
 *fill*         0x0800fade        0x2 
 .text.TIM_Base_SetConfig
                0x0800fae0      0x168 ./Drivers/STM32G4xx_HAL_Driver/Src/stm32g4xx_hal_tim.o
                0x0800fae0                TIM_Base_SetConfig
 .text.TIM_OC1_SetConfig
                0x0800fc48      0x134 ./Drivers/STM32G4xx_HAL_Driver/Src/stm32g4xx_hal_tim.o
 .text.TIM_OC2_SetConfig
                0x0800fd7c      0x128 ./Drivers/STM32G4xx_HAL_Driver/Src/stm32g4xx_hal_tim.o
                0x0800fd7c                TIM_OC2_SetConfig
 .text.TIM_OC3_SetConfig
                0x0800fea4      0x124 ./Drivers/STM32G4xx_HAL_Driver/Src/stm32g4xx_hal_tim.o
 .text.TIM_OC4_SetConfig
                0x0800ffc8      0x128 ./Drivers/STM32G4xx_HAL_Driver/Src/stm32g4xx_hal_tim.o
 .text.TIM_OC5_SetConfig
                0x080100f0       0xd4 ./Drivers/STM32G4xx_HAL_Driver/Src/stm32g4xx_hal_tim.o
 .text.TIM_OC6_SetConfig
                0x080101c4       0xd8 ./Drivers/STM32G4xx_HAL_Driver/Src/stm32g4xx_hal_tim.o
 .text.TIM_TI1_ConfigInputStage
                0x0801029c       0x5e ./Drivers/STM32G4xx_HAL_Driver/Src/stm32g4xx_hal_tim.o
 .text.TIM_TI2_ConfigInputStage
                0x080102fa       0x60 ./Drivers/STM32G4xx_HAL_Driver/Src/stm32g4xx_hal_tim.o
 .text.TIM_ITRx_SetConfig
                0x0801035a       0x3a ./Drivers/STM32G4xx_HAL_Driver/Src/stm32g4xx_hal_tim.o
 .text.TIM_ETR_SetConfig
                0x08010394       0x40 ./Drivers/STM32G4xx_HAL_Driver/Src/stm32g4xx_hal_tim.o
                0x08010394                TIM_ETR_SetConfig
 .text.TIM_CCxChannelCmd
                0x080103d4       0x4a ./Drivers/STM32G4xx_HAL_Driver/Src/stm32g4xx_hal_tim.o
                0x080103d4                TIM_CCxChannelCmd
 *fill*         0x0801041e        0x2 
 .text.HAL_TIMEx_MasterConfigSynchronization
                0x08010420      0x12c ./Drivers/STM32G4xx_HAL_Driver/Src/stm32g4xx_hal_tim_ex.o
                0x08010420                HAL_TIMEx_MasterConfigSynchronization
 .text.HAL_TIMEx_ConfigBreakDeadTime
                0x0801054c      0x128 ./Drivers/STM32G4xx_HAL_Driver/Src/stm32g4xx_hal_tim_ex.o
                0x0801054c                HAL_TIMEx_ConfigBreakDeadTime
 .text.HAL_TIMEx_CommutCallback
                0x08010674       0x14 ./Drivers/STM32G4xx_HAL_Driver/Src/stm32g4xx_hal_tim_ex.o
                0x08010674                HAL_TIMEx_CommutCallback
 .text.HAL_TIMEx_BreakCallback
                0x08010688       0x14 ./Drivers/STM32G4xx_HAL_Driver/Src/stm32g4xx_hal_tim_ex.o
                0x08010688                HAL_TIMEx_BreakCallback
 .text.HAL_TIMEx_Break2Callback
                0x0801069c       0x14 ./Drivers/STM32G4xx_HAL_Driver/Src/stm32g4xx_hal_tim_ex.o
                0x0801069c                HAL_TIMEx_Break2Callback
 .text.HAL_TIMEx_EncoderIndexCallback
                0x080106b0       0x14 ./Drivers/STM32G4xx_HAL_Driver/Src/stm32g4xx_hal_tim_ex.o
                0x080106b0                HAL_TIMEx_EncoderIndexCallback
 .text.HAL_TIMEx_DirectionChangeCallback
                0x080106c4       0x14 ./Drivers/STM32G4xx_HAL_Driver/Src/stm32g4xx_hal_tim_ex.o
                0x080106c4                HAL_TIMEx_DirectionChangeCallback
 .text.HAL_TIMEx_IndexErrorCallback
                0x080106d8       0x14 ./Drivers/STM32G4xx_HAL_Driver/Src/stm32g4xx_hal_tim_ex.o
                0x080106d8                HAL_TIMEx_IndexErrorCallback
 .text.HAL_TIMEx_TransitionErrorCallback
                0x080106ec       0x14 ./Drivers/STM32G4xx_HAL_Driver/Src/stm32g4xx_hal_tim_ex.o
                0x080106ec                HAL_TIMEx_TransitionErrorCallback
 .text.HAL_HalfDuplex_Init
                0x08010700       0xb0 ./Drivers/STM32G4xx_HAL_Driver/Src/stm32g4xx_hal_uart.o
                0x08010700                HAL_HalfDuplex_Init
 .text.HAL_UART_Transmit_DMA
                0x080107b0      0x100 ./Drivers/STM32G4xx_HAL_Driver/Src/stm32g4xx_hal_uart.o
                0x080107b0                HAL_UART_Transmit_DMA
 .text.HAL_UART_Receive_DMA
                0x080108b0       0x98 ./Drivers/STM32G4xx_HAL_Driver/Src/stm32g4xx_hal_uart.o
                0x080108b0                HAL_UART_Receive_DMA
 .text.HAL_UART_DMAStop
                0x08010948      0x12c ./Drivers/STM32G4xx_HAL_Driver/Src/stm32g4xx_hal_uart.o
                0x08010948                HAL_UART_DMAStop
 .text.HAL_UART_IRQHandler
                0x08010a74      0x684 ./Drivers/STM32G4xx_HAL_Driver/Src/stm32g4xx_hal_uart.o
                0x08010a74                HAL_UART_IRQHandler
 .text.HAL_UART_TxHalfCpltCallback
                0x080110f8       0x14 ./Drivers/STM32G4xx_HAL_Driver/Src/stm32g4xx_hal_uart.o
                0x080110f8                HAL_UART_TxHalfCpltCallback
 .text.HAL_UART_RxHalfCpltCallback
                0x0801110c       0x14 ./Drivers/STM32G4xx_HAL_Driver/Src/stm32g4xx_hal_uart.o
                0x0801110c                HAL_UART_RxHalfCpltCallback
 .text.HAL_UART_ErrorCallback
                0x08011120       0x14 ./Drivers/STM32G4xx_HAL_Driver/Src/stm32g4xx_hal_uart.o
                0x08011120                HAL_UART_ErrorCallback
 .text.HAL_UARTEx_RxEventCallback
                0x08011134       0x18 ./Drivers/STM32G4xx_HAL_Driver/Src/stm32g4xx_hal_uart.o
                0x08011134                HAL_UARTEx_RxEventCallback
 .text.HAL_HalfDuplex_EnableTransmitter
                0x0801114c       0xa8 ./Drivers/STM32G4xx_HAL_Driver/Src/stm32g4xx_hal_uart.o
                0x0801114c                HAL_HalfDuplex_EnableTransmitter
 .text.HAL_HalfDuplex_EnableReceiver
                0x080111f4       0xa8 ./Drivers/STM32G4xx_HAL_Driver/Src/stm32g4xx_hal_uart.o
                0x080111f4                HAL_HalfDuplex_EnableReceiver
 .text.UART_SetConfig
                0x0801129c      0x5f8 ./Drivers/STM32G4xx_HAL_Driver/Src/stm32g4xx_hal_uart.o
                0x0801129c                UART_SetConfig
 .text.UART_AdvFeatureConfig
                0x08011894      0x144 ./Drivers/STM32G4xx_HAL_Driver/Src/stm32g4xx_hal_uart.o
                0x08011894                UART_AdvFeatureConfig
 .text.UART_CheckIdleState
                0x080119d8      0x154 ./Drivers/STM32G4xx_HAL_Driver/Src/stm32g4xx_hal_uart.o
                0x080119d8                UART_CheckIdleState
 .text.UART_WaitOnFlagUntilTimeout
                0x08011b2c       0xda ./Drivers/STM32G4xx_HAL_Driver/Src/stm32g4xx_hal_uart.o
                0x08011b2c                UART_WaitOnFlagUntilTimeout
 *fill*         0x08011c06        0x2 
 .text.UART_Start_Receive_DMA
                0x08011c08      0x14c ./Drivers/STM32G4xx_HAL_Driver/Src/stm32g4xx_hal_uart.o
                0x08011c08                UART_Start_Receive_DMA
 .text.UART_EndTxTransfer
                0x08011d54       0x82 ./Drivers/STM32G4xx_HAL_Driver/Src/stm32g4xx_hal_uart.o
 .text.UART_EndRxTransfer
                0x08011dd6       0xcc ./Drivers/STM32G4xx_HAL_Driver/Src/stm32g4xx_hal_uart.o
 .text.UART_DMATransmitCplt
                0x08011ea2       0x9a ./Drivers/STM32G4xx_HAL_Driver/Src/stm32g4xx_hal_uart.o
 .text.UART_DMATxHalfCplt
                0x08011f3c       0x1c ./Drivers/STM32G4xx_HAL_Driver/Src/stm32g4xx_hal_uart.o
 .text.UART_DMAReceiveCplt
                0x08011f58      0x12c ./Drivers/STM32G4xx_HAL_Driver/Src/stm32g4xx_hal_uart.o
 .text.UART_DMARxHalfCplt
                0x08012084       0x3e ./Drivers/STM32G4xx_HAL_Driver/Src/stm32g4xx_hal_uart.o
 .text.UART_DMAError
                0x080120c2       0x80 ./Drivers/STM32G4xx_HAL_Driver/Src/stm32g4xx_hal_uart.o
 .text.UART_DMAAbortOnError
                0x08012142       0x24 ./Drivers/STM32G4xx_HAL_Driver/Src/stm32g4xx_hal_uart.o
 .text.UART_EndTransmit_IT
                0x08012166       0x56 ./Drivers/STM32G4xx_HAL_Driver/Src/stm32g4xx_hal_uart.o
 .text.HAL_UARTEx_WakeupCallback
                0x080121bc       0x14 ./Drivers/STM32G4xx_HAL_Driver/Src/stm32g4xx_hal_uart_ex.o
                0x080121bc                HAL_UARTEx_WakeupCallback
 .text.HAL_UARTEx_RxFifoFullCallback
                0x080121d0       0x14 ./Drivers/STM32G4xx_HAL_Driver/Src/stm32g4xx_hal_uart_ex.o
                0x080121d0                HAL_UARTEx_RxFifoFullCallback
 .text.HAL_UARTEx_TxFifoEmptyCallback
                0x080121e4       0x14 ./Drivers/STM32G4xx_HAL_Driver/Src/stm32g4xx_hal_uart_ex.o
                0x080121e4                HAL_UARTEx_TxFifoEmptyCallback
 .text.HAL_UARTEx_DisableFifoMode
                0x080121f8       0x72 ./Drivers/STM32G4xx_HAL_Driver/Src/stm32g4xx_hal_uart_ex.o
                0x080121f8                HAL_UARTEx_DisableFifoMode
 .text.HAL_UARTEx_SetTxFifoThreshold
                0x0801226a       0x7c ./Drivers/STM32G4xx_HAL_Driver/Src/stm32g4xx_hal_uart_ex.o
                0x0801226a                HAL_UARTEx_SetTxFifoThreshold
 .text.HAL_UARTEx_SetRxFifoThreshold
                0x080122e6       0x7c ./Drivers/STM32G4xx_HAL_Driver/Src/stm32g4xx_hal_uart_ex.o
                0x080122e6                HAL_UARTEx_SetRxFifoThreshold
 *fill*         0x08012362        0x2 
 .text.UARTEx_SetNbDataToProcess
                0x08012364       0x9c ./Drivers/STM32G4xx_HAL_Driver/Src/stm32g4xx_hal_uart_ex.o
 .text.__NVIC_SetPriority
                0x08012400       0x54 ./Middlewares/Third_Party/FreeRTOS/Source/CMSIS_RTOS_V2/cmsis_os2.o
 .text.SysTick_Handler
                0x08012454       0x20 ./Middlewares/Third_Party/FreeRTOS/Source/CMSIS_RTOS_V2/cmsis_os2.o
                0x08012454                SysTick_Handler
 .text.SVC_Setup
                0x08012474       0x12 ./Middlewares/Third_Party/FreeRTOS/Source/CMSIS_RTOS_V2/cmsis_os2.o
 *fill*         0x08012486        0x2 
 .text.osKernelInitialize
                0x08012488       0x48 ./Middlewares/Third_Party/FreeRTOS/Source/CMSIS_RTOS_V2/cmsis_os2.o
                0x08012488                osKernelInitialize
 .text.osKernelStart
                0x080124d0       0x4c ./Middlewares/Third_Party/FreeRTOS/Source/CMSIS_RTOS_V2/cmsis_os2.o
                0x080124d0                osKernelStart
 .text.osThreadNew
                0x0801251c      0x124 ./Middlewares/Third_Party/FreeRTOS/Source/CMSIS_RTOS_V2/cmsis_os2.o
                0x0801251c                osThreadNew
 .text.osEventFlagsNew
                0x08012640       0x7e ./Middlewares/Third_Party/FreeRTOS/Source/CMSIS_RTOS_V2/cmsis_os2.o
                0x08012640                osEventFlagsNew
 *fill*         0x080126be        0x2 
 .text.osEventFlagsSet
                0x080126c0       0x84 ./Middlewares/Third_Party/FreeRTOS/Source/CMSIS_RTOS_V2/cmsis_os2.o
                0x080126c0                osEventFlagsSet
 .text.osEventFlagsWait
                0x08012744       0xca ./Middlewares/Third_Party/FreeRTOS/Source/CMSIS_RTOS_V2/cmsis_os2.o
                0x08012744                osEventFlagsWait
 *fill*         0x0801280e        0x2 
 .text.vApplicationGetIdleTaskMemory
                0x08012810       0x34 ./Middlewares/Third_Party/FreeRTOS/Source/CMSIS_RTOS_V2/cmsis_os2.o
                0x08012810                vApplicationGetIdleTaskMemory
 .text.vApplicationGetTimerTaskMemory
                0x08012844       0x34 ./Middlewares/Third_Party/FreeRTOS/Source/CMSIS_RTOS_V2/cmsis_os2.o
                0x08012844                vApplicationGetTimerTaskMemory
 .text.xEventGroupCreateStatic
                0x08012878       0x72 ./Middlewares/Third_Party/FreeRTOS/Source/event_groups.o
                0x08012878                xEventGroupCreateStatic
 .text.xEventGroupCreate
                0x080128ea       0x34 ./Middlewares/Third_Party/FreeRTOS/Source/event_groups.o
                0x080128ea                xEventGroupCreate
 *fill*         0x0801291e        0x2 
 .text.xEventGroupWaitBits
                0x08012920      0x1a4 ./Middlewares/Third_Party/FreeRTOS/Source/event_groups.o
                0x08012920                xEventGroupWaitBits
 .text.xEventGroupSetBits
                0x08012ac4      0x118 ./Middlewares/Third_Party/FreeRTOS/Source/event_groups.o
                0x08012ac4                xEventGroupSetBits
 .text.vEventGroupSetBitsCallback
                0x08012bdc       0x1a ./Middlewares/Third_Party/FreeRTOS/Source/event_groups.o
                0x08012bdc                vEventGroupSetBitsCallback
 .text.prvTestWaitCondition
                0x08012bf6       0x44 ./Middlewares/Third_Party/FreeRTOS/Source/event_groups.o
 *fill*         0x08012c3a        0x2 
 .text.xEventGroupSetBitsFromISR
                0x08012c3c       0x28 ./Middlewares/Third_Party/FreeRTOS/Source/event_groups.o
                0x08012c3c                xEventGroupSetBitsFromISR
 .text.vListInitialise
                0x08012c64       0x40 ./Middlewares/Third_Party/FreeRTOS/Source/list.o
                0x08012c64                vListInitialise
 .text.vListInitialiseItem
                0x08012ca4       0x1a ./Middlewares/Third_Party/FreeRTOS/Source/list.o
                0x08012ca4                vListInitialiseItem
 .text.vListInsertEnd
                0x08012cbe       0x48 ./Middlewares/Third_Party/FreeRTOS/Source/list.o
                0x08012cbe                vListInsertEnd
 .text.vListInsert
                0x08012d06       0x72 ./Middlewares/Third_Party/FreeRTOS/Source/list.o
                0x08012d06                vListInsert
 .text.uxListRemove
                0x08012d78       0x54 ./Middlewares/Third_Party/FreeRTOS/Source/list.o
                0x08012d78                uxListRemove
 .text.xQueueGenericReset
                0x08012dcc       0xd4 ./Middlewares/Third_Party/FreeRTOS/Source/queue.o
                0x08012dcc                xQueueGenericReset
 .text.xQueueGenericCreateStatic
                0x08012ea0       0xfa ./Middlewares/Third_Party/FreeRTOS/Source/queue.o
                0x08012ea0                xQueueGenericCreateStatic
 .text.prvInitialiseNewQueue
                0x08012f9a       0x46 ./Middlewares/Third_Party/FreeRTOS/Source/queue.o
 .text.xQueueGenericSend
                0x08012fe0      0x204 ./Middlewares/Third_Party/FreeRTOS/Source/queue.o
                0x08012fe0                xQueueGenericSend
 .text.xQueueGenericSendFromISR
                0x080131e4      0x13c ./Middlewares/Third_Party/FreeRTOS/Source/queue.o
                0x080131e4                xQueueGenericSendFromISR
 .text.xQueueReceive
                0x08013320      0x1c4 ./Middlewares/Third_Party/FreeRTOS/Source/queue.o
                0x08013320                xQueueReceive
 .text.prvCopyDataToQueue
                0x080134e4       0xd4 ./Middlewares/Third_Party/FreeRTOS/Source/queue.o
 .text.prvCopyDataFromQueue
                0x080135b8       0x4c ./Middlewares/Third_Party/FreeRTOS/Source/queue.o
 .text.prvUnlockQueue
                0x08013604       0xa4 ./Middlewares/Third_Party/FreeRTOS/Source/queue.o
 .text.prvIsQueueEmpty
                0x080136a8       0x2c ./Middlewares/Third_Party/FreeRTOS/Source/queue.o
 .text.prvIsQueueFull
                0x080136d4       0x30 ./Middlewares/Third_Party/FreeRTOS/Source/queue.o
 .text.vQueueAddToRegistry
                0x08013704       0x54 ./Middlewares/Third_Party/FreeRTOS/Source/queue.o
                0x08013704                vQueueAddToRegistry
 .text.vQueueWaitForMessageRestricted
                0x08013758       0x68 ./Middlewares/Third_Party/FreeRTOS/Source/queue.o
                0x08013758                vQueueWaitForMessageRestricted
 .text.xTaskCreateStatic
                0x080137c0       0xc0 ./Middlewares/Third_Party/FreeRTOS/Source/tasks.o
                0x080137c0                xTaskCreateStatic
 .text.xTaskCreate
                0x08013880       0x8a ./Middlewares/Third_Party/FreeRTOS/Source/tasks.o
                0x08013880                xTaskCreate
 *fill*         0x0801390a        0x2 
 .text.prvInitialiseNewTask
                0x0801390c      0x150 ./Middlewares/Third_Party/FreeRTOS/Source/tasks.o
 .text.prvAddNewTaskToReadyList
                0x08013a5c       0xe0 ./Middlewares/Third_Party/FreeRTOS/Source/tasks.o
 .text.vTaskDelayUntil
                0x08013b3c      0x100 ./Middlewares/Third_Party/FreeRTOS/Source/tasks.o
                0x08013b3c                vTaskDelayUntil
 .text.vTaskStartScheduler
                0x08013c3c       0xe0 ./Middlewares/Third_Party/FreeRTOS/Source/tasks.o
                0x08013c3c                vTaskStartScheduler
 .text.vTaskSuspendAll
                0x08013d1c       0x1c ./Middlewares/Third_Party/FreeRTOS/Source/tasks.o
                0x08013d1c                vTaskSuspendAll
 .text.xTaskResumeAll
                0x08013d38      0x13c ./Middlewares/Third_Party/FreeRTOS/Source/tasks.o
                0x08013d38                xTaskResumeAll
 .text.xTaskGetTickCount
                0x08013e74       0x20 ./Middlewares/Third_Party/FreeRTOS/Source/tasks.o
                0x08013e74                xTaskGetTickCount
 .text.xTaskIncrementTick
                0x08013e94      0x174 ./Middlewares/Third_Party/FreeRTOS/Source/tasks.o
                0x08013e94                xTaskIncrementTick
 .text.vTaskSwitchContext
                0x08014008       0xe8 ./Middlewares/Third_Party/FreeRTOS/Source/tasks.o
                0x08014008                vTaskSwitchContext
 .text.vTaskPlaceOnEventList
                0x080140f0       0x4c ./Middlewares/Third_Party/FreeRTOS/Source/tasks.o
                0x080140f0                vTaskPlaceOnEventList
 .text.vTaskPlaceOnUnorderedEventList
                0x0801413c       0x7c ./Middlewares/Third_Party/FreeRTOS/Source/tasks.o
                0x0801413c                vTaskPlaceOnUnorderedEventList
 .text.vTaskPlaceOnEventListRestricted
                0x080141b8       0x58 ./Middlewares/Third_Party/FreeRTOS/Source/tasks.o
                0x080141b8                vTaskPlaceOnEventListRestricted
 .text.xTaskRemoveFromEventList
                0x08014210       0xc8 ./Middlewares/Third_Party/FreeRTOS/Source/tasks.o
                0x08014210                xTaskRemoveFromEventList
 .text.vTaskRemoveFromUnorderedEventList
                0x080142d8       0xc8 ./Middlewares/Third_Party/FreeRTOS/Source/tasks.o
                0x080142d8                vTaskRemoveFromUnorderedEventList
 .text.vTaskInternalSetTimeOutState
                0x080143a0       0x2c ./Middlewares/Third_Party/FreeRTOS/Source/tasks.o
                0x080143a0                vTaskInternalSetTimeOutState
 .text.xTaskCheckForTimeOut
                0x080143cc       0xc8 ./Middlewares/Third_Party/FreeRTOS/Source/tasks.o
                0x080143cc                xTaskCheckForTimeOut
 .text.vTaskMissedYield
                0x08014494       0x18 ./Middlewares/Third_Party/FreeRTOS/Source/tasks.o
                0x08014494                vTaskMissedYield
 .text.prvIdleTask
                0x080144ac       0x30 ./Middlewares/Third_Party/FreeRTOS/Source/tasks.o
 .text.prvInitialiseTaskLists
                0x080144dc       0x80 ./Middlewares/Third_Party/FreeRTOS/Source/tasks.o
 .text.prvCheckTasksWaitingTermination
                0x0801455c       0x5c ./Middlewares/Third_Party/FreeRTOS/Source/tasks.o
 .text.prvDeleteTCB
                0x080145b8       0x6a ./Middlewares/Third_Party/FreeRTOS/Source/tasks.o
 *fill*         0x08014622        0x2 
 .text.prvResetNextTaskUnblockTime
                0x08014624       0x40 ./Middlewares/Third_Party/FreeRTOS/Source/tasks.o
 .text.xTaskGetSchedulerState
                0x08014664       0x3c ./Middlewares/Third_Party/FreeRTOS/Source/tasks.o
                0x08014664                xTaskGetSchedulerState
 .text.xTaskPriorityDisinherit
                0x080146a0       0xe0 ./Middlewares/Third_Party/FreeRTOS/Source/tasks.o
                0x080146a0                xTaskPriorityDisinherit
 .text.uxTaskResetEventItemValue
                0x08014780       0x30 ./Middlewares/Third_Party/FreeRTOS/Source/tasks.o
                0x08014780                uxTaskResetEventItemValue
 .text.prvAddCurrentTaskToDelayedList
                0x080147b0       0xa8 ./Middlewares/Third_Party/FreeRTOS/Source/tasks.o
 .text.xTimerCreateTimerTask
                0x08014858       0x94 ./Middlewares/Third_Party/FreeRTOS/Source/timers.o
                0x08014858                xTimerCreateTimerTask
 .text.xTimerGenericCommand
                0x080148ec       0x9c ./Middlewares/Third_Party/FreeRTOS/Source/timers.o
                0x080148ec                xTimerGenericCommand
 .text.prvProcessExpiredTimer
                0x08014988       0x9c ./Middlewares/Third_Party/FreeRTOS/Source/timers.o
 .text.prvTimerTask
                0x08014a24       0x26 ./Middlewares/Third_Party/FreeRTOS/Source/timers.o
 *fill*         0x08014a4a        0x2 
 .text.prvProcessTimerOrBlockTask
                0x08014a4c       0x9c ./Middlewares/Third_Party/FreeRTOS/Source/timers.o
 .text.prvGetNextExpireTime
                0x08014ae8       0x48 ./Middlewares/Third_Party/FreeRTOS/Source/timers.o
 .text.prvSampleTimeNow
                0x08014b30       0x40 ./Middlewares/Third_Party/FreeRTOS/Source/timers.o
 .text.prvInsertTimerInActiveList
                0x08014b70       0x84 ./Middlewares/Third_Party/FreeRTOS/Source/timers.o
 .text.prvProcessReceivedCommands
                0x08014bf4      0x1cc ./Middlewares/Third_Party/FreeRTOS/Source/timers.o
 .text.prvSwitchTimerLists
                0x08014dc0       0xcc ./Middlewares/Third_Party/FreeRTOS/Source/timers.o
 .text.prvCheckForValidListAndQueue
                0x08014e8c       0x80 ./Middlewares/Third_Party/FreeRTOS/Source/timers.o
 .text.xTimerPendFunctionCallFromISR
                0x08014f0c       0x40 ./Middlewares/Third_Party/FreeRTOS/Source/timers.o
                0x08014f0c                xTimerPendFunctionCallFromISR
 .text.pxPortInitialiseStack
                0x08014f4c       0x68 ./Middlewares/Third_Party/FreeRTOS/Source/portable/GCC/ARM_CM4F/port.o
                0x08014f4c                pxPortInitialiseStack
 .text.prvTaskExitError
                0x08014fb4       0x5c ./Middlewares/Third_Party/FreeRTOS/Source/portable/GCC/ARM_CM4F/port.o
 .text.SVC_Handler
                0x08015010       0x28 ./Middlewares/Third_Party/FreeRTOS/Source/portable/GCC/ARM_CM4F/port.o
                0x08015010                SVC_Handler
 .text.prvPortStartFirstTask
                0x08015038       0x28 ./Middlewares/Third_Party/FreeRTOS/Source/portable/GCC/ARM_CM4F/port.o
 .text.xPortStartScheduler
                0x08015060      0x148 ./Middlewares/Third_Party/FreeRTOS/Source/portable/GCC/ARM_CM4F/port.o
                0x08015060                xPortStartScheduler
 .text.vPortEnterCritical
                0x080151a8       0x64 ./Middlewares/Third_Party/FreeRTOS/Source/portable/GCC/ARM_CM4F/port.o
                0x080151a8                vPortEnterCritical
 .text.vPortExitCritical
                0x0801520c       0x54 ./Middlewares/Third_Party/FreeRTOS/Source/portable/GCC/ARM_CM4F/port.o
                0x0801520c                vPortExitCritical
 .text.PendSV_Handler
                0x08015260       0x68 ./Middlewares/Third_Party/FreeRTOS/Source/portable/GCC/ARM_CM4F/port.o
                0x08015260                PendSV_Handler
 .text.xPortSysTickHandler
                0x080152c8       0x44 ./Middlewares/Third_Party/FreeRTOS/Source/portable/GCC/ARM_CM4F/port.o
                0x080152c8                xPortSysTickHandler
 .text.vPortSetupTimerInterrupt
                0x0801530c       0x48 ./Middlewares/Third_Party/FreeRTOS/Source/portable/GCC/ARM_CM4F/port.o
                0x0801530c                vPortSetupTimerInterrupt
 .text.vPortEnableVFP
                0x08015354       0x14 ./Middlewares/Third_Party/FreeRTOS/Source/portable/GCC/ARM_CM4F/port.o
 .text.vPortValidateInterruptPriority
                0x08015368       0x84 ./Middlewares/Third_Party/FreeRTOS/Source/portable/GCC/ARM_CM4F/port.o
                0x08015368                vPortValidateInterruptPriority
 .text.pvPortMalloc
                0x080153ec      0x19c ./Middlewares/Third_Party/FreeRTOS/Source/portable/MemMang/heap_4.o
                0x080153ec                pvPortMalloc
 .text.vPortFree
                0x08015588       0xc8 ./Middlewares/Third_Party/FreeRTOS/Source/portable/MemMang/heap_4.o
                0x08015588                vPortFree
 .text.prvHeapInit
                0x08015650       0xc4 ./Middlewares/Third_Party/FreeRTOS/Source/portable/MemMang/heap_4.o
 .text.prvInsertBlockIntoFreeList
                0x08015714       0xb4 ./Middlewares/Third_Party/FreeRTOS/Source/portable/MemMang/heap_4.o
 .text.__cvt    0x080157c8       0xca C:/ST/STM32CubeIDE_1.18.0/STM32CubeIDE/plugins/com.st.stm32cube.ide.mcu.externaltools.gnu-tools-for-stm32.13.3.rel1.win32_1.0.0.202411081344/tools/bin/../lib/gcc/arm-none-eabi/13.3.1/../../../../arm-none-eabi/lib/thumb/v7e-m+fp/hard\libc_nano.a(libc_a-nano-vfprintf_float.o)
                0x080157c8                __cvt
 .text.__exponent
                0x08015892       0x74 C:/ST/STM32CubeIDE_1.18.0/STM32CubeIDE/plugins/com.st.stm32cube.ide.mcu.externaltools.gnu-tools-for-stm32.13.3.rel1.win32_1.0.0.202411081344/tools/bin/../lib/gcc/arm-none-eabi/13.3.1/../../../../arm-none-eabi/lib/thumb/v7e-m+fp/hard\libc_nano.a(libc_a-nano-vfprintf_float.o)
                0x08015892                __exponent
 *fill*         0x08015906        0x2 
 .text._printf_float
                0x08015908      0x454 C:/ST/STM32CubeIDE_1.18.0/STM32CubeIDE/plugins/com.st.stm32cube.ide.mcu.externaltools.gnu-tools-for-stm32.13.3.rel1.win32_1.0.0.202411081344/tools/bin/../lib/gcc/arm-none-eabi/13.3.1/../../../../arm-none-eabi/lib/thumb/v7e-m+fp/hard\libc_nano.a(libc_a-nano-vfprintf_float.o)
                0x08015908                _printf_float
 .text._printf_common
                0x08015d5c       0xda C:/ST/STM32CubeIDE_1.18.0/STM32CubeIDE/plugins/com.st.stm32cube.ide.mcu.externaltools.gnu-tools-for-stm32.13.3.rel1.win32_1.0.0.202411081344/tools/bin/../lib/gcc/arm-none-eabi/13.3.1/../../../../arm-none-eabi/lib/thumb/v7e-m+fp/hard\libc_nano.a(libc_a-nano-vfprintf_i.o)
                0x08015d5c                _printf_common
 *fill*         0x08015e36        0x2 
 .text._printf_i
                0x08015e38      0x23c C:/ST/STM32CubeIDE_1.18.0/STM32CubeIDE/plugins/com.st.stm32cube.ide.mcu.externaltools.gnu-tools-for-stm32.13.3.rel1.win32_1.0.0.202411081344/tools/bin/../lib/gcc/arm-none-eabi/13.3.1/../../../../arm-none-eabi/lib/thumb/v7e-m+fp/hard\libc_nano.a(libc_a-nano-vfprintf_i.o)
                0x08015e38                _printf_i
 .text.std      0x08016074       0x6c C:/ST/STM32CubeIDE_1.18.0/STM32CubeIDE/plugins/com.st.stm32cube.ide.mcu.externaltools.gnu-tools-for-stm32.13.3.rel1.win32_1.0.0.202411081344/tools/bin/../lib/gcc/arm-none-eabi/13.3.1/../../../../arm-none-eabi/lib/thumb/v7e-m+fp/hard\libc_nano.a(libc_a-findfp.o)
 .text.stdio_exit_handler
                0x080160e0       0x18 C:/ST/STM32CubeIDE_1.18.0/STM32CubeIDE/plugins/com.st.stm32cube.ide.mcu.externaltools.gnu-tools-for-stm32.13.3.rel1.win32_1.0.0.202411081344/tools/bin/../lib/gcc/arm-none-eabi/13.3.1/../../../../arm-none-eabi/lib/thumb/v7e-m+fp/hard\libc_nano.a(libc_a-findfp.o)
 .text.cleanup_stdio
                0x080160f8       0x40 C:/ST/STM32CubeIDE_1.18.0/STM32CubeIDE/plugins/com.st.stm32cube.ide.mcu.externaltools.gnu-tools-for-stm32.13.3.rel1.win32_1.0.0.202411081344/tools/bin/../lib/gcc/arm-none-eabi/13.3.1/../../../../arm-none-eabi/lib/thumb/v7e-m+fp/hard\libc_nano.a(libc_a-findfp.o)
 .text.global_stdio_init.part.0
                0x08016138       0x3c C:/ST/STM32CubeIDE_1.18.0/STM32CubeIDE/plugins/com.st.stm32cube.ide.mcu.externaltools.gnu-tools-for-stm32.13.3.rel1.win32_1.0.0.202411081344/tools/bin/../lib/gcc/arm-none-eabi/13.3.1/../../../../arm-none-eabi/lib/thumb/v7e-m+fp/hard\libc_nano.a(libc_a-findfp.o)
 .text.__sfp_lock_acquire
                0x08016174        0xc C:/ST/STM32CubeIDE_1.18.0/STM32CubeIDE/plugins/com.st.stm32cube.ide.mcu.externaltools.gnu-tools-for-stm32.13.3.rel1.win32_1.0.0.202411081344/tools/bin/../lib/gcc/arm-none-eabi/13.3.1/../../../../arm-none-eabi/lib/thumb/v7e-m+fp/hard\libc_nano.a(libc_a-findfp.o)
                0x08016174                __sfp_lock_acquire
 .text.__sfp_lock_release
                0x08016180        0xc C:/ST/STM32CubeIDE_1.18.0/STM32CubeIDE/plugins/com.st.stm32cube.ide.mcu.externaltools.gnu-tools-for-stm32.13.3.rel1.win32_1.0.0.202411081344/tools/bin/../lib/gcc/arm-none-eabi/13.3.1/../../../../arm-none-eabi/lib/thumb/v7e-m+fp/hard\libc_nano.a(libc_a-findfp.o)
                0x08016180                __sfp_lock_release
 .text.__sinit  0x0801618c       0x30 C:/ST/STM32CubeIDE_1.18.0/STM32CubeIDE/plugins/com.st.stm32cube.ide.mcu.externaltools.gnu-tools-for-stm32.13.3.rel1.win32_1.0.0.202411081344/tools/bin/../lib/gcc/arm-none-eabi/13.3.1/../../../../arm-none-eabi/lib/thumb/v7e-m+fp/hard\libc_nano.a(libc_a-findfp.o)
                0x0801618c                __sinit
 .text._fwalk_sglue
                0x080161bc       0x3c C:/ST/STM32CubeIDE_1.18.0/STM32CubeIDE/plugins/com.st.stm32cube.ide.mcu.externaltools.gnu-tools-for-stm32.13.3.rel1.win32_1.0.0.202411081344/tools/bin/../lib/gcc/arm-none-eabi/13.3.1/../../../../arm-none-eabi/lib/thumb/v7e-m+fp/hard\libc_nano.a(libc_a-fwalk.o)
                0x080161bc                _fwalk_sglue
 .text.__sread  0x080161f8       0x22 C:/ST/STM32CubeIDE_1.18.0/STM32CubeIDE/plugins/com.st.stm32cube.ide.mcu.externaltools.gnu-tools-for-stm32.13.3.rel1.win32_1.0.0.202411081344/tools/bin/../lib/gcc/arm-none-eabi/13.3.1/../../../../arm-none-eabi/lib/thumb/v7e-m+fp/hard\libc_nano.a(libc_a-stdio.o)
                0x080161f8                __sread
 .text.__swrite
                0x0801621a       0x38 C:/ST/STM32CubeIDE_1.18.0/STM32CubeIDE/plugins/com.st.stm32cube.ide.mcu.externaltools.gnu-tools-for-stm32.13.3.rel1.win32_1.0.0.202411081344/tools/bin/../lib/gcc/arm-none-eabi/13.3.1/../../../../arm-none-eabi/lib/thumb/v7e-m+fp/hard\libc_nano.a(libc_a-stdio.o)
                0x0801621a                __swrite