Archive member included to satisfy reference by file (symbol)

C:/ST/STM32CubeIDE_1.18.0/STM32CubeIDE/plugins/com.st.stm32cube.ide.mcu.externaltools.gnu-tools-for-stm32.13.3.rel1.win32_1.0.0.202411081344/tools/bin/../lib/gcc/arm-none-eabi/13.3.1/../../../../arm-none-eabi/lib/thumb/v7e-m+fp/hard\libc_nano.a(libc_a-exit.o)
                              C:/ST/STM32CubeIDE_1.18.0/STM32CubeIDE/plugins/com.st.stm32cube.ide.mcu.externaltools.gnu-tools-for-stm32.13.3.rel1.win32_1.0.0.202411081344/tools/bin/../lib/gcc/arm-none-eabi/13.3.1/../../../../arm-none-eabi/lib/thumb/v7e-m+fp/hard/crt0.o (exit)
C:/ST/STM32CubeIDE_1.18.0/STM32CubeIDE/plugins/com.st.stm32cube.ide.mcu.externaltools.gnu-tools-for-stm32.13.3.rel1.win32_1.0.0.202411081344/tools/bin/../lib/gcc/arm-none-eabi/13.3.1/../../../../arm-none-eabi/lib/thumb/v7e-m+fp/hard\libc_nano.a(libc_a-nano-vfprintf_float.o)
                              (_printf_float)
C:/ST/STM32CubeIDE_1.18.0/STM32CubeIDE/plugins/com.st.stm32cube.ide.mcu.externaltools.gnu-tools-for-stm32.13.3.rel1.win32_1.0.0.202411081344/tools/bin/../lib/gcc/arm-none-eabi/13.3.1/../../../../arm-none-eabi/lib/thumb/v7e-m+fp/hard\libc_nano.a(libc_a-nano-vfprintf_i.o)
                              C:/ST/STM32CubeIDE_1.18.0/STM32CubeIDE/plugins/com.st.stm32cube.ide.mcu.externaltools.gnu-tools-for-stm32.13.3.rel1.win32_1.0.0.202411081344/tools/bin/../lib/gcc/arm-none-eabi/13.3.1/../../../../arm-none-eabi/lib/thumb/v7e-m+fp/hard\libc_nano.a(libc_a-nano-vfprintf_float.o) (_printf_common)
C:/ST/STM32CubeIDE_1.18.0/STM32CubeIDE/plugins/com.st.stm32cube.ide.mcu.externaltools.gnu-tools-for-stm32.13.3.rel1.win32_1.0.0.202411081344/tools/bin/../lib/gcc/arm-none-eabi/13.3.1/../../../../arm-none-eabi/lib/thumb/v7e-m+fp/hard\libc_nano.a(libc_a-findfp.o)
                              ./Middlewares/Third_Party/FreeRTOS/Source/tasks.o (__sf)
C:/ST/STM32CubeIDE_1.18.0/STM32CubeIDE/plugins/com.st.stm32cube.ide.mcu.externaltools.gnu-tools-for-stm32.13.3.rel1.win32_1.0.0.202411081344/tools/bin/../lib/gcc/arm-none-eabi/13.3.1/../../../../arm-none-eabi/lib/thumb/v7e-m+fp/hard\libc_nano.a(libc_a-fwalk.o)
                              C:/ST/STM32CubeIDE_1.18.0/STM32CubeIDE/plugins/com.st.stm32cube.ide.mcu.externaltools.gnu-tools-for-stm32.13.3.rel1.win32_1.0.0.202411081344/tools/bin/../lib/gcc/arm-none-eabi/13.3.1/../../../../arm-none-eabi/lib/thumb/v7e-m+fp/hard\libc_nano.a(libc_a-findfp.o) (_fwalk_sglue)
C:/ST/STM32CubeIDE_1.18.0/STM32CubeIDE/plugins/com.st.stm32cube.ide.mcu.externaltools.gnu-tools-for-stm32.13.3.rel1.win32_1.0.0.202411081344/tools/bin/../lib/gcc/arm-none-eabi/13.3.1/../../../../arm-none-eabi/lib/thumb/v7e-m+fp/hard\libc_nano.a(libc_a-stdio.o)
                              C:/ST/STM32CubeIDE_1.18.0/STM32CubeIDE/plugins/com.st.stm32cube.ide.mcu.externaltools.gnu-tools-for-stm32.13.3.rel1.win32_1.0.0.202411081344/tools/bin/../lib/gcc/arm-none-eabi/13.3.1/../../../../arm-none-eabi/lib/thumb/v7e-m+fp/hard\libc_nano.a(libc_a-findfp.o) (__sread)
C:/ST/STM32CubeIDE_1.18.0/STM32CubeIDE/plugins/com.st.stm32cube.ide.mcu.externaltools.gnu-tools-for-stm32.13.3.rel1.win32_1.0.0.202411081344/tools/bin/../lib/gcc/arm-none-eabi/13.3.1/../../../../arm-none-eabi/lib/thumb/v7e-m+fp/hard\libc_nano.a(libc_a-memset.o)
                              C:/ST/STM32CubeIDE_1.18.0/STM32CubeIDE/plugins/com.st.stm32cube.ide.mcu.externaltools.gnu-tools-for-stm32.13.3.rel1.win32_1.0.0.202411081344/tools/bin/../lib/gcc/arm-none-eabi/13.3.1/../../../../arm-none-eabi/lib/thumb/v7e-m+fp/hard/crt0.o (memset)
C:/ST/STM32CubeIDE_1.18.0/STM32CubeIDE/plugins/com.st.stm32cube.ide.mcu.externaltools.gnu-tools-for-stm32.13.3.rel1.win32_1.0.0.202411081344/tools/bin/../lib/gcc/arm-none-eabi/13.3.1/../../../../arm-none-eabi/lib/thumb/v7e-m+fp/hard\libc_nano.a(libc_a-localeconv.o)
                              C:/ST/STM32CubeIDE_1.18.0/STM32CubeIDE/plugins/com.st.stm32cube.ide.mcu.externaltools.gnu-tools-for-stm32.13.3.rel1.win32_1.0.0.202411081344/tools/bin/../lib/gcc/arm-none-eabi/13.3.1/../../../../arm-none-eabi/lib/thumb/v7e-m+fp/hard\libc_nano.a(libc_a-nano-vfprintf_float.o) (_localeconv_r)
C:/ST/STM32CubeIDE_1.18.0/STM32CubeIDE/plugins/com.st.stm32cube.ide.mcu.externaltools.gnu-tools-for-stm32.13.3.rel1.win32_1.0.0.202411081344/tools/bin/../lib/gcc/arm-none-eabi/13.3.1/../../../../arm-none-eabi/lib/thumb/v7e-m+fp/hard\libc_nano.a(libc_a-closer.o)
                              C:/ST/STM32CubeIDE_1.18.0/STM32CubeIDE/plugins/com.st.stm32cube.ide.mcu.externaltools.gnu-tools-for-stm32.13.3.rel1.win32_1.0.0.202411081344/tools/bin/../lib/gcc/arm-none-eabi/13.3.1/../../../../arm-none-eabi/lib/thumb/v7e-m+fp/hard\libc_nano.a(libc_a-stdio.o) (_close_r)
C:/ST/STM32CubeIDE_1.18.0/STM32CubeIDE/plugins/com.st.stm32cube.ide.mcu.externaltools.gnu-tools-for-stm32.13.3.rel1.win32_1.0.0.202411081344/tools/bin/../lib/gcc/arm-none-eabi/13.3.1/../../../../arm-none-eabi/lib/thumb/v7e-m+fp/hard\libc_nano.a(libc_a-reent.o)
[...]
Memory Configuration

Name             Origin             Length             Attributes
RAM              0x20000000         0x00020000         xrw
FLASH            0x08000000         0x00080000         xr
*default*        0x00000000         0xffffffff

Linker script and memory map

LOAD C:/ST/STM32CubeIDE_1.18.0/STM32CubeIDE/plugins/com.st.stm32cube.ide.mcu.externaltools.gnu-tools-for-stm32.13.3.rel1.win32_1.0.0.202411081344/tools/bin/../lib/gcc/arm-none-eabi/13.3.1/thumb/v7e-m+fp/hard/crti.o
LOAD C:/ST/STM32CubeIDE_1.18.0/STM32CubeIDE/plugins/com.st.stm32cube.ide.mcu.externaltools.gnu-tools-for-stm32.13.3.rel1.win32_1.0.0.202411081344/tools/bin/../lib/gcc/arm-none-eabi/13.3.1/thumb/v7e-m+fp/hard/crtbegin.o
LOAD C:/ST/STM32CubeIDE_1.18.0/STM32CubeIDE/plugins/com.st.stm32cube.ide.mcu.externaltools.gnu-tools-for-stm32.13.3.rel1.win32_1.0.0.202411081344/tools/bin/../lib/gcc/arm-none-eabi/13.3.1/../../../../arm-none-eabi/lib/thumb/v7e-m+fp/hard/crt0.o
LOAD ./Core/Src/Board1.o
LOAD ./Core/Src/adc.o
LOAD ./Core/Src/app_freertos.o
LOAD ./Core/Src/batt.o
LOAD ./Core/Src/board1_functions.o
LOAD ./Core/Src/crc.o
LOAD ./Core/Src/deadline_watchdog.o
LOAD ./Core/Src/dma.o
LOAD ./Core/Src/encoder.o
LOAD ./Core/Src/gpio.o
LOAD ./Core/Src/led.o
LOAD ./Core/Src/led_stripes.o
LOAD ./Core/Src/main.o
LOAD ./Core/Src/motor.o
LOAD ./Core/Src/pid.o
LOAD ./Core/Src/stm32g4xx_hal_msp.o
LOAD ./Core/Src/stm32g4xx_hal_timebase_tim.o
LOAD ./Core/Src/stm32g4xx_it.o
LOAD ./Core/Src/syscalls.o
LOAD ./Core/Src/sysmem.o
LOAD ./Core/Src/system_stm32g4xx.o
LOAD ./Core/Src/temp.o
LOAD ./Core/Src/tim.o
LOAD ./Core/Src/usart.o
LOAD ./Core/Startup/startup_stm32g474retx.o
LOAD ./Drivers/STM32G4xx_HAL_Driver/Src/stm32g4xx_hal.o
LOAD ./Drivers/STM32G4xx_HAL_Driver/Src/stm32g4xx_hal_adc.o
LOAD ./Drivers/STM32G4xx_HAL_Driver/Src/stm32g4xx_hal_adc_ex.o
LOAD ./Drivers/STM32G4xx_HAL_Driver/Src/stm32g4xx_hal_cortex.o
LOAD ./Drivers/STM32G4xx_HAL_Driver/Src/stm32g4xx_hal_crc.o
LOAD ./Drivers/STM32G4xx_HAL_Driver/Src/stm32g4xx_hal_crc_ex.o
LOAD ./Drivers/STM32G4xx_HAL_Driver/Src/stm32g4xx_hal_dma.o
LOAD ./Drivers/STM32G4xx_HAL_Driver/Src/stm32g4xx_hal_dma_ex.o
LOAD ./Drivers/STM32G4xx_HAL_Driver/Src/stm32g4xx_hal_exti.o
LOAD ./Drivers/STM32G4xx_HAL_Driver/Src/stm32g4xx_hal_flash.o
LOAD ./Drivers/STM32G4xx_HAL_Driver/Src/stm32g4xx_hal_flash_ex.o
LOAD ./Drivers/STM32G4xx_HAL_Driver/Src/stm32g4xx_hal_flash_ramfunc.o
LOAD ./Drivers/STM32G4xx_HAL_Driver/Src/stm32g4xx_hal_gpio.o
LOAD ./Drivers/STM32G4xx_HAL_Driver/Src/stm32g4xx_hal_pwr.o
LOAD ./Drivers/STM32G4xx_HAL_Driver/Src/stm32g4xx_hal_pwr_ex.o
LOAD ./Drivers/STM32G4xx_HAL_Driver/Src/stm32g4xx_hal_rcc.o
LOAD ./Drivers/STM32G4xx_HAL_Driver/Src/stm32g4xx_hal_rcc_ex.o
LOAD ./Drivers/STM32G4xx_HAL_Driver/Src/stm32g4xx_hal_tim.o
LOAD ./Drivers/STM32G4xx_HAL_Driver/Src/stm32g4xx_hal_tim_ex.o
LOAD ./Drivers/STM32G4xx_HAL_Driver/Src/stm32g4xx_hal_uart.o
LOAD ./Drivers/STM32G4xx_HAL_Driver/Src/stm32g4xx_hal_uart_ex.o
LOAD ./Drivers/STM32G4xx_HAL_Driver/Src/stm32g4xx_ll_adc.o
LOAD ./Middlewares/Third_Party/FreeRTOS/Source/CMSIS_RTOS_V2/cmsis_os2.o
LOAD ./Middlewares/Third_Party/FreeRTOS/Source/croutine.o
LOAD ./Middlewares/Third_Party/FreeRTOS/Source/event_groups.o
LOAD ./Middlewares/Third_Party/FreeRTOS/Source/list.o
LOAD ./Middlewares/Third_Party/FreeRTOS/Source/queue.o
LOAD ./Middlewares/Third_Party/FreeRTOS/Source/stream_buffer.o
LOAD ./Middlewares/Third_Party/FreeRTOS/Source/tasks.o
LOAD ./Middlewares/Third_Party/FreeRTOS/Source/timers.o
LOAD ./Middlewares/Third_Party/FreeRTOS/Source/portable/GCC/ARM_CM4F/port.o
LOAD ./Middlewares/Third_Party/FreeRTOS/Source/portable/MemMang/heap_4.o
START GROUP
LOAD C:/ST/STM32CubeIDE_1.18.0/STM32CubeIDE/plugins/com.st.stm32cube.ide.mcu.externaltools.gnu-tools-for-stm32.13.3.rel1.win32_1.0.0.202411081344/tools/bin/../lib/gcc/arm-none-eabi/13.3.1/../../../../arm-none-eabi/lib/thumb/v7e-m+fp/hard\libc_nano.a
LOAD C:/ST/STM32CubeIDE_1.18.0/STM32CubeIDE/plugins/com.st.stm32cube.ide.mcu.externaltools.gnu-tools-for-stm32.13.3.rel1.win32_1.0.0.202411081344/tools/bin/../lib/gcc/arm-none-eabi/13.3.1/../../../../arm-none-eabi/lib/thumb/v7e-m+fp/hard\libm.a
END GROUP
START GROUP
LOAD C:/ST/STM32CubeIDE_1.18.0/STM32CubeIDE/plugins/com.st.stm32cube.ide.mcu.externaltools.gnu-tools-for-stm32.13.3.rel1.win32_1.0.0.202411081344/tools/bin/../lib/gcc/arm-none-eabi/13.3.1/thumb/v7e-m+fp/hard\libgcc.a
LOAD C:/ST/STM32CubeIDE_1.18.0/STM32CubeIDE/plugins/com.st.stm32cube.ide.mcu.externaltools.gnu-tools-for-stm32.13.3.rel1.win32_1.0.0.202411081344/tools/bin/../lib/gcc/arm-none-eabi/13.3.1/../../../../arm-none-eabi/lib/thumb/v7e-m+fp/hard\libc_nano.a
END GROUP
START GROUP
LOAD C:/ST/STM32CubeIDE_1.18.0/STM32CubeIDE/plugins/com.st.stm32cube.ide.mcu.externaltools.gnu-tools-for-stm32.13.3.rel1.win32_1.0.0.202411081344/tools/bin/../lib/gcc/arm-none-eabi/13.3.1/thumb/v7e-m+fp/hard\libgcc.a
LOAD C:/ST/STM32CubeIDE_1.18.0/STM32CubeIDE/plugins/com.st.stm32cube.ide.mcu.externaltools.gnu-tools-for-stm32.13.3.rel1.win32_1.0.0.202411081344/tools/bin/../lib/gcc/arm-none-eabi/13.3.1/../../../../arm-none-eabi/lib/thumb/v7e-m+fp/hard\libc_nano.a
LOAD C:/ST/STM32CubeIDE_1.18.0/STM32CubeIDE/plugins/com.st.stm32cube.ide.mcu.externaltools.gnu-tools-for-stm32.13.3.rel1.win32_1.0.0.202411081344/tools/bin/../lib/gcc/arm-none-eabi/13.3.1/../../../../arm-none-eabi/lib/thumb/v7e-m+fp/hard\libnosys.a
END GROUP
START GROUP
LOAD C:/ST/STM32CubeIDE_1.18.0/STM32CubeIDE/plugins/com.st.stm32cube.ide.mcu.externaltools.gnu-tools-for-stm32.13.3.rel1.win32_1.0.0.202411081344/tools/bin/../lib/gcc/arm-none-eabi/13.3.1/thumb/v7e-m+fp/hard\libgcc.a
LOAD C:/ST/STM32CubeIDE_1.18.0/STM32CubeIDE/plugins/com.st.stm32cube.ide.mcu.externaltools.gnu-tools-for-stm32.13.3.rel1.win32_1.0.0.202411081344/tools/bin/../lib/gcc/arm-none-eabi/13.3.1/../../../../arm-none-eabi/lib/thumb/v7e-m+fp/hard\libc_nano.a
LOAD C:/ST/STM32CubeIDE_1.18.0/STM32CubeIDE/plugins/com.st.stm32cube.ide.mcu.externaltools.gnu-tools-for-stm32.13.3.rel1.win32_1.0.0.202411081344/tools/bin/../lib/gcc/arm-none-eabi/13.3.1/../../../../arm-none-eabi/lib/thumb/v7e-m+fp/hard\libnosys.a
END GROUP
LOAD C:/ST/STM32CubeIDE_1.18.0/STM32CubeIDE/plugins/com.st.stm32cube.ide.mcu.externaltools.gnu-tools-for-stm32.13.3.rel1.win32_1.0.0.202411081344/tools/bin/../lib/gcc/arm-none-eabi/13.3.1/thumb/v7e-m+fp/hard/crtend.o
LOAD C:/ST/STM32CubeIDE_1.18.0/STM32CubeIDE/plugins/com.st.stm32cube.ide.mcu.externaltools.gnu-tools-for-stm32.13.3.rel1.win32_1.0.0.202411081344/tools/bin/../lib/gcc/arm-none-eabi/13.3.1/thumb/v7e-m+fp/hard/crtn.o
                0x20020000                        _estack = (ORIGIN (RAM) + LENGTH (RAM))
                0x00000200                        _Min_Heap_Size = 0x200
                0x00000400                        _Min_Stack_Size = 0x400

.isr_vector     0x08000000      0x1d8
                0x08000000                        . = ALIGN (0x4)
 *(.isr_vector)
 .isr_vector    0x08000000      0x1d8 ./Core/Startup/startup_stm32g474retx.o
                0x08000000                g_pfnVectors
                0x080001d8                        . = ALIGN (0x4)

.text           0x080001e0    0x168c4
                0x080001e0                        . = ALIGN (0x4)
 *(.text)
 .text          0x080001e0       0x40 C:/ST/STM32CubeIDE_1.18.0/STM32CubeIDE/plugins/com.st.stm32cube.ide.mcu.externaltools.gnu-tools-for-stm32.13.3.rel1.win32_1.0.0.202411081344/tools/bin/../lib/gcc/arm-none-eabi/13.3.1/thumb/v7e-m+fp/hard/crtbegin.o
 .text          0x08000220       0xa0 C:/ST/STM32CubeIDE_1.18.0/STM32CubeIDE/plugins/com.st.stm32cube.ide.mcu.externaltools.gnu-tools-for-stm32.13.3.rel1.win32_1.0.0.202411081344/tools/bin/../lib/gcc/arm-none-eabi/13.3.1/../../../../arm-none-eabi/lib/thumb/v7e-m+fp/hard\libc_nano.a(libc_a-memchr.o)
                0x08000220                memchr
 .text          0x080002c0       0x10 C:/ST/STM32CubeIDE_1.18.0/STM32CubeIDE/plugins/com.st.stm32cube.ide.mcu.externaltools.gnu-tools-for-stm32.13.3.rel1.win32_1.0.0.202411081344/tools/bin/../lib/gcc/arm-none-eabi/13.3.1/../../../../arm-none-eabi/lib/thumb/v7e-m+fp/hard\libc_nano.a(libc_a-strlen.o)
                0x080002c0                strlen
 .text          0x080002d0      0x378 C:/ST/STM32CubeIDE_1.18.0/STM32CubeIDE/plugins/com.st.stm32cube.ide.mcu.externaltools.gnu-tools-for-stm32.13.3.rel1.win32_1.0.0.202411081344/tools/bin/../lib/gcc/arm-none-eabi/13.3.1/thumb/v7e-m+fp/hard\libgcc.a(_arm_addsubdf3.o)
                0x080002d0                __aeabi_drsub
                0x080002d8                __aeabi_dsub
                0x080002d8                __subdf3
                0x080002dc                __aeabi_dadd
                0x080002dc                __adddf3
                0x08000554                __floatunsidf
                0x08000554                __aeabi_ui2d
                0x08000574                __floatsidf
                0x08000574                __aeabi_i2d
                0x08000598                __aeabi_f2d
                0x08000598                __extendsfdf2
                0x080005dc                __floatundidf
                0x080005dc                __aeabi_ul2d
                0x080005ec                __floatdidf
                0x080005ec                __aeabi_l2d
 .text          0x08000648      0x424 C:/ST/STM32CubeIDE_1.18.0/STM32CubeIDE/plugins/com.st.stm32cube.ide.mcu.externaltools.gnu-tools-for-stm32.13.3.rel1.win32_1.0.0.202411081344/tools/bin/../lib/gcc/arm-none-eabi/13.3.1/thumb/v7e-m+fp/hard\libgcc.a(_arm_muldivdf3.o)
                0x08000648                __aeabi_dmul
                0x08000648                __muldf3
                0x0800089c                __divdf3
                0x0800089c                __aeabi_ddiv
 .text          0x08000a6c      0x110 C:/ST/STM32CubeIDE_1.18.0/STM32CubeIDE/plugins/com.st.stm32cube.ide.mcu.externaltools.gnu-tools-for-stm32.13.3.rel1.win32_1.0.0.202411081344/tools/bin/../lib/gcc/arm-none-eabi/13.3.1/thumb/v7e-m+fp/hard\libgcc.a(_arm_cmpdf2.o)
                0x08000a6c                __gtdf2
                0x08000a6c                __gedf2
                0x08000a74                __ltdf2
                0x08000a74                __ledf2
                0x08000a7c                __nedf2
                0x08000a7c                __eqdf2
                0x08000a7c                __cmpdf2
                0x08000af8                __aeabi_cdrcmple
                0x08000b08                __aeabi_cdcmpeq
                0x08000b08                __aeabi_cdcmple
                0x08000b18                __aeabi_dcmpeq
                0x08000b2c                __aeabi_dcmplt
                0x08000b40                __aeabi_dcmple
                0x08000b54                __aeabi_dcmpge
                0x08000b68                __aeabi_dcmpgt
 .text          0x08000b7c       0x2c C:/ST/STM32CubeIDE_1.18.0/STM32CubeIDE/plugins/com.st.stm32cube.ide.mcu.externaltools.gnu-tools-for-stm32.13.3.rel1.win32_1.0.0.202411081344/tools/bin/../lib/gcc/arm-none-eabi/13.3.1/thumb/v7e-m+fp/hard\libgcc.a(_arm_unorddf2.o)
                0x08000b7c                __unorddf2
                0x08000b7c                __aeabi_dcmpun
 .text          0x08000ba8       0x50 C:/ST/STM32CubeIDE_1.18.0/STM32CubeIDE/plugins/com.st.stm32cube.ide.mcu.externaltools.gnu-tools-for-stm32.13.3.rel1.win32_1.0.0.202411081344/tools/bin/../lib/gcc/arm-none-eabi/13.3.1/thumb/v7e-m+fp/hard\libgcc.a(_arm_fixdfsi.o)
                0x08000ba8                __aeabi_d2iz
                0x08000ba8                __fixdfsi
 .text          0x08000bf8       0x40 C:/ST/STM32CubeIDE_1.18.0/STM32CubeIDE/plugins/com.st.stm32cube.ide.mcu.externaltools.gnu-tools-for-stm32.13.3.rel1.win32_1.0.0.202411081344/tools/bin/../lib/gcc/arm-none-eabi/13.3.1/thumb/v7e-m+fp/hard\libgcc.a(_arm_fixunsdfsi.o)
                0x08000bf8                __aeabi_d2uiz
                0x08000bf8                __fixunsdfsi
 .text          0x08000c38       0xa0 C:/ST/STM32CubeIDE_1.18.0/STM32CubeIDE/plugins/com.st.stm32cube.ide.mcu.externaltools.gnu-tools-for-stm32.13.3.rel1.win32_1.0.0.202411081344/tools/bin/../lib/gcc/arm-none-eabi/13.3.1/thumb/v7e-m+fp/hard\libgcc.a(_arm_truncdfsf2.o)
                0x08000c38                __truncdfsf2
                0x08000c38                __aeabi_d2f
 .text          0x08000cd8       0x30 C:/ST/STM32CubeIDE_1.18.0/STM32CubeIDE/plugins/com.st.stm32cube.ide.mcu.externaltools.gnu-tools-for-stm32.13.3.rel1.win32_1.0.0.202411081344/tools/bin/../lib/gcc/arm-none-eabi/13.3.1/thumb/v7e-m+fp/hard\libgcc.a(_aeabi_uldivmod.o)
                0x08000cd8                __aeabi_uldivmod
 .text          0x08000d08      0x2f8 C:/ST/STM32CubeIDE_1.18.0/STM32CubeIDE/plugins/com.st.stm32cube.ide.mcu.externaltools.gnu-tools-for-stm32.13.3.rel1.win32_1.0.0.202411081344/tools/bin/../lib/gcc/arm-none-eabi/13.3.1/thumb/v7e-m+fp/hard\libgcc.a(_udivmoddi4.o)
                0x08000d08                __udivmoddi4
 .text          0x08001000        0x4 C:/ST/STM32CubeIDE_1.18.0/STM32CubeIDE/plugins/com.st.stm32cube.ide.mcu.externaltools.gnu-tools-for-stm32.13.3.rel1.win32_1.0.0.202411081344/tools/bin/../lib/gcc/arm-none-eabi/13.3.1/thumb/v7e-m+fp/hard\libgcc.a(_dvmd_tls.o)
                0x08001000                __aeabi_idiv0
                0x08001000                __aeabi_ldiv0
 *(.text*)
 .text.Board1_roverLightsOFF
                0x08001004       0x34 ./Core/Src/Board1.o
 .text.Board1_enter_internal_Normal
                0x08001038      0x148 ./Core/Src/Board1.o
 .text.Board1_isSessionhigh
                0x08001180        0xe ./Core/Src/Board1.o
 .text.Board1_check_elapsed_time_us
                0x0800118e       0x1c ./Core/Src/Board1.o
 .text.Board1_suspend_RX_TX
                0x080011aa        0xc ./Core/Src/Board1.o
 .text.Board1_setSTalk
                0x080011b6        0xc ./Core/Src/Board1.o
 .text.Board1_sendPing
                0x080011c2        0xc ./Core/Src/Board1.o
 .text.Board1_get_time
                0x080011ce        0xe ./Core/Src/Board1.o
 .text.Board1_dataReceived
                0x080011dc        0xe ./Core/Src/Board1.o
 *fill*         0x080011ea        0x2 
 .text.Board1_correctPing
                0x080011ec       0x1c ./Core/Src/Board1.o
 .text.Board1_waitPing
                0x08001208       0x14 ./Core/Src/Board1.o
 .text.Board1_resetSTalk
                0x0800121c        0xc ./Core/Src/Board1.o
 .text.Board1_isMTalkhigh
                0x08001228        0xe ./Core/Src/Board1.o
 .text.Board1_dataSended
                0x08001236        0xe ./Core/Src/Board1.o
 .text.Board1_stop_motors
                0x08001244       0x84 ./Core/Src/Board1.o
 .text.Board1_send_decision
                0x080012c8       0x14 ./Core/Src/Board1.o
 .text.Bo_exit_internal_Normal_voltage
                0x080012dc       0x64 ./Core/Src/Board1.o
 .text.Board1_exit_internal_Normal
                0x08001340      0x110 ./Core/Src/Board1.o
 .text.Board1_write_output
                0x08001450       0x30 ./Core/Src/Board1.o
 .text.Board1_Decision_sended
                0x08001480      0x234 ./Core/Src/Board1.o
 .text.Board1_send_global_state
                0x080016b4       0x14 ./Core/Src/Board1.o
 .text.Board1_isequal_h
                0x080016c8       0x2e ./Core/Src/Board1.o
 .text.Board1_isequal
                0x080016f6      0x22c ./Core/Src/Board1.o
 *fill*         0x08001922        0x2 
 .text.Board1_waitDecision
                0x08001924       0x14 ./Core/Src/Board1.o
 .text.Board1_Global_state_sended
                0x08001938      0x188 ./Core/Src/Board1.o
 .text.Board1_correctDecisionCRC
                0x08001ac0       0x14 ./Core/Src/Board1.o
 .text.Board1_critical_voltage
                0x08001ad4       0x2c ./Core/Src/Board1.o
 .text.Board1_roverStopped
                0x08001b00       0x98 ./Core/Src/Board1.o
 .text.Board1_emergency_b_pressed
                0x08001b98       0x3c ./Core/Src/Board1.o
 .text.Board1_turn_left
                0x08001bd4       0x3c ./Core/Src/Board1.o
 .text.Board1_turn_right
                0x08001c10       0x3c ./Core/Src/Board1.o
 .text.Board1_update_angle
                0x08001c4c       0x54 ./Core/Src/Board1.o
 .text.Board1_stopAllMotors
                0x08001ca0       0x3c ./Core/Src/Board1.o
 .text.Board1_Emergency_sonar_routine
                0x08001cdc      0x200 ./Core/Src/Board1.o
 .text.Board1_stop_b_pressed
                0x08001edc       0x3c ./Core/Src/Board1.o
 .text.Board1_near_obstacle
                0x08001f18       0x50 ./Core/Src/Board1.o
 .text.Moving_obstacle_from_left_routi
                0x08001f68      0x1a4 ./Core/Src/Board1.o
 .text.Moving_obstacle_from_right_rout
                0x0800210c      0x1a4 ./Core/Src/Board1.o
 .text.Board1_roverMovingForward
                0x080022b0       0x98 ./Core/Src/Board1.o
 .text.Board1_emergency_s_routine
                0x08002348       0x50 ./Core/Src/Board1.o
 .text.Board1_mov_obs_r_routine
                0x08002398       0x50 ./Core/Src/Board1.o
 .text.Board1_mov_obs_l_routine
                0x080023e8       0x50 ./Core/Src/Board1.o
 .text.Board1_stop_slow_routine
                0x08002438       0x6c ./Core/Src/Board1.o
 .text.low_controller_battery_routine
                0x080024a4       0x34 ./Core/Src/Board1.o
 .text.Board1_spec_retro_routine
                0x080024d8       0x58 ./Core/Src/Board1.o
 .text.Board1_no_mov_routine
                0x08002530       0x5c ./Core/Src/Board1.o
 .text.Board1_scale_controller
                0x0800258c      0x1d4 ./Core/Src/Board1.o
 .text.Board1_turn_back
                0x08002760       0x3c ./Core/Src/Board1.o
 .text.Board1_Select_routine
                0x0800279c      0x1ec ./Core/Src/Board1.o
 .text.Board1_mov_obs_right
                0x08002988       0x34 ./Core/Src/Board1.o
 .text.Board1_mov_obs_left
                0x080029bc       0x34 ./Core/Src/Board1.o
 .text.Board1_Routine_manager
                0x080029f0      0x3f0 ./Core/Src/Board1.o
 .text.Board1_lights_b_pressed
                0x08002de0       0x54 ./Core/Src/Board1.o
 .text.Board1_updateRoverLights
                0x08002e34      0x41c ./Core/Src/Board1.o
 .text.Board1_mode_b_pressed
                0x08003250       0x54 ./Core/Src/Board1.o
 .text.Board1_Actions
                0x080032a4      0x334 ./Core/Src/Board1.o
 .text.Board1_Receive_decision
                0x080035d8       0xc8 ./Core/Src/Board1.o
 .text.Board1_correctGlobalStateCRC
                0x080036a0       0x14 ./Core/Src/Board1.o
 .text.Board1_waitGlobalState
                0x080036b4       0x14 ./Core/Src/Board1.o
 .text.Board1_obs_sonar2
                0x080036c8       0x30 ./Core/Src/Board1.o
 .text.Board1_check_elapsed_time
                0x080036f8       0x1c ./Core/Src/Board1.o
 .text.Board1_obs_sonar1
                0x08003714       0x30 ./Core/Src/Board1.o
 .text.Board1_obs_sonar3
                0x08003744       0x30 ./Core/Src/Board1.o
 .text.Board1_Moving_obstacle
                0x08003774      0x208 ./Core/Src/Board1.o
 .text.Board1_button2_pressed_retro
                0x0800397c       0x54 ./Core/Src/Board1.o
 .text.Board1_button1_pressed_retro
                0x080039d0       0x54 ./Core/Src/Board1.o
 .text.Board1_button2_pressed_obs
                0x08003a24       0x54 ./Core/Src/Board1.o
 .text.Board1_button1_pressed_obs
                0x08003a78       0x54 ./Core/Src/Board1.o
 .text.Board1_Combo
                0x08003acc      0x17c ./Core/Src/Board1.o
 .text.Board1_low_voltage
                0x08003c48       0x30 ./Core/Src/Board1.o
 .text.Board1_high_temp
                0x08003c78       0x30 ./Core/Src/Board1.o
 .text.Boa_Battery_temperature_manager
                0x08003ca8      0x210 ./Core/Src/Board1.o
 .text.Board1_updateGlobalState
                0x08003eb8       0x68 ./Core/Src/Board1.o
 .text.Board1_Receive_global_state
                0x08003f20       0xfc ./Core/Src/Board1.o
 .text.Board1_correctStateCRC
                0x0800401c       0x14 ./Core/Src/Board1.o
 .text.Board1_waitState
                0x08004030       0x14 ./Core/Src/Board1.o
 .text.Board1_updateState
                0x08004044       0x5c ./Core/Src/Board1.o
 .text.Board1_send_state
                0x080040a0       0x14 ./Core/Src/Board1.o
 .text.Board1_Supervisor
                0x080040b4      0x4a0 ./Core/Src/Board1.o
 .text.Board1_initStructures
                0x08004554       0x7c ./Core/Src/Board1.o
 .text.Board1_step
                0x080045d0      0x388 ./Core/Src/Board1.o
                0x080045d0                Board1_step
 .text.Board1_initialize
                0x08004958       0x1c ./Core/Src/Board1.o
                0x08004958                Board1_initialize
 .text.MX_ADC1_Init
                0x08004974       0xf0 ./Core/Src/adc.o
                0x08004974                MX_ADC1_Init
 .text.HAL_ADC_MspInit
                0x08004a64       0xa8 ./Core/Src/adc.o
                0x08004a64                HAL_ADC_MspInit
 .text.ramp     0x08004b0c       0x74 ./Core/Src/app_freertos.o
 .text.MX_FREERTOS_Init
                0x08004b80      0x364 ./Core/Src/app_freertos.o
                0x08004b80                MX_FREERTOS_Init
 .text.supervisionTask
                0x08004ee4       0x30 ./Core/Src/app_freertos.o
                0x08004ee4                supervisionTask
 .text.readSensorsTask
                0x08004f14      0x138 ./Core/Src/app_freertos.o
                0x08004f14                readSensorsTask
 .text.pidTask  0x0800504c      0x564 ./Core/Src/app_freertos.o
                0x0800504c                pidTask
 .text.lightsTask
                0x080055b0       0xa4 ./Core/Src/app_freertos.o
                0x080055b0                lightsTask
 .text.executeSupervision
                0x08005654      0x15c ./Core/Src/app_freertos.o
                0x08005654                executeSupervision
 .text.deadlineProcedure
                0x080057b0       0x90 ./Core/Src/app_freertos.o
                0x080057b0                deadlineProcedure
 .text.HAL_GPIO_EXTI_Callback
                0x08005840       0x38 ./Core/Src/app_freertos.o
                0x08005840                HAL_GPIO_EXTI_Callback
 .text.BATT_cfgCh_
                0x08005878       0x48 ./Core/Src/batt.o
 .text.BATT_readConv_
                0x080058c0       0x58 ./Core/Src/batt.o
 .text.BATT_init
                0x08005918       0x28 ./Core/Src/batt.o
                0x08005918                BATT_init
 .text.BATT_readRaw
                0x08005940       0x38 ./Core/Src/batt.o
                0x08005940                BATT_readRaw
 .text.BATT_getVolt
                0x08005978       0x5c ./Core/Src/batt.o
                0x08005978                BATT_getVolt
 .text.Copy_StateBusB1
                0x080059d4       0x4e ./Core/Src/board1_functions.o
 .text.Copy_StateBusB2
                0x08005a22       0x8e ./Core/Src/board1_functions.o
 .text.Copy_GSBus
                0x08005ab0       0x60 ./Core/Src/board1_functions.o
 .text.Copy_DecBus
                0x08005b10       0x6e ./Core/Src/board1_functions.o
 *fill*         0x08005b7e        0x2 
 .text.UART_Data_Sended
                0x08005b80       0x28 ./Core/Src/board1_functions.o
                0x08005b80                UART_Data_Sended
 .text.UART_Data_Received
                0x08005ba8       0x28 ./Core/Src/board1_functions.o
                0x08005ba8                UART_Data_Received
 .text.UART_DMA_Stop
                0x08005bd0       0x14 ./Core/Src/board1_functions.o
                0x08005bd0                UART_DMA_Stop
 .text.UART_Send_State
                0x08005be4       0x60 ./Core/Src/board1_functions.o
                0x08005be4                UART_Send_State
 .text.UART_Send_GlobalState
                0x08005c44       0x60 ./Core/Src/board1_functions.o
                0x08005c44                UART_Send_GlobalState
 .text.UART_Send_Decision
                0x08005ca4       0x60 ./Core/Src/board1_functions.o
                0x08005ca4                UART_Send_Decision
 .text.UART_Send_Ping
                0x08005d04       0x20 ./Core/Src/board1_functions.o
                0x08005d04                UART_Send_Ping
 .text.UART_Wait_State
                0x08005d24       0x24 ./Core/Src/board1_functions.o
                0x08005d24                UART_Wait_State
 .text.UART_Wait_GlobalState
                0x08005d48       0x24 ./Core/Src/board1_functions.o
                0x08005d48                UART_Wait_GlobalState
 .text.UART_Wait_Decision
                0x08005d6c       0x24 ./Core/Src/board1_functions.o
                0x08005d6c                UART_Wait_Decision
 .text.UART_Wait_Ping
                0x08005d90       0x24 ./Core/Src/board1_functions.o
                0x08005d90                UART_Wait_Ping
 .text.Correct_CRC_State
                0x08005db4       0x64 ./Core/Src/board1_functions.o
                0x08005db4                Correct_CRC_State
 .text.Correct_CRC_GlobalState
                0x08005e18       0x64 ./Core/Src/board1_functions.o
                0x08005e18                Correct_CRC_GlobalState
 .text.Correct_CRC_Decision
                0x08005e7c       0x64 ./Core/Src/board1_functions.o
                0x08005e7c                Correct_CRC_Decision
 .text.Correct_Ping
                0x08005ee0       0x22 ./Core/Src/board1_functions.o
                0x08005ee0                Correct_Ping
 *fill*         0x08005f02        0x2 
 .text.is_Session_high
                0x08005f04       0x24 ./Core/Src/board1_functions.o
                0x08005f04                is_Session_high
 .text.set_STALK
                0x08005f28       0x18 ./Core/Src/board1_functions.o
                0x08005f28                set_STALK
 .text.reset_STALK
                0x08005f40       0x18 ./Core/Src/board1_functions.o
                0x08005f40                reset_STALK
 .text.is_MTALK_high
                0x08005f58       0x24 ./Core/Src/board1_functions.o
                0x08005f58                is_MTALK_high
 .text.get_tick
                0x08005f7c       0x18 ./Core/Src/board1_functions.o
                0x08005f7c                get_tick
 .text.check_elapsed_time_us
                0x08005f94       0x34 ./Core/Src/board1_functions.o
                0x08005f94                check_elapsed_time_us
 .text.check_elapsed_time
                0x08005fc8       0x40 ./Core/Src/board1_functions.o
                0x08005fc8                check_elapsed_time
 .text.enter_critical_section
                0x08006008        0xc ./Core/Src/board1_functions.o
                0x08006008                enter_critical_section
 .text.exit_critical_section
                0x08006014        0xc ./Core/Src/board1_functions.o
                0x08006014                exit_critical_section
 .text.MX_CRC_Init
                0x08006020       0x44 ./Core/Src/crc.o
                0x08006020                MX_CRC_Init
 .text.HAL_CRC_MspInit
                0x08006064       0x40 ./Core/Src/crc.o
                0x08006064                HAL_CRC_MspInit
 .text.DWD_Init
                0x080060a4       0x4e ./Core/Src/deadline_watchdog.o
                0x080060a4                DWD_Init
 .text.DWD_Notify
                0x080060f2       0x42 ./Core/Src/deadline_watchdog.o
                0x080060f2                DWD_Notify
 .text.DWD_CheckStatus
                0x08006134       0x38 ./Core/Src/deadline_watchdog.o
                0x08006134                DWD_CheckStatus
 .text.MX_DMA_Init
                0x0800616c       0x74 ./Core/Src/dma.o
                0x0800616c                MX_DMA_Init
 .text.encoder_init
                0x080061e0       0x98 ./Core/Src/encoder.o
                0x080061e0                encoder_init
 .text.encoder_readRPM
                0x08006278      0x1ac ./Core/Src/encoder.o
                0x08006278                encoder_readRPM
 .text.MX_GPIO_Init
                0x08006424      0x138 ./Core/Src/gpio.o
                0x08006424                MX_GPIO_Init
 .text.led_init
                0x0800655c       0xa6 ./Core/Src/led.o
                0x0800655c                led_init
 .text.led_write
                0x08006602       0x54 ./Core/Src/led.o
                0x08006602                led_write
 .text.led_on   0x08006656       0x22 ./Core/Src/led.o
                0x08006656                led_on
 .text.led_off  0x08006678       0x22 ./Core/Src/led.o
                0x08006678                led_off
 *fill*         0x0800669a        0x2 
 .text.led_step
                0x0800669c       0xc8 ./Core/Src/led.o
                0x0800669c                led_step
 .text.led_mode_off
                0x08006764       0x50 ./Core/Src/led.o
 .text.led_mode_white
                0x080067b4       0x50 ./Core/Src/led.o
 .text.led_mode_red
                0x08006804       0x50 ./Core/Src/led.o
 .text.led_mode_blinking_red
                0x08006854       0x7e ./Core/Src/led.o
 *fill*         0x080068d2        0x2 
 .text.led_stripe_init
                0x080068d4       0xa0 ./Core/Src/led_stripes.o
                0x080068d4                led_stripe_init
 .text.rear_led_step
                0x08006974       0xd8 ./Core/Src/led_stripes.o
                0x08006974                rear_led_step
 .text.rear_sign_step
                0x08006a4c       0x8c ./Core/Src/led_stripes.o
                0x08006a4c                rear_sign_step
 .text.rear_led_off
                0x08006ad8       0x50 ./Core/Src/led_stripes.o
 .text.rear_sign_off
                0x08006b28       0x50 ./Core/Src/led_stripes.o
 .text.rear_led_anim_stop
                0x08006b78       0x50 ./Core/Src/led_stripes.o
 .text.rear_led_anim_backlights
                0x08006bc8       0xb0 ./Core/Src/led_stripes.o
 .text.rear_led_anim_arrow_right
                0x08006c78      0x158 ./Core/Src/led_stripes.o
 .text.rear_led_anim_arrow_left
                0x08006dd0      0x158 ./Core/Src/led_stripes.o
 .text.rear_led_anim_backward
                0x08006f28       0x50 ./Core/Src/led_stripes.o
 .text.rear_sign_white
                0x08006f78       0x50 ./Core/Src/led_stripes.o
 .text.rear_sign_red
                0x08006fc8       0x50 ./Core/Src/led_stripes.o
 .text.scale8   0x08007018       0x28 ./Core/Src/led_stripes.o
 .text.led_set_RGB
                0x08007040       0x7c ./Core/Src/led_stripes.o
                0x08007040                led_set_RGB
 .text.led_set_RGB_range
                0x080070bc       0x6c ./Core/Src/led_stripes.o
                0x080070bc                led_set_RGB_range
 .text.led_render
                0x08007128      0x1dc ./Core/Src/led_stripes.o
                0x08007128                led_render
 .text.HAL_TIM_PWM_PulseFinishedHalfCpltCallback
                0x08007304      0x144 ./Core/Src/led_stripes.o
                0x08007304                HAL_TIM_PWM_PulseFinishedHalfCpltCallback
 .text.HAL_TIM_PWM_PulseFinishedCallback
                0x08007448      0x15c ./Core/Src/led_stripes.o
                0x08007448                HAL_TIM_PWM_PulseFinishedCallback
 .text.main     0x080075a4       0x5c ./Core/Src/main.o
                0x080075a4                main
 .text.SystemClock_Config
                0x08007600       0x96 ./Core/Src/main.o
                0x08007600                SystemClock_Config
 .text.vApplicationStackOverflowHook
                0x08007696       0x22 ./Core/Src/main.o
                0x08007696                vApplicationStackOverflowHook
 .text.HAL_TIM_PeriodElapsedCallback
                0x080076b8       0x30 ./Core/Src/main.o
                0x080076b8                HAL_TIM_PeriodElapsedCallback
 .text.Error_Handler
                0x080076e8        0xc ./Core/Src/main.o
                0x080076e8                Error_Handler
 .text.motor_init
                0x080076f4       0xb2 ./Core/Src/motor.o
                0x080076f4                motor_init
 *fill*         0x080077a6        0x2 
 .text.motor_set
                0x080077a8      0x184 ./Core/Src/motor.o
                0x080077a8                motor_set
 .text.PID_init
                0x0800792c       0x9c ./Core/Src/pid.o
                0x0800792c                PID_init
 .text.PID_compute_law
                0x080079c8       0xb0 ./Core/Src/pid.o
                0x080079c8                PID_compute_law
 .text.HAL_MspInit
                0x08007a78       0x54 ./Core/Src/stm32g4xx_hal_msp.o
                0x08007a78                HAL_MspInit
 .text.HAL_InitTick
                0x08007acc       0xd8 ./Core/Src/stm32g4xx_hal_timebase_tim.o
                0x08007acc                HAL_InitTick
 .text.NMI_Handler
                0x08007ba4        0x8 ./Core/Src/stm32g4xx_it.o
                0x08007ba4                NMI_Handler
 .text.HardFault_Handler
                0x08007bac        0x8 ./Core/Src/stm32g4xx_it.o
                0x08007bac                HardFault_Handler
 .text.MemManage_Handler
                0x08007bb4        0x8 ./Core/Src/stm32g4xx_it.o
                0x08007bb4                MemManage_Handler
 .text.BusFault_Handler
                0x08007bbc        0x8 ./Core/Src/stm32g4xx_it.o
                0x08007bbc                BusFault_Handler
 .text.UsageFault_Handler
                0x08007bc4        0x8 ./Core/Src/stm32g4xx_it.o
                0x08007bc4                UsageFault_Handler
 .text.DebugMon_Handler
                0x08007bcc        0xe ./Core/Src/stm32g4xx_it.o
                0x08007bcc                DebugMon_Handler
 *fill*         0x08007bda        0x2 
 .text.DMA1_Channel1_IRQHandler
                0x08007bdc       0x14 ./Core/Src/stm32g4xx_it.o
                0x08007bdc                DMA1_Channel1_IRQHandler
 .text.DMA1_Channel2_IRQHandler
                0x08007bf0       0x14 ./Core/Src/stm32g4xx_it.o
                0x08007bf0                DMA1_Channel2_IRQHandler
 .text.DMA1_Channel3_IRQHandler
                0x08007c04       0x14 ./Core/Src/stm32g4xx_it.o
                0x08007c04                DMA1_Channel3_IRQHandler
 .text.TIM4_IRQHandler
                0x08007c18       0x14 ./Core/Src/stm32g4xx_it.o
                0x08007c18                TIM4_IRQHandler
 .text.USART3_IRQHandler
                0x08007c2c       0x14 ./Core/Src/stm32g4xx_it.o
                0x08007c2c                USART3_IRQHandler
 .text.EXTI15_10_IRQHandler
                0x08007c40       0x10 ./Core/Src/stm32g4xx_it.o
                0x08007c40                EXTI15_10_IRQHandler
 .text.TIM6_DAC_IRQHandler
                0x08007c50       0x14 ./Core/Src/stm32g4xx_it.o
                0x08007c50                TIM6_DAC_IRQHandler
 .text.HAL_UART_TxCpltCallback
                0x08007c64       0x40 ./Core/Src/stm32g4xx_it.o
                0x08007c64                HAL_UART_TxCpltCallback
 .text.HAL_UART_RxCpltCallback
                0x08007ca4       0x48 ./Core/Src/stm32g4xx_it.o
                0x08007ca4                HAL_UART_RxCpltCallback
 .text._getpid  0x08007cec       0x10 ./Core/Src/syscalls.o
                0x08007cec                _getpid
 .text._kill    0x08007cfc       0x20 ./Core/Src/syscalls.o
                0x08007cfc                _kill
 .text._exit    0x08007d1c       0x16 ./Core/Src/syscalls.o
                0x08007d1c                _exit
 .text._read    0x08007d32       0x3a ./Core/Src/syscalls.o
                0x08007d32                _read
 .text._write   0x08007d6c       0x38 ./Core/Src/syscalls.o
                0x08007d6c                _write
 .text._close   0x08007da4       0x18 ./Core/Src/syscalls.o
                0x08007da4                _close
 .text._fstat   0x08007dbc       0x20 ./Core/Src/syscalls.o
                0x08007dbc                _fstat
 .text._isatty  0x08007ddc       0x16 ./Core/Src/syscalls.o
                0x08007ddc                _isatty
 .text._lseek   0x08007df2       0x1a ./Core/Src/syscalls.o
                0x08007df2                _lseek
 .text._sbrk    0x08007e0c       0x6c ./Core/Src/sysmem.o
                0x08007e0c                _sbrk
 .text.SystemInit
                0x08007e78       0x24 ./Core/Src/system_stm32g4xx.o
                0x08007e78                SystemInit
 .text.TEMP_cfgCh_
                0x08007e9c       0x48 ./Core/Src/temp.o
 .text.TEMP_readConv_
                0x08007ee4       0x58 ./Core/Src/temp.o
 .text.TEMP_init
                0x08007f3c       0x28 ./Core/Src/temp.o
                0x08007f3c                TEMP_init
 .text.TEMP_readRaw
                0x08007f64       0x38 ./Core/Src/temp.o
                0x08007f64                TEMP_readRaw
 .text.TEMP_getCelsius
                0x08007f9c       0x68 ./Core/Src/temp.o
                0x08007f9c                TEMP_getCelsius
 .text.MX_TIM1_Init
                0x08008004       0xb4 ./Core/Src/tim.o
                0x08008004                MX_TIM1_Init
 .text.MX_TIM2_Init
                0x080080b8       0x9c ./Core/Src/tim.o
                0x080080b8                MX_TIM2_Init
 .text.MX_TIM3_Init
                0x08008154       0xf8 ./Core/Src/tim.o
                0x08008154                MX_TIM3_Init
 .text.MX_TIM4_Init
                0x0800824c       0xa0 ./Core/Src/tim.o
                0x0800824c                MX_TIM4_Init
 .text.MX_TIM5_Init
                0x080082ec       0xac ./Core/Src/tim.o
                0x080082ec                MX_TIM5_Init
 .text.MX_TIM8_Init
                0x08008398       0xb4 ./Core/Src/tim.o
                0x08008398                MX_TIM8_Init
 .text.MX_TIM17_Init
                0x0800844c       0xf0 ./Core/Src/tim.o
                0x0800844c                MX_TIM17_Init
 .text.MX_TIM20_Init
                0x0800853c       0xb4 ./Core/Src/tim.o
                0x0800853c                MX_TIM20_Init
 .text.HAL_TIM_Encoder_MspInit
                0x080085f0      0x1e8 ./Core/Src/tim.o
                0x080085f0                HAL_TIM_Encoder_MspInit
 .text.HAL_TIM_Base_MspInit
                0x080087d8       0xf4 ./Core/Src/tim.o
                0x080087d8                HAL_TIM_Base_MspInit
 .text.HAL_TIM_PWM_MspInit
                0x080088cc       0x40 ./Core/Src/tim.o
                0x080088cc                HAL_TIM_PWM_MspInit
 .text.HAL_TIM_MspPostInit
                0x0800890c       0xf4 ./Core/Src/tim.o
                0x0800890c                HAL_TIM_MspPostInit
 .text.MX_USART3_UART_Init
                0x08008a00       0x98 ./Core/Src/usart.o
                0x08008a00                MX_USART3_UART_Init
 .text.HAL_UART_MspInit
                0x08008a98      0x17c ./Core/Src/usart.o
                0x08008a98                HAL_UART_MspInit
 .text.Reset_Handler
                0x08008c14       0x50 ./Core/Startup/startup_stm32g474retx.o
                0x08008c14                Reset_Handler
 .text.Default_Handler
                0x08008c64        0x2 ./Core/Startup/startup_stm32g474retx.o
                0x08008c64                RTC_Alarm_IRQHandler
                0x08008c64                EXTI2_IRQHandler
                0x08008c64                TIM8_TRG_COM_IRQHandler
                0x08008c64                TIM8_CC_IRQHandler
                0x08008c64                HRTIM1_Master_IRQHandler
                0x08008c64                SPI4_IRQHandler
                0x08008c64                FDCAN3_IT0_IRQHandler
                0x08008c64                TIM1_CC_IRQHandler
                0x08008c64                HRTIM1_FLT_IRQHandler
                0x08008c64                HRTIM1_TIMF_IRQHandler
                0x08008c64                USB_HP_IRQHandler
                0x08008c64                CORDIC_IRQHandler
                0x08008c64                HRTIM1_TIMD_IRQHandler
                0x08008c64                DMA2_Channel8_IRQHandler
                0x08008c64                EXTI3_IRQHandler
                0x08008c64                I2C3_ER_IRQHandler
                0x08008c64                EXTI0_IRQHandler
                0x08008c64                I2C2_EV_IRQHandler
                0x08008c64                FPU_IRQHandler
                0x08008c64                FDCAN1_IT1_IRQHandler
                0x08008c64                TIM1_UP_TIM16_IRQHandler
                0x08008c64                ADC1_2_IRQHandler
                0x08008c64                HRTIM1_TIME_IRQHandler
                0x08008c64                SPI1_IRQHandler
                0x08008c64                HRTIM1_TIMC_IRQHandler
                0x08008c64                TIM8_UP_IRQHandler
                0x08008c64                DMA2_Channel2_IRQHandler
                0x08008c64                DMA1_Channel4_IRQHandler
                0x08008c64                TIM20_TRG_COM_IRQHandler
                0x08008c64                DMA1_Channel7_IRQHandler
                0x08008c64                UART5_IRQHandler
                0x08008c64                ADC3_IRQHandler
                0x08008c64                DMA2_Channel1_IRQHandler
                0x08008c64                QUADSPI_IRQHandler
                0x08008c64                I2C1_EV_IRQHandler
                0x08008c64                DMA1_Channel6_IRQHandler
                0x08008c64                UART4_IRQHandler
                0x08008c64                DMA2_Channel4_IRQHandler
                0x08008c64                TIM3_IRQHandler
                0x08008c64                RCC_IRQHandler
                0x08008c64                TIM20_UP_IRQHandler
                0x08008c64                Default_Handler
                0x08008c64                DMA2_Channel7_IRQHandler
                0x08008c64                RTC_TAMP_LSECSS_IRQHandler
                0x08008c64                FMAC_IRQHandler
                0x08008c64                DMA1_Channel8_IRQHandler
                0x08008c64                HRTIM1_TIMA_IRQHandler
                0x08008c64                TIM7_DAC_IRQHandler
                0x08008c64                FDCAN3_IT1_IRQHandler
                0x08008c64                TIM5_IRQHandler
                0x08008c64                UCPD1_IRQHandler
                0x08008c64                I2C3_EV_IRQHandler
                0x08008c64                EXTI9_5_IRQHandler
                0x08008c64                RTC_WKUP_IRQHandler
                0x08008c64                PVD_PVM_IRQHandler
                0x08008c64                SPI2_IRQHandler
                0x08008c64                ADC5_IRQHandler
                0x08008c64                DMA2_Channel5_IRQHandler
                0x08008c64                CRS_IRQHandler
                0x08008c64                DMA1_Channel5_IRQHandler
                0x08008c64                USB_LP_IRQHandler
                0x08008c64                EXTI4_IRQHandler
                0x08008c64                RNG_IRQHandler
                0x08008c64                HRTIM1_TIMB_IRQHandler
                0x08008c64                TIM1_TRG_COM_TIM17_IRQHandler
                0x08008c64                FDCAN2_IT1_IRQHandler
                0x08008c64                ADC4_IRQHandler
                0x08008c64                WWDG_IRQHandler
                0x08008c64                I2C4_EV_IRQHandler
                0x08008c64                FDCAN2_IT0_IRQHandler
                0x08008c64                LPUART1_IRQHandler
                0x08008c64                DMA2_Channel6_IRQHandler
                0x08008c64                FDCAN1_IT0_IRQHandler
                0x08008c64                TIM2_IRQHandler
                0x08008c64                COMP7_IRQHandler
                0x08008c64                COMP1_2_3_IRQHandler
                0x08008c64                EXTI1_IRQHandler
                0x08008c64                USART2_IRQHandler
                0x08008c64                COMP4_5_6_IRQHandler
                0x08008c64                TIM20_BRK_IRQHandler
                0x08008c64                I2C2_ER_IRQHandler
                0x08008c64                TIM8_BRK_IRQHandler
                0x08008c64                FLASH_IRQHandler
                0x08008c64                TIM20_CC_IRQHandler
                0x08008c64                USART1_IRQHandler
                0x08008c64                SPI3_IRQHandler
                0x08008c64                I2C1_ER_IRQHandler
                0x08008c64                FMC_IRQHandler
                0x08008c64                LPTIM1_IRQHandler
                0x08008c64                DMAMUX_OVR_IRQHandler
                0x08008c64                I2C4_ER_IRQHandler
                0x08008c64                USBWakeUp_IRQHandler
                0x08008c64                SAI1_IRQHandler
                0x08008c64                DMA2_Channel3_IRQHandler
                0x08008c64                TIM1_BRK_TIM15_IRQHandler
 .text.HAL_Init
                0x08008c66       0x30 ./Drivers/STM32G4xx_HAL_Driver/Src/stm32g4xx_hal.o
                0x08008c66                HAL_Init
 *fill*         0x08008c96        0x2 
 .text.HAL_IncTick
                0x08008c98       0x24 ./Drivers/STM32G4xx_HAL_Driver/Src/stm32g4xx_hal.o
                0x08008c98                HAL_IncTick
 .text.HAL_GetTick
                0x08008cbc       0x18 ./Drivers/STM32G4xx_HAL_Driver/Src/stm32g4xx_hal.o
                0x08008cbc                HAL_GetTick
 .text.LL_ADC_SetCommonClock
                0x08008cd4       0x26 ./Drivers/STM32G4xx_HAL_Driver/Src/stm32g4xx_hal_adc.o
 .text.LL_ADC_SetCommonPathInternalCh
                0x08008cfa       0x26 ./Drivers/STM32G4xx_HAL_Driver/Src/stm32g4xx_hal_adc.o
 .text.LL_ADC_GetCommonPathInternalCh
                0x08008d20       0x1c ./Drivers/STM32G4xx_HAL_Driver/Src/stm32g4xx_hal_adc.o
 .text.LL_ADC_SetOffset
                0x08008d3c       0x48 ./Drivers/STM32G4xx_HAL_Driver/Src/stm32g4xx_hal_adc.o
 .text.LL_ADC_GetOffsetChannel
                0x08008d84       0x2c ./Drivers/STM32G4xx_HAL_Driver/Src/stm32g4xx_hal_adc.o
 .text.LL_ADC_SetOffsetState
                0x08008db0       0x36 ./Drivers/STM32G4xx_HAL_Driver/Src/stm32g4xx_hal_adc.o
 .text.LL_ADC_SetOffsetSign
                0x08008de6       0x36 ./Drivers/STM32G4xx_HAL_Driver/Src/stm32g4xx_hal_adc.o
 .text.LL_ADC_SetOffsetSaturation
                0x08008e1c       0x36 ./Drivers/STM32G4xx_HAL_Driver/Src/stm32g4xx_hal_adc.o
 .text.LL_ADC_SetSamplingTimeCommonConfig
                0x08008e52       0x26 ./Drivers/STM32G4xx_HAL_Driver/Src/stm32g4xx_hal_adc.o
 .text.LL_ADC_REG_IsTriggerSourceSWStart
                0x08008e78       0x26 ./Drivers/STM32G4xx_HAL_Driver/Src/stm32g4xx_hal_adc.o
 .text.LL_ADC_REG_SetSequencerRanks
                0x08008e9e       0x58 ./Drivers/STM32G4xx_HAL_Driver/Src/stm32g4xx_hal_adc.o
 .text.LL_ADC_SetChannelSamplingTime
                0x08008ef6       0x56 ./Drivers/STM32G4xx_HAL_Driver/Src/stm32g4xx_hal_adc.o
 .text.LL_ADC_SetChannelSingleDiff
                0x08008f4c       0x48 ./Drivers/STM32G4xx_HAL_Driver/Src/stm32g4xx_hal_adc.o
 .text.LL_ADC_GetMultimode
                0x08008f94       0x1c ./Drivers/STM32G4xx_HAL_Driver/Src/stm32g4xx_hal_adc.o
 .text.LL_ADC_GetMultiDMATransfer
                0x08008fb0       0x1c ./Drivers/STM32G4xx_HAL_Driver/Src/stm32g4xx_hal_adc.o
 .text.LL_ADC_DisableDeepPowerDown
                0x08008fcc       0x24 ./Drivers/STM32G4xx_HAL_Driver/Src/stm32g4xx_hal_adc.o
 .text.LL_ADC_IsDeepPowerDownEnabled
                0x08008ff0       0x28 ./Drivers/STM32G4xx_HAL_Driver/Src/stm32g4xx_hal_adc.o
 .text.LL_ADC_EnableInternalRegulator
                0x08009018       0x28 ./Drivers/STM32G4xx_HAL_Driver/Src/stm32g4xx_hal_adc.o
 .text.LL_ADC_IsInternalRegulatorEnabled
                0x08009040       0x28 ./Drivers/STM32G4xx_HAL_Driver/Src/stm32g4xx_hal_adc.o
 .text.LL_ADC_Enable
                0x08009068       0x28 ./Drivers/STM32G4xx_HAL_Driver/Src/stm32g4xx_hal_adc.o
 .text.LL_ADC_Disable
                0x08009090       0x28 ./Drivers/STM32G4xx_HAL_Driver/Src/stm32g4xx_hal_adc.o
 .text.LL_ADC_IsEnabled
                0x080090b8       0x26 ./Drivers/STM32G4xx_HAL_Driver/Src/stm32g4xx_hal_adc.o
 .text.LL_ADC_IsDisableOngoing
                0x080090de       0x26 ./Drivers/STM32G4xx_HAL_Driver/Src/stm32g4xx_hal_adc.o
 .text.LL_ADC_REG_StartConversion
                0x08009104       0x28 ./Drivers/STM32G4xx_HAL_Driver/Src/stm32g4xx_hal_adc.o
 .text.LL_ADC_REG_StopConversion
                0x0800912c       0x28 ./Drivers/STM32G4xx_HAL_Driver/Src/stm32g4xx_hal_adc.o
 .text.LL_ADC_REG_IsConversionOngoing
                0x08009154       0x26 ./Drivers/STM32G4xx_HAL_Driver/Src/stm32g4xx_hal_adc.o
 .text.LL_ADC_INJ_StopConversion
                0x0800917a       0x28 ./Drivers/STM32G4xx_HAL_Driver/Src/stm32g4xx_hal_adc.o
 .text.LL_ADC_INJ_IsConversionOngoing
                0x080091a2       0x26 ./Drivers/STM32G4xx_HAL_Driver/Src/stm32g4xx_hal_adc.o
 .text.HAL_ADC_Init
                0x080091c8      0x378 ./Drivers/STM32G4xx_HAL_Driver/Src/stm32g4xx_hal_adc.o
                0x080091c8                HAL_ADC_Init
 .text.HAL_ADC_Start
                0x08009540      0x1c8 ./Drivers/STM32G4xx_HAL_Driver/Src/stm32g4xx_hal_adc.o
                0x08009540                HAL_ADC_Start
 .text.HAL_ADC_Stop
                0x08009708       0x66 ./Drivers/STM32G4xx_HAL_Driver/Src/stm32g4xx_hal_adc.o
                0x08009708                HAL_ADC_Stop
 *fill*         0x0800976e        0x2 
 .text.HAL_ADC_PollForConversion
                0x08009770      0x20c ./Drivers/STM32G4xx_HAL_Driver/Src/stm32g4xx_hal_adc.o
                0x08009770                HAL_ADC_PollForConversion
 .text.HAL_ADC_GetValue
                0x0800997c       0x1a ./Drivers/STM32G4xx_HAL_Driver/Src/stm32g4xx_hal_adc.o
                0x0800997c                HAL_ADC_GetValue
 *fill*         0x08009996        0x2 
 .text.HAL_ADC_ConfigChannel
                0x08009998      0x880 ./Drivers/STM32G4xx_HAL_Driver/Src/stm32g4xx_hal_adc.o
                0x08009998                HAL_ADC_ConfigChannel
 .text.ADC_ConversionStop
                0x0800a218      0x178 ./Drivers/STM32G4xx_HAL_Driver/Src/stm32g4xx_hal_adc.o
                0x0800a218                ADC_ConversionStop
 .text.ADC_Enable
                0x0800a390      0x12c ./Drivers/STM32G4xx_HAL_Driver/Src/stm32g4xx_hal_adc.o
                0x0800a390                ADC_Enable
 .text.ADC_Disable
                0x0800a4bc       0xbe ./Drivers/STM32G4xx_HAL_Driver/Src/stm32g4xx_hal_adc.o
                0x0800a4bc                ADC_Disable
 .text.LL_ADC_IsEnabled
                0x0800a57a       0x26 ./Drivers/STM32G4xx_HAL_Driver/Src/stm32g4xx_hal_adc_ex.o
 .text.LL_ADC_StartCalibration
                0x0800a5a0       0x32 ./Drivers/STM32G4xx_HAL_Driver/Src/stm32g4xx_hal_adc_ex.o
 .text.LL_ADC_IsCalibrationOnGoing
                0x0800a5d2       0x28 ./Drivers/STM32G4xx_HAL_Driver/Src/stm32g4xx_hal_adc_ex.o
 .text.LL_ADC_REG_IsConversionOngoing
                0x0800a5fa       0x26 ./Drivers/STM32G4xx_HAL_Driver/Src/stm32g4xx_hal_adc_ex.o
 .text.HAL_ADCEx_Calibration_Start
                0x0800a620       0xc4 ./Drivers/STM32G4xx_HAL_Driver/Src/stm32g4xx_hal_adc_ex.o
                0x0800a620                HAL_ADCEx_Calibration_Start
 .text.HAL_ADCEx_MultiModeConfigChannel
                0x0800a6e4      0x210 ./Drivers/STM32G4xx_HAL_Driver/Src/stm32g4xx_hal_adc_ex.o
                0x0800a6e4                HAL_ADCEx_MultiModeConfigChannel
 .text.__NVIC_SetPriorityGrouping
                0x0800a8f4       0x48 ./Drivers/STM32G4xx_HAL_Driver/Src/stm32g4xx_hal_cortex.o
 .text.__NVIC_GetPriorityGrouping
                0x0800a93c       0x1c ./Drivers/STM32G4xx_HAL_Driver/Src/stm32g4xx_hal_cortex.o
 .text.__NVIC_EnableIRQ
                0x0800a958       0x3c ./Drivers/STM32G4xx_HAL_Driver/Src/stm32g4xx_hal_cortex.o
 .text.__NVIC_SetPriority
                0x0800a994       0x54 ./Drivers/STM32G4xx_HAL_Driver/Src/stm32g4xx_hal_cortex.o
 .text.NVIC_EncodePriority
                0x0800a9e8       0x66 ./Drivers/STM32G4xx_HAL_Driver/Src/stm32g4xx_hal_cortex.o
 .text.HAL_NVIC_SetPriorityGrouping
                0x0800aa4e       0x16 ./Drivers/STM32G4xx_HAL_Driver/Src/stm32g4xx_hal_cortex.o
                0x0800aa4e                HAL_NVIC_SetPriorityGrouping
 .text.HAL_NVIC_SetPriority
                0x0800aa64       0x34 ./Drivers/STM32G4xx_HAL_Driver/Src/stm32g4xx_hal_cortex.o
                0x0800aa64                HAL_NVIC_SetPriority
 .text.HAL_NVIC_EnableIRQ
                0x0800aa98       0x1c ./Drivers/STM32G4xx_HAL_Driver/Src/stm32g4xx_hal_cortex.o
                0x0800aa98                HAL_NVIC_EnableIRQ
 .text.HAL_CRC_Init
                0x0800aab4       0xc8 ./Drivers/STM32G4xx_HAL_Driver/Src/stm32g4xx_hal_crc.o
                0x0800aab4                HAL_CRC_Init
 .text.HAL_CRC_Calculate
                0x0800ab7c       0x98 ./Drivers/STM32G4xx_HAL_Driver/Src/stm32g4xx_hal_crc.o
                0x0800ab7c                HAL_CRC_Calculate
 .text.CRC_Handle_8
                0x0800ac14      0x120 ./Drivers/STM32G4xx_HAL_Driver/Src/stm32g4xx_hal_crc.o
 .text.CRC_Handle_16
                0x0800ad34       0x74 ./Drivers/STM32G4xx_HAL_Driver/Src/stm32g4xx_hal_crc.o
 .text.HAL_CRCEx_Polynomial_Set
                0x0800ada8      0x11c ./Drivers/STM32G4xx_HAL_Driver/Src/stm32g4xx_hal_crc_ex.o
                0x0800ada8                HAL_CRCEx_Polynomial_Set
 .text.HAL_DMA_Init
                0x0800aec4      0x150 ./Drivers/STM32G4xx_HAL_Driver/Src/stm32g4xx_hal_dma.o
                0x0800aec4                HAL_DMA_Init
 .text.HAL_DMA_Start_IT
                0x0800b014       0xf6 ./Drivers/STM32G4xx_HAL_Driver/Src/stm32g4xx_hal_dma.o
                0x0800b014                HAL_DMA_Start_IT
 .text.HAL_DMA_Abort
                0x0800b10a       0xb2 ./Drivers/STM32G4xx_HAL_Driver/Src/stm32g4xx_hal_dma.o
                0x0800b10a                HAL_DMA_Abort
 .text.HAL_DMA_Abort_IT
                0x0800b1bc       0xce ./Drivers/STM32G4xx_HAL_Driver/Src/stm32g4xx_hal_dma.o
                0x0800b1bc                HAL_DMA_Abort_IT
 .text.HAL_DMA_IRQHandler
                0x0800b28a      0x15e ./Drivers/STM32G4xx_HAL_Driver/Src/stm32g4xx_hal_dma.o
                0x0800b28a                HAL_DMA_IRQHandler
 .text.HAL_DMA_GetError
                0x0800b3e8       0x18 ./Drivers/STM32G4xx_HAL_Driver/Src/stm32g4xx_hal_dma.o
                0x0800b3e8                HAL_DMA_GetError
 .text.DMA_SetConfig
                0x0800b400       0x7c ./Drivers/STM32G4xx_HAL_Driver/Src/stm32g4xx_hal_dma.o
 .text.DMA_CalcDMAMUXChannelBaseAndMask
                0x0800b47c       0x7c ./Drivers/STM32G4xx_HAL_Driver/Src/stm32g4xx_hal_dma.o
 .text.DMA_CalcDMAMUXRequestGenBaseAndMask
                0x0800b4f8       0x48 ./Drivers/STM32G4xx_HAL_Driver/Src/stm32g4xx_hal_dma.o
 .text.HAL_GPIO_Init
                0x0800b540      0x304 ./Drivers/STM32G4xx_HAL_Driver/Src/stm32g4xx_hal_gpio.o
                0x0800b540                HAL_GPIO_Init
 .text.HAL_GPIO_ReadPin
                0x0800b844       0x30 ./Drivers/STM32G4xx_HAL_Driver/Src/stm32g4xx_hal_gpio.o
                0x0800b844                HAL_GPIO_ReadPin
 .text.HAL_GPIO_WritePin
                0x0800b874       0x30 ./Drivers/STM32G4xx_HAL_Driver/Src/stm32g4xx_hal_gpio.o
                0x0800b874                HAL_GPIO_WritePin
 .text.HAL_GPIO_EXTI_IRQHandler
                0x0800b8a4       0x30 ./Drivers/STM32G4xx_HAL_Driver/Src/stm32g4xx_hal_gpio.o
                0x0800b8a4                HAL_GPIO_EXTI_IRQHandler
 .text.HAL_PWREx_ControlVoltageScaling
                0x0800b8d4      0x148 ./Drivers/STM32G4xx_HAL_Driver/Src/stm32g4xx_hal_pwr_ex.o
                0x0800b8d4                HAL_PWREx_ControlVoltageScaling
 .text.HAL_PWREx_DisableUCPDDeadBattery
                0x0800ba1c       0x20 ./Drivers/STM32G4xx_HAL_Driver/Src/stm32g4xx_hal_pwr_ex.o
                0x0800ba1c                HAL_PWREx_DisableUCPDDeadBattery
 .text.HAL_RCC_OscConfig
                0x0800ba3c      0x624 ./Drivers/STM32G4xx_HAL_Driver/Src/stm32g4xx_hal_rcc.o
                0x0800ba3c                HAL_RCC_OscConfig
 .text.HAL_RCC_ClockConfig
                0x0800c060      0x278 ./Drivers/STM32G4xx_HAL_Driver/Src/stm32g4xx_hal_rcc.o
                0x0800c060                HAL_RCC_ClockConfig
 .text.HAL_RCC_GetSysClockFreq
                0x0800c2d8       0xc4 ./Drivers/STM32G4xx_HAL_Driver/Src/stm32g4xx_hal_rcc.o
                0x0800c2d8                HAL_RCC_GetSysClockFreq
 .text.HAL_RCC_GetHCLKFreq
                0x0800c39c       0x18 ./Drivers/STM32G4xx_HAL_Driver/Src/stm32g4xx_hal_rcc.o
                0x0800c39c                HAL_RCC_GetHCLKFreq
 .text.HAL_RCC_GetPCLK1Freq
                0x0800c3b4       0x2c ./Drivers/STM32G4xx_HAL_Driver/Src/stm32g4xx_hal_rcc.o
                0x0800c3b4                HAL_RCC_GetPCLK1Freq
 .text.HAL_RCC_GetPCLK2Freq
                0x0800c3e0       0x2c ./Drivers/STM32G4xx_HAL_Driver/Src/stm32g4xx_hal_rcc.o
                0x0800c3e0                HAL_RCC_GetPCLK2Freq
 .text.HAL_RCC_GetClockConfig
                0x0800c40c       0x64 ./Drivers/STM32G4xx_HAL_Driver/Src/stm32g4xx_hal_rcc.o
                0x0800c40c                HAL_RCC_GetClockConfig
 .text.RCC_GetSysClockFreqFromPLLSource
                0x0800c470       0x8c ./Drivers/STM32G4xx_HAL_Driver/Src/stm32g4xx_hal_rcc.o
 .text.HAL_RCCEx_PeriphCLKConfig
                0x0800c4fc      0x49c ./Drivers/STM32G4xx_HAL_Driver/Src/stm32g4xx_hal_rcc_ex.o
                0x0800c4fc                HAL_RCCEx_PeriphCLKConfig
 .text.HAL_TIM_Base_Init
                0x0800c998       0xae ./Drivers/STM32G4xx_HAL_Driver/Src/stm32g4xx_hal_tim.o
                0x0800c998                HAL_TIM_Base_Init
 *fill*         0x0800ca46        0x2 
 .text.HAL_TIM_Base_Start
                0x0800ca48       0xe0 ./Drivers/STM32G4xx_HAL_Driver/Src/stm32g4xx_hal_tim.o
                0x0800ca48                HAL_TIM_Base_Start
 .text.HAL_TIM_Base_Stop
                0x0800cb28       0x4e ./Drivers/STM32G4xx_HAL_Driver/Src/stm32g4xx_hal_tim.o
                0x0800cb28                HAL_TIM_Base_Stop
 *fill*         0x0800cb76        0x2 
 .text.HAL_TIM_Base_Start_IT
                0x0800cb78       0xf0 ./Drivers/STM32G4xx_HAL_Driver/Src/stm32g4xx_hal_tim.o
                0x0800cb78                HAL_TIM_Base_Start_IT
 .text.HAL_TIM_Base_Stop_IT
                0x0800cc68       0x5e ./Drivers/STM32G4xx_HAL_Driver/Src/stm32g4xx_hal_tim.o
                0x0800cc68                HAL_TIM_Base_Stop_IT
 .text.HAL_TIM_PWM_Init
                0x0800ccc6       0xae ./Drivers/STM32G4xx_HAL_Driver/Src/stm32g4xx_hal_tim.o
                0x0800ccc6                HAL_TIM_PWM_Init
 .text.HAL_TIM_PWM_Start
                0x0800cd74      0x224 ./Drivers/STM32G4xx_HAL_Driver/Src/stm32g4xx_hal_tim.o
                0x0800cd74                HAL_TIM_PWM_Start
 .text.HAL_TIM_PWM_Stop
                0x0800cf98      0x138 ./Drivers/STM32G4xx_HAL_Driver/Src/stm32g4xx_hal_tim.o
                0x0800cf98                HAL_TIM_PWM_Stop
 .text.HAL_TIM_PWM_Start_DMA
                0x0800d0d0      0x458 ./Drivers/STM32G4xx_HAL_Driver/Src/stm32g4xx_hal_tim.o
                0x0800d0d0                HAL_TIM_PWM_Start_DMA
 .text.HAL_TIM_PWM_Stop_DMA
                0x0800d528      0x1fc ./Drivers/STM32G4xx_HAL_Driver/Src/stm32g4xx_hal_tim.o
                0x0800d528                HAL_TIM_PWM_Stop_DMA
 .text.HAL_TIM_Encoder_Init
                0x0800d724      0x14c ./Drivers/STM32G4xx_HAL_Driver/Src/stm32g4xx_hal_tim.o
                0x0800d724                HAL_TIM_Encoder_Init
 .text.HAL_TIM_Encoder_Start
                0x0800d870      0x11c ./Drivers/STM32G4xx_HAL_Driver/Src/stm32g4xx_hal_tim.o
                0x0800d870                HAL_TIM_Encoder_Start
 .text.HAL_TIM_IRQHandler
                0x0800d98c      0x29e ./Drivers/STM32G4xx_HAL_Driver/Src/stm32g4xx_hal_tim.o
                0x0800d98c                HAL_TIM_IRQHandler
 *fill*         0x0800dc2a        0x2 
 .text.HAL_TIM_PWM_ConfigChannel
                0x0800dc2c      0x228 ./Drivers/STM32G4xx_HAL_Driver/Src/stm32g4xx_hal_tim.o
                0x0800dc2c                HAL_TIM_PWM_ConfigChannel
 .text.HAL_TIM_ConfigClockSource
                0x0800de54      0x22c ./Drivers/STM32G4xx_HAL_Driver/Src/stm32g4xx_hal_tim.o
                0x0800de54                HAL_TIM_ConfigClockSource
 .text.HAL_TIM_OC_DelayElapsedCallback
                0x0800e080       0x14 ./Drivers/STM32G4xx_HAL_Driver/Src/stm32g4xx_hal_tim.o
                0x0800e080                HAL_TIM_OC_DelayElapsedCallback
 .text.HAL_TIM_IC_CaptureCallback
                0x0800e094       0x14 ./Drivers/STM32G4xx_HAL_Driver/Src/stm32g4xx_hal_tim.o
                0x0800e094                HAL_TIM_IC_CaptureCallback
 .text.HAL_TIM_TriggerCallback
                0x0800e0a8       0x14 ./Drivers/STM32G4xx_HAL_Driver/Src/stm32g4xx_hal_tim.o
                0x0800e0a8                HAL_TIM_TriggerCallback
 .text.HAL_TIM_ErrorCallback
                0x0800e0bc       0x14 ./Drivers/STM32G4xx_HAL_Driver/Src/stm32g4xx_hal_tim.o
                0x0800e0bc                HAL_TIM_ErrorCallback
 .text.TIM_DMAError
                0x0800e0d0       0x92 ./Drivers/STM32G4xx_HAL_Driver/Src/stm32g4xx_hal_tim.o
                0x0800e0d0                TIM_DMAError
 .text.TIM_DMADelayPulseCplt
                0x0800e162       0xa8 ./Drivers/STM32G4xx_HAL_Driver/Src/stm32g4xx_hal_tim.o
 .text.TIM_DMADelayPulseHalfCplt
                0x0800e20a       0x68 ./Drivers/STM32G4xx_HAL_Driver/Src/stm32g4xx_hal_tim.o
                0x0800e20a                TIM_DMADelayPulseHalfCplt
 *fill*         0x0800e272        0x2 
 .text.TIM_Base_SetConfig
                0x0800e274      0x168 ./Drivers/STM32G4xx_HAL_Driver/Src/stm32g4xx_hal_tim.o
                0x0800e274                TIM_Base_SetConfig
 .text.TIM_OC1_SetConfig
                0x0800e3dc      0x134 ./Drivers/STM32G4xx_HAL_Driver/Src/stm32g4xx_hal_tim.o
 .text.TIM_OC2_SetConfig
                0x0800e510      0x128 ./Drivers/STM32G4xx_HAL_Driver/Src/stm32g4xx_hal_tim.o
                0x0800e510                TIM_OC2_SetConfig
 .text.TIM_OC3_SetConfig
                0x0800e638      0x124 ./Drivers/STM32G4xx_HAL_Driver/Src/stm32g4xx_hal_tim.o
 .text.TIM_OC4_SetConfig
                0x0800e75c      0x128 ./Drivers/STM32G4xx_HAL_Driver/Src/stm32g4xx_hal_tim.o
 .text.TIM_OC5_SetConfig
                0x0800e884       0xd4 ./Drivers/STM32G4xx_HAL_Driver/Src/stm32g4xx_hal_tim.o
 .text.TIM_OC6_SetConfig
                0x0800e958       0xd8 ./Drivers/STM32G4xx_HAL_Driver/Src/stm32g4xx_hal_tim.o
 .text.TIM_TI1_ConfigInputStage
                0x0800ea30       0x5e ./Drivers/STM32G4xx_HAL_Driver/Src/stm32g4xx_hal_tim.o
 .text.TIM_TI2_ConfigInputStage
                0x0800ea8e       0x60 ./Drivers/STM32G4xx_HAL_Driver/Src/stm32g4xx_hal_tim.o
 .text.TIM_ITRx_SetConfig
                0x0800eaee       0x3a ./Drivers/STM32G4xx_HAL_Driver/Src/stm32g4xx_hal_tim.o
 .text.TIM_ETR_SetConfig
                0x0800eb28       0x40 ./Drivers/STM32G4xx_HAL_Driver/Src/stm32g4xx_hal_tim.o
                0x0800eb28                TIM_ETR_SetConfig
 .text.TIM_CCxChannelCmd
                0x0800eb68       0x4a ./Drivers/STM32G4xx_HAL_Driver/Src/stm32g4xx_hal_tim.o
                0x0800eb68                TIM_CCxChannelCmd
 *fill*         0x0800ebb2        0x2 
 .text.HAL_TIMEx_MasterConfigSynchronization
                0x0800ebb4      0x12c ./Drivers/STM32G4xx_HAL_Driver/Src/stm32g4xx_hal_tim_ex.o
                0x0800ebb4                HAL_TIMEx_MasterConfigSynchronization
 .text.HAL_TIMEx_ConfigBreakDeadTime
                0x0800ece0      0x128 ./Drivers/STM32G4xx_HAL_Driver/Src/stm32g4xx_hal_tim_ex.o
                0x0800ece0                HAL_TIMEx_ConfigBreakDeadTime
 .text.HAL_TIMEx_CommutCallback
                0x0800ee08       0x14 ./Drivers/STM32G4xx_HAL_Driver/Src/stm32g4xx_hal_tim_ex.o
                0x0800ee08                HAL_TIMEx_CommutCallback
 .text.HAL_TIMEx_BreakCallback
                0x0800ee1c       0x14 ./Drivers/STM32G4xx_HAL_Driver/Src/stm32g4xx_hal_tim_ex.o
                0x0800ee1c                HAL_TIMEx_BreakCallback
 .text.HAL_TIMEx_Break2Callback
                0x0800ee30       0x14 ./Drivers/STM32G4xx_HAL_Driver/Src/stm32g4xx_hal_tim_ex.o
                0x0800ee30                HAL_TIMEx_Break2Callback
 .text.HAL_TIMEx_EncoderIndexCallback
                0x0800ee44       0x14 ./Drivers/STM32G4xx_HAL_Driver/Src/stm32g4xx_hal_tim_ex.o
                0x0800ee44                HAL_TIMEx_EncoderIndexCallback
 .text.HAL_TIMEx_DirectionChangeCallback
                0x0800ee58       0x14 ./Drivers/STM32G4xx_HAL_Driver/Src/stm32g4xx_hal_tim_ex.o
                0x0800ee58                HAL_TIMEx_DirectionChangeCallback
 .text.HAL_TIMEx_IndexErrorCallback
                0x0800ee6c       0x14 ./Drivers/STM32G4xx_HAL_Driver/Src/stm32g4xx_hal_tim_ex.o
                0x0800ee6c                HAL_TIMEx_IndexErrorCallback
 .text.HAL_TIMEx_TransitionErrorCallback
                0x0800ee80       0x14 ./Drivers/STM32G4xx_HAL_Driver/Src/stm32g4xx_hal_tim_ex.o
                0x0800ee80                HAL_TIMEx_TransitionErrorCallback
 .text.HAL_HalfDuplex_Init
                0x0800ee94       0xb0 ./Drivers/STM32G4xx_HAL_Driver/Src/stm32g4xx_hal_uart.o
                0x0800ee94                HAL_HalfDuplex_Init
 .text.HAL_UART_Transmit_DMA
                0x0800ef44      0x100 ./Drivers/STM32G4xx_HAL_Driver/Src/stm32g4xx_hal_uart.o
                0x0800ef44                HAL_UART_Transmit_DMA
 .text.HAL_UART_Receive_DMA
                0x0800f044       0x98 ./Drivers/STM32G4xx_HAL_Driver/Src/stm32g4xx_hal_uart.o
                0x0800f044                HAL_UART_Receive_DMA
 .text.HAL_UART_DMAStop
                0x0800f0dc      0x12c ./Drivers/STM32G4xx_HAL_Driver/Src/stm32g4xx_hal_uart.o
                0x0800f0dc                HAL_UART_DMAStop
 .text.HAL_UART_IRQHandler
                0x0800f208      0x684 ./Drivers/STM32G4xx_HAL_Driver/Src/stm32g4xx_hal_uart.o
                0x0800f208                HAL_UART_IRQHandler
 .text.HAL_UART_TxHalfCpltCallback
                0x0800f88c       0x14 ./Drivers/STM32G4xx_HAL_Driver/Src/stm32g4xx_hal_uart.o
                0x0800f88c                HAL_UART_TxHalfCpltCallback
 .text.HAL_UART_RxHalfCpltCallback
                0x0800f8a0       0x14 ./Drivers/STM32G4xx_HAL_Driver/Src/stm32g4xx_hal_uart.o
                0x0800f8a0                HAL_UART_RxHalfCpltCallback
 .text.HAL_UART_ErrorCallback
                0x0800f8b4       0x14 ./Drivers/STM32G4xx_HAL_Driver/Src/stm32g4xx_hal_uart.o
                0x0800f8b4                HAL_UART_ErrorCallback
 .text.HAL_UARTEx_RxEventCallback
                0x0800f8c8       0x18 ./Drivers/STM32G4xx_HAL_Driver/Src/stm32g4xx_hal_uart.o
                0x0800f8c8                HAL_UARTEx_RxEventCallback
 .text.HAL_HalfDuplex_EnableTransmitter
                0x0800f8e0       0xa8 ./Drivers/STM32G4xx_HAL_Driver/Src/stm32g4xx_hal_uart.o
                0x0800f8e0                HAL_HalfDuplex_EnableTransmitter
 .text.HAL_HalfDuplex_EnableReceiver
                0x0800f988       0xa8 ./Drivers/STM32G4xx_HAL_Driver/Src/stm32g4xx_hal_uart.o
                0x0800f988                HAL_HalfDuplex_EnableReceiver
 .text.UART_SetConfig
                0x0800fa30      0x5f8 ./Drivers/STM32G4xx_HAL_Driver/Src/stm32g4xx_hal_uart.o
                0x0800fa30                UART_SetConfig
 .text.UART_AdvFeatureConfig
                0x08010028      0x144 ./Drivers/STM32G4xx_HAL_Driver/Src/stm32g4xx_hal_uart.o
                0x08010028                UART_AdvFeatureConfig
 .text.UART_CheckIdleState
                0x0801016c      0x154 ./Drivers/STM32G4xx_HAL_Driver/Src/stm32g4xx_hal_uart.o
                0x0801016c                UART_CheckIdleState
 .text.UART_WaitOnFlagUntilTimeout
                0x080102c0       0xda ./Drivers/STM32G4xx_HAL_Driver/Src/stm32g4xx_hal_uart.o
                0x080102c0                UART_WaitOnFlagUntilTimeout
 *fill*         0x0801039a        0x2 
 .text.UART_Start_Receive_DMA
                0x0801039c      0x14c ./Drivers/STM32G4xx_HAL_Driver/Src/stm32g4xx_hal_uart.o
                0x0801039c                UART_Start_Receive_DMA
 .text.UART_EndTxTransfer
                0x080104e8       0x82 ./Drivers/STM32G4xx_HAL_Driver/Src/stm32g4xx_hal_uart.o
 .text.UART_EndRxTransfer
                0x0801056a       0xcc ./Drivers/STM32G4xx_HAL_Driver/Src/stm32g4xx_hal_uart.o
 .text.UART_DMATransmitCplt
                0x08010636       0x9a ./Drivers/STM32G4xx_HAL_Driver/Src/stm32g4xx_hal_uart.o
 .text.UART_DMATxHalfCplt
                0x080106d0       0x1c ./Drivers/STM32G4xx_HAL_Driver/Src/stm32g4xx_hal_uart.o
 .text.UART_DMAReceiveCplt
                0x080106ec      0x12c ./Drivers/STM32G4xx_HAL_Driver/Src/stm32g4xx_hal_uart.o
 .text.UART_DMARxHalfCplt
                0x08010818       0x3e ./Drivers/STM32G4xx_HAL_Driver/Src/stm32g4xx_hal_uart.o
 .text.UART_DMAError
                0x08010856       0x80 ./Drivers/STM32G4xx_HAL_Driver/Src/stm32g4xx_hal_uart.o
 .text.UART_DMAAbortOnError
                0x080108d6       0x24 ./Drivers/STM32G4xx_HAL_Driver/Src/stm32g4xx_hal_uart.o
 .text.UART_EndTransmit_IT
                0x080108fa       0x56 ./Drivers/STM32G4xx_HAL_Driver/Src/stm32g4xx_hal_uart.o
 .text.HAL_UARTEx_WakeupCallback
                0x08010950       0x14 ./Drivers/STM32G4xx_HAL_Driver/Src/stm32g4xx_hal_uart_ex.o
                0x08010950                HAL_UARTEx_WakeupCallback
 .text.HAL_UARTEx_RxFifoFullCallback
                0x08010964       0x14 ./Drivers/STM32G4xx_HAL_Driver/Src/stm32g4xx_hal_uart_ex.o
                0x08010964                HAL_UARTEx_RxFifoFullCallback
 .text.HAL_UARTEx_TxFifoEmptyCallback
                0x08010978       0x14 ./Drivers/STM32G4xx_HAL_Driver/Src/stm32g4xx_hal_uart_ex.o
                0x08010978                HAL_UARTEx_TxFifoEmptyCallback
 .text.HAL_UARTEx_DisableFifoMode
                0x0801098c       0x72 ./Drivers/STM32G4xx_HAL_Driver/Src/stm32g4xx_hal_uart_ex.o
                0x0801098c                HAL_UARTEx_DisableFifoMode
 .text.HAL_UARTEx_SetTxFifoThreshold
                0x080109fe       0x7c ./Drivers/STM32G4xx_HAL_Driver/Src/stm32g4xx_hal_uart_ex.o
                0x080109fe                HAL_UARTEx_SetTxFifoThreshold
 .text.HAL_UARTEx_SetRxFifoThreshold
                0x08010a7a       0x7c ./Drivers/STM32G4xx_HAL_Driver/Src/stm32g4xx_hal_uart_ex.o
                0x08010a7a                HAL_UARTEx_SetRxFifoThreshold
 *fill*         0x08010af6        0x2 
 .text.UARTEx_SetNbDataToProcess
                0x08010af8       0x9c ./Drivers/STM32G4xx_HAL_Driver/Src/stm32g4xx_hal_uart_ex.o
 .text.__NVIC_SetPriority
                0x08010b94       0x54 ./Middlewares/Third_Party/FreeRTOS/Source/CMSIS_RTOS_V2/cmsis_os2.o
 .text.SysTick_Handler
                0x08010be8       0x20 ./Middlewares/Third_Party/FreeRTOS/Source/CMSIS_RTOS_V2/cmsis_os2.o
                0x08010be8                SysTick_Handler
 .text.SVC_Setup
                0x08010c08       0x12 ./Middlewares/Third_Party/FreeRTOS/Source/CMSIS_RTOS_V2/cmsis_os2.o
 *fill*         0x08010c1a        0x2 
 .text.osKernelInitialize
                0x08010c1c       0x48 ./Middlewares/Third_Party/FreeRTOS/Source/CMSIS_RTOS_V2/cmsis_os2.o
                0x08010c1c                osKernelInitialize
 .text.osKernelStart
                0x08010c64       0x4c ./Middlewares/Third_Party/FreeRTOS/Source/CMSIS_RTOS_V2/cmsis_os2.o
                0x08010c64                osKernelStart
 .text.osThreadNew
                0x08010cb0      0x124 ./Middlewares/Third_Party/FreeRTOS/Source/CMSIS_RTOS_V2/cmsis_os2.o
                0x08010cb0                osThreadNew
 .text.osEventFlagsNew
                0x08010dd4       0x7e ./Middlewares/Third_Party/FreeRTOS/Source/CMSIS_RTOS_V2/cmsis_os2.o
                0x08010dd4                osEventFlagsNew
 *fill*         0x08010e52        0x2 
 .text.osEventFlagsSet
                0x08010e54       0x84 ./Middlewares/Third_Party/FreeRTOS/Source/CMSIS_RTOS_V2/cmsis_os2.o
                0x08010e54                osEventFlagsSet
 .text.osEventFlagsWait
                0x08010ed8       0xca ./Middlewares/Third_Party/FreeRTOS/Source/CMSIS_RTOS_V2/cmsis_os2.o
                0x08010ed8                osEventFlagsWait
 *fill*         0x08010fa2        0x2 
 .text.vApplicationGetIdleTaskMemory
                0x08010fa4       0x34 ./Middlewares/Third_Party/FreeRTOS/Source/CMSIS_RTOS_V2/cmsis_os2.o
                0x08010fa4                vApplicationGetIdleTaskMemory
 .text.vApplicationGetTimerTaskMemory
                0x08010fd8       0x34 ./Middlewares/Third_Party/FreeRTOS/Source/CMSIS_RTOS_V2/cmsis_os2.o
                0x08010fd8                vApplicationGetTimerTaskMemory
 .text.xEventGroupCreateStatic
                0x0801100c       0x72 ./Middlewares/Third_Party/FreeRTOS/Source/event_groups.o
                0x0801100c                xEventGroupCreateStatic
 .text.xEventGroupCreate
                0x0801107e       0x34 ./Middlewares/Third_Party/FreeRTOS/Source/event_groups.o
                0x0801107e                xEventGroupCreate
 *fill*         0x080110b2        0x2 
 .text.xEventGroupWaitBits
                0x080110b4      0x1a4 ./Middlewares/Third_Party/FreeRTOS/Source/event_groups.o
                0x080110b4                xEventGroupWaitBits
 .text.xEventGroupSetBits
                0x08011258      0x118 ./Middlewares/Third_Party/FreeRTOS/Source/event_groups.o
                0x08011258                xEventGroupSetBits
 .text.vEventGroupSetBitsCallback
                0x08011370       0x1a ./Middlewares/Third_Party/FreeRTOS/Source/event_groups.o
                0x08011370                vEventGroupSetBitsCallback
 .text.prvTestWaitCondition
                0x0801138a       0x44 ./Middlewares/Third_Party/FreeRTOS/Source/event_groups.o
 *fill*         0x080113ce        0x2 
 .text.xEventGroupSetBitsFromISR
                0x080113d0       0x28 ./Middlewares/Third_Party/FreeRTOS/Source/event_groups.o
                0x080113d0                xEventGroupSetBitsFromISR
 .text.vListInitialise
                0x080113f8       0x40 ./Middlewares/Third_Party/FreeRTOS/Source/list.o
                0x080113f8                vListInitialise
 .text.vListInitialiseItem
                0x08011438       0x1a ./Middlewares/Third_Party/FreeRTOS/Source/list.o
                0x08011438                vListInitialiseItem
 .text.vListInsertEnd
                0x08011452       0x48 ./Middlewares/Third_Party/FreeRTOS/Source/list.o
                0x08011452                vListInsertEnd
 .text.vListInsert
                0x0801149a       0x72 ./Middlewares/Third_Party/FreeRTOS/Source/list.o
                0x0801149a                vListInsert
 .text.uxListRemove
                0x0801150c       0x54 ./Middlewares/Third_Party/FreeRTOS/Source/list.o
                0x0801150c                uxListRemove
 .text.xQueueGenericReset
                0x08011560       0xd4 ./Middlewares/Third_Party/FreeRTOS/Source/queue.o
                0x08011560                xQueueGenericReset
 .text.xQueueGenericCreateStatic
                0x08011634       0xfa ./Middlewares/Third_Party/FreeRTOS/Source/queue.o
                0x08011634                xQueueGenericCreateStatic
 .text.prvInitialiseNewQueue
                0x0801172e       0x46 ./Middlewares/Third_Party/FreeRTOS/Source/queue.o
 .text.xQueueGenericSend
                0x08011774      0x204 ./Middlewares/Third_Party/FreeRTOS/Source/queue.o
                0x08011774                xQueueGenericSend
 .text.xQueueGenericSendFromISR
                0x08011978      0x13c ./Middlewares/Third_Party/FreeRTOS/Source/queue.o
                0x08011978                xQueueGenericSendFromISR
 .text.xQueueReceive
                0x08011ab4      0x1c4 ./Middlewares/Third_Party/FreeRTOS/Source/queue.o
                0x08011ab4                xQueueReceive
 .text.prvCopyDataToQueue
                0x08011c78       0xd4 ./Middlewares/Third_Party/FreeRTOS/Source/queue.o
 .text.prvCopyDataFromQueue
                0x08011d4c       0x4c ./Middlewares/Third_Party/FreeRTOS/Source/queue.o
 .text.prvUnlockQueue
                0x08011d98       0xa4 ./Middlewares/Third_Party/FreeRTOS/Source/queue.o
 .text.prvIsQueueEmpty
                0x08011e3c       0x2c ./Middlewares/Third_Party/FreeRTOS/Source/queue.o
 .text.prvIsQueueFull
                0x08011e68       0x30 ./Middlewares/Third_Party/FreeRTOS/Source/queue.o
 .text.vQueueAddToRegistry
                0x08011e98       0x54 ./Middlewares/Third_Party/FreeRTOS/Source/queue.o
                0x08011e98                vQueueAddToRegistry
 .text.vQueueWaitForMessageRestricted
                0x08011eec       0x68 ./Middlewares/Third_Party/FreeRTOS/Source/queue.o
                0x08011eec                vQueueWaitForMessageRestricted
 .text.xTaskCreateStatic
                0x08011f54       0xc0 ./Middlewares/Third_Party/FreeRTOS/Source/tasks.o
                0x08011f54                xTaskCreateStatic
 .text.xTaskCreate
                0x08012014       0x8a ./Middlewares/Third_Party/FreeRTOS/Source/tasks.o
                0x08012014                xTaskCreate
 *fill*         0x0801209e        0x2 
 .text.prvInitialiseNewTask
                0x080120a0      0x150 ./Middlewares/Third_Party/FreeRTOS/Source/tasks.o
 .text.prvAddNewTaskToReadyList
                0x080121f0       0xe0 ./Middlewares/Third_Party/FreeRTOS/Source/tasks.o
 .text.vTaskDelayUntil
                0x080122d0      0x100 ./Middlewares/Third_Party/FreeRTOS/Source/tasks.o
                0x080122d0                vTaskDelayUntil
 .text.vTaskStartScheduler
                0x080123d0       0xe0 ./Middlewares/Third_Party/FreeRTOS/Source/tasks.o
                0x080123d0                vTaskStartScheduler
 .text.vTaskSuspendAll
                0x080124b0       0x1c ./Middlewares/Third_Party/FreeRTOS/Source/tasks.o
                0x080124b0                vTaskSuspendAll
 .text.xTaskResumeAll
                0x080124cc      0x13c ./Middlewares/Third_Party/FreeRTOS/Source/tasks.o
                0x080124cc                xTaskResumeAll
 .text.xTaskGetTickCount
                0x08012608       0x20 ./Middlewares/Third_Party/FreeRTOS/Source/tasks.o
                0x08012608                xTaskGetTickCount
 .text.xTaskIncrementTick
                0x08012628      0x174 ./Middlewares/Third_Party/FreeRTOS/Source/tasks.o
                0x08012628                xTaskIncrementTick
 .text.vTaskSwitchContext
                0x0801279c      0x114 ./Middlewares/Third_Party/FreeRTOS/Source/tasks.o
                0x0801279c                vTaskSwitchContext
 .text.vTaskPlaceOnEventList
                0x080128b0       0x4c ./Middlewares/Third_Party/FreeRTOS/Source/tasks.o
                0x080128b0                vTaskPlaceOnEventList
 .text.vTaskPlaceOnUnorderedEventList
                0x080128fc       0x7c ./Middlewares/Third_Party/FreeRTOS/Source/tasks.o
                0x080128fc                vTaskPlaceOnUnorderedEventList
 .text.vTaskPlaceOnEventListRestricted
                0x08012978       0x58 ./Middlewares/Third_Party/FreeRTOS/Source/tasks.o
                0x08012978                vTaskPlaceOnEventListRestricted
 .text.xTaskRemoveFromEventList
                0x080129d0       0xc8 ./Middlewares/Third_Party/FreeRTOS/Source/tasks.o
                0x080129d0                xTaskRemoveFromEventList
 .text.vTaskRemoveFromUnorderedEventList
                0x08012a98       0xc8 ./Middlewares/Third_Party/FreeRTOS/Source/tasks.o
                0x08012a98                vTaskRemoveFromUnorderedEventList
 .text.vTaskInternalSetTimeOutState
                0x08012b60       0x2c ./Middlewares/Third_Party/FreeRTOS/Source/tasks.o
                0x08012b60                vTaskInternalSetTimeOutState
 .text.xTaskCheckForTimeOut
                0x08012b8c       0xc8 ./Middlewares/Third_Party/FreeRTOS/Source/tasks.o
                0x08012b8c                xTaskCheckForTimeOut
 .text.vTaskMissedYield
                0x08012c54       0x18 ./Middlewares/Third_Party/FreeRTOS/Source/tasks.o
                0x08012c54                vTaskMissedYield
 .text.prvIdleTask
                0x08012c6c       0x30 ./Middlewares/Third_Party/FreeRTOS/Source/tasks.o
 .text.prvInitialiseTaskLists
                0x08012c9c       0x80 ./Middlewares/Third_Party/FreeRTOS/Source/tasks.o
 .text.prvCheckTasksWaitingTermination
                0x08012d1c       0x5c ./Middlewares/Third_Party/FreeRTOS/Source/tasks.o
 .text.prvDeleteTCB
                0x08012d78       0x6a ./Middlewares/Third_Party/FreeRTOS/Source/tasks.o
 *fill*         0x08012de2        0x2 
 .text.prvResetNextTaskUnblockTime
                0x08012de4       0x40 ./Middlewares/Third_Party/FreeRTOS/Source/tasks.o
 .text.xTaskGetSchedulerState
                0x08012e24       0x3c ./Middlewares/Third_Party/FreeRTOS/Source/tasks.o
                0x08012e24                xTaskGetSchedulerState
 .text.xTaskPriorityDisinherit
                0x08012e60       0xe0 ./Middlewares/Third_Party/FreeRTOS/Source/tasks.o
                0x08012e60                xTaskPriorityDisinherit
 .text.uxTaskResetEventItemValue
                0x08012f40       0x30 ./Middlewares/Third_Party/FreeRTOS/Source/tasks.o
                0x08012f40                uxTaskResetEventItemValue
 .text.prvAddCurrentTaskToDelayedList
                0x08012f70       0xa8 ./Middlewares/Third_Party/FreeRTOS/Source/tasks.o
 .text.xTimerCreateTimerTask
                0x08013018       0x94 ./Middlewares/Third_Party/FreeRTOS/Source/timers.o
                0x08013018                xTimerCreateTimerTask
 .text.xTimerGenericCommand
                0x080130ac       0x9c ./Middlewares/Third_Party/FreeRTOS/Source/timers.o
                0x080130ac                xTimerGenericCommand
 .text.prvProcessExpiredTimer
                0x08013148       0x9c ./Middlewares/Third_Party/FreeRTOS/Source/timers.o
 .text.prvTimerTask
                0x080131e4       0x26 ./Middlewares/Third_Party/FreeRTOS/Source/timers.o
 *fill*         0x0801320a        0x2 
 .text.prvProcessTimerOrBlockTask
                0x0801320c       0x9c ./Middlewares/Third_Party/FreeRTOS/Source/timers.o
 .text.prvGetNextExpireTime
                0x080132a8       0x48 ./Middlewares/Third_Party/FreeRTOS/Source/timers.o
 .text.prvSampleTimeNow
                0x080132f0       0x40 ./Middlewares/Third_Party/FreeRTOS/Source/timers.o
 .text.prvInsertTimerInActiveList
                0x08013330       0x84 ./Middlewares/Third_Party/FreeRTOS/Source/timers.o
 .text.prvProcessReceivedCommands
                0x080133b4      0x1cc ./Middlewares/Third_Party/FreeRTOS/Source/timers.o
 .text.prvSwitchTimerLists
                0x08013580       0xcc ./Middlewares/Third_Party/FreeRTOS/Source/timers.o
 .text.prvCheckForValidListAndQueue
                0x0801364c       0x80 ./Middlewares/Third_Party/FreeRTOS/Source/timers.o
 .text.xTimerPendFunctionCallFromISR
                0x080136cc       0x40 ./Middlewares/Third_Party/FreeRTOS/Source/timers.o
                0x080136cc                xTimerPendFunctionCallFromISR
 .text.pxPortInitialiseStack
                0x0801370c       0x68 ./Middlewares/Third_Party/FreeRTOS/Source/portable/GCC/ARM_CM4F/port.o
                0x0801370c                pxPortInitialiseStack
 .text.prvTaskExitError
                0x08013774       0x5c ./Middlewares/Third_Party/FreeRTOS/Source/portable/GCC/ARM_CM4F/port.o
 .text.SVC_Handler
                0x080137d0       0x28 ./Middlewares/Third_Party/FreeRTOS/Source/portable/GCC/ARM_CM4F/port.o
                0x080137d0                SVC_Handler
 .text.prvPortStartFirstTask
                0x080137f8       0x28 ./Middlewares/Third_Party/FreeRTOS/Source/portable/GCC/ARM_CM4F/port.o
 .text.xPortStartScheduler
                0x08013820      0x148 ./Middlewares/Third_Party/FreeRTOS/Source/portable/GCC/ARM_CM4F/port.o
                0x08013820                xPortStartScheduler
 .text.vPortEnterCritical
                0x08013968       0x64 ./Middlewares/Third_Party/FreeRTOS/Source/portable/GCC/ARM_CM4F/port.o
                0x08013968                vPortEnterCritical
 .text.vPortExitCritical
                0x080139cc       0x54 ./Middlewares/Third_Party/FreeRTOS/Source/portable/GCC/ARM_CM4F/port.o
                0x080139cc                vPortExitCritical
 .text.PendSV_Handler
                0x08013a20       0x68 ./Middlewares/Third_Party/FreeRTOS/Source/portable/GCC/ARM_CM4F/port.o
                0x08013a20                PendSV_Handler
 .text.xPortSysTickHandler
                0x08013a88       0x44 ./Middlewares/Third_Party/FreeRTOS/Source/portable/GCC/ARM_CM4F/port.o
                0x08013a88                xPortSysTickHandler
 .text.vPortSetupTimerInterrupt
                0x08013acc       0x48 ./Middlewares/Third_Party/FreeRTOS/Source/portable/GCC/ARM_CM4F/port.o
                0x08013acc                vPortSetupTimerInterrupt
 .text.vPortEnableVFP
                0x08013b14       0x14 ./Middlewares/Third_Party/FreeRTOS/Source/portable/GCC/ARM_CM4F/port.o
 .text.vPortValidateInterruptPriority
                0x08013b28       0x84 ./Middlewares/Third_Party/FreeRTOS/Source/portable/GCC/ARM_CM4F/port.o
                0x08013b28                vPortValidateInterruptPriority
 .text.pvPortMalloc
                0x08013bac      0x19c ./Middlewares/Third_Party/FreeRTOS/Source/portable/MemMang/heap_4.o
                0x08013bac                pvPortMalloc
 .text.vPortFree
                0x08013d48       0xc8 ./Middlewares/Third_Party/FreeRTOS/Source/portable/MemMang/heap_4.o
                0x08013d48                vPortFree
 .text.prvHeapInit
                0x08013e10       0xc4 ./Middlewares/Third_Party/FreeRTOS/Source/portable/MemMang/heap_4.o
 .text.prvInsertBlockIntoFreeList
                0x08013ed4       0xb4 ./Middlewares/Third_Party/FreeRTOS/Source/portable/MemMang/heap_4.o
 .text.__cvt    0x08013f88       0xca C:/ST/STM32CubeIDE_1.18.0/STM32CubeIDE/plugins/com.st.stm32cube.ide.mcu.externaltools.gnu-tools-for-stm32.13.3.rel1.win32_1.0.0.202411081344/tools/bin/../lib/gcc/arm-none-eabi/13.3.1/../../../../arm-none-eabi/lib/thumb/v7e-m+fp/hard\libc_nano.a(libc_a-nano-vfprintf_float.o)
                0x08013f88                __cvt
 .text.__exponent
                0x08014052       0x74 C:/ST/STM32CubeIDE_1.18.0/STM32CubeIDE/plugins/com.st.stm32cube.ide.mcu.externaltools.gnu-tools-for-stm32.13.3.rel1.win32_1.0.0.202411081344/tools/bin/../lib/gcc/arm-none-eabi/13.3.1/../../../../arm-none-eabi/lib/thumb/v7e-m+fp/hard\libc_nano.a(libc_a-nano-vfprintf_float.o)
                0x08014052                __exponent
 *fill*         0x080140c6        0x2 
 .text._printf_float
                0x080140c8      0x454 C:/ST/STM32CubeIDE_1.18.0/STM32CubeIDE/plugins/com.st.stm32cube.ide.mcu.externaltools.gnu-tools-for-stm32.13.3.rel1.win32_1.0.0.202411081344/tools/bin/../lib/gcc/arm-none-eabi/13.3.1/../../../../arm-none-eabi/lib/thumb/v7e-m+fp/hard\libc_nano.a(libc_a-nano-vfprintf_float.o)
                0x080140c8                _printf_float
 .text._printf_common
                0x0801451c       0xda C:/ST/STM32CubeIDE_1.18.0/STM32CubeIDE/plugins/com.st.stm32cube.ide.mcu.externaltools.gnu-tools-for-stm32.13.3.rel1.win32_1.0.0.202411081344/tools/bin/../lib/gcc/arm-none-eabi/13.3.1/../../../../arm-none-eabi/lib/thumb/v7e-m+fp/hard\libc_nano.a(libc_a-nano-vfprintf_i.o)
                0x0801451c                _printf_common
 *fill*         0x080145f6        0x2 
 .text._printf_i
                0x080145f8      0x23c C:/ST/STM32CubeIDE_1.18.0/STM32CubeIDE/plugins/com.st.stm32cube.ide.mcu.externaltools.gnu-tools-for-stm32.13.3.rel1.win32_1.0.0.202411081344/tools/bin/../lib/gcc/arm-none-eabi/13.3.1/../../../../arm-none-eabi/lib/thumb/v7e-m+fp/hard\libc_nano.a(libc_a-nano-vfprintf_i.o)
                0x080145f8                _printf_i
 .text.std      0x08014834       0x6c C:/ST/STM32CubeIDE_1.18.0/STM32CubeIDE/plugins/com.st.stm32cube.ide.mcu.externaltools.gnu-tools-for-stm32.13.3.rel1.win32_1.0.0.202411081344/tools/bin/../lib/gcc/arm-none-eabi/13.3.1/../../../../arm-none-eabi/lib/thumb/v7e-m+fp/hard\libc_nano.a(libc_a-findfp.o)
 .text.stdio_exit_handler
                0x080148a0       0x18 C:/ST/STM32CubeIDE_1.18.0/STM32CubeIDE/plugins/com.st.stm32cube.ide.mcu.externaltools.gnu-tools-for-stm32.13.3.rel1.win32_1.0.0.202411081344/tools/bin/../lib/gcc/arm-none-eabi/13.3.1/../../../../arm-none-eabi/lib/thumb/v7e-m+fp/hard\libc_nano.a(libc_a-findfp.o)
 .text.cleanup_stdio
                0x080148b8       0x40 C:/ST/STM32CubeIDE_1.18.0/STM32CubeIDE/plugins/com.st.stm32cube.ide.mcu.externaltools.gnu-tools-for-stm32.13.3.rel1.win32_1.0.0.202411081344/tools/bin/../lib/gcc/arm-none-eabi/13.3.1/../../../../arm-none-eabi/lib/thumb/v7e-m+fp/hard\libc_nano.a(libc_a-findfp.o)
 .text.global_stdio_init.part.0
                0x080148f8       0x3c C:/ST/STM32CubeIDE_1.18.0/STM32CubeIDE/plugins/com.st.stm32cube.ide.mcu.externaltools.gnu-tools-for-stm32.13.3.rel1.win32_1.0.0.202411081344/tools/bin/../lib/gcc/arm-none-eabi/13.3.1/../../../../arm-none-eabi/lib/thumb/v7e-m+fp/hard\libc_nano.a(libc_a-findfp.o)
 .text.__sfp_lock_acquire
                0x08014934        0xc C:/ST/STM32CubeIDE_1.18.0/STM32CubeIDE/plugins/com.st.stm32cube.ide.mcu.externaltools.gnu-tools-for-stm32.13.3.rel1.win32_1.0.0.202411081344/tools/bin/../lib/gcc/arm-none-eabi/13.3.1/../../../../arm-none-eabi/lib/thumb/v7e-m+fp/hard\libc_nano.a(libc_a-findfp.o)
                0x08014934                __sfp_lock_acquire
 .text.__sfp_lock_release
                0x08014940        0xc C:/ST/STM32CubeIDE_1.18.0/STM32CubeIDE/plugins/com.st.stm32cube.ide.mcu.externaltools.gnu-tools-for-stm32.13.3.rel1.win32_1.0.0.202411081344/tools/bin/../lib/gcc/arm-none-eabi/13.3.1/../../../../arm-none-eabi/lib/thumb/v7e-m+fp/hard\libc_nano.a(libc_a-findfp.o)
                0x08014940                __sfp_lock_release
 .text.__sinit  0x0801494c       0x30 C:/ST/STM32CubeIDE_1.18.0/STM32CubeIDE/plugins/com.st.stm32cube.ide.mcu.externaltools.gnu-tools-for-stm32.13.3.rel1.win32_1.0.0.202411081344/tools/bin/../lib/gcc/arm-none-eabi/13.3.1/../../../../arm-none-eabi/lib/thumb/v7e-m+fp/hard\libc_nano.a(libc_a-findfp.o)
                0x0801494c                __sinit
 .text._fwalk_sglue
                0x0801497c       0x3c C:/ST/STM32CubeIDE_1.18.0/STM32CubeIDE/plugins/com.st.stm32cube.ide.mcu.externaltools.gnu-tools-for-stm32.13.3.rel1.win32_1.0.0.202411081344/tools/bin/../lib/gcc/arm-none-eabi/13.3.1/../../../../arm-none-eabi/lib/thumb/v7e-m+fp/hard\libc_nano.a(libc_a-fwalk.o)
                0x0801497c                _fwalk_sglue
 .text.__sread  0x080149b8       0x22 C:/ST/STM32CubeIDE_1.18.0/STM32CubeIDE/plugins/com.st.stm32cube.ide.mcu.externaltools.gnu-tools-for-stm32.13.3.rel1.win32_1.0.0.202411081344/tools/bin/../lib/gcc/arm-none-eabi/13.3.1/../../../../arm-none-eabi/lib/thumb/v7e-m+fp/hard\libc_nano.a(libc_a-stdio.o)
                0x080149b8                __sread
 .text.__swrite
                0x080149da       0x38 C:/ST/STM32CubeIDE_1.18.0/STM32CubeIDE/plugins/com.st.stm32cube.ide.mcu.externaltools.gnu-tools-for-stm32.13.3.rel1.win32_1.0.0.202411081344/tools/bin/../lib/gcc/arm-none-eabi/13.3.1/../../../../arm-none-eabi/lib/thumb/v7e-m+fp/hard\libc_nano.a(libc_a-stdio.o)
                0x080149da                __swrite
 .text.__sseek  0x08014a12       0x24 C:/ST/STM32CubeIDE_1.18.0/STM32CubeIDE/plugins/com.st.stm32cube.ide.mcu.externaltools.gnu-tools-for-stm32.13.3.rel1.win32_1.0.0.202411081344/tools/bin/../lib/gcc/arm-none-eabi/13.3.1/../../../../arm-none-eabi/lib/thumb/v7e-m+fp/hard\libc_nano.a(libc_a-stdio.o)
                0x08014a12                __sseek
 .text.__sclose
                0x08014a36        0x8 C:/ST/STM32CubeIDE_1.18.0/STM32CubeIDE/plugins/com.st.stm32cube.ide.mcu.externaltools.gnu-tools-for-stm32.13.3.rel1.win32_1.0.0.202411081344/tools/bin/../lib/gcc/arm-none-eabi/13.3.1/../../../../arm-none-eabi/lib/thumb/v7e-m+fp/hard\libc_nano.a(libc_a-stdio.o)
                0x08014a36                __sclose
 .text.memset   0x08014a3e       0x10 C:/ST/STM32CubeIDE_1.18.0/STM32CubeIDE/plugins/com.st.stm32cube.ide.mcu.externaltools.gnu-tools-for-stm32.13.3.rel1.win32_1.0.0.202411081344/tools/bin/../lib/gcc/arm-none-eabi/13.3.1/../../../../arm-none-eabi/lib/thumb/v7e-m+fp/hard\libc_nano.a(libc_a-memset.o)
                0x08014a3e                memset
 *fill*         0x08014a4e        0x2 
 .text._localeconv_r
                0x08014a50        0x8 C:/ST/STM32CubeIDE_1.18.0/STM32CubeIDE/plugins/com.st.stm32cube.ide.mcu.externaltools.gnu-tools-for-stm32.13.3.rel1.win32_1.0.0.202411081344/tools/bin/../lib/gcc/arm-none-eabi/13.3.1/../../../../arm-none-eabi/lib/thumb/v7e-m+fp/hard\libc_nano.a(libc_a-localeconv.o)
                0x08014a50                _localeconv_r
 .text._close_r
                0x08014a58       0x20 C:/ST/STM32CubeIDE_1.18.0/STM32CubeIDE/plugins/com.st.stm32cube.ide.mcu.externaltools.gnu-tools-for-stm32.13.3.rel1.win32_1.0.0.202411081344/tools/bin/../lib/gcc/arm-none-eabi/13.3.1/../../../../arm-none-eabi/lib/thumb/v7e-m+fp/hard\libc_nano.a(libc_a-closer.o)
                0x08014a58                _close_r
 .text._reclaim_reent
                0x08014a78       0xbc C:/ST/STM32CubeIDE_1.18.0/STM32CubeIDE/plugins/com.st.stm32cube.ide.mcu.externaltools.gnu-tools-for-stm32.13.3.rel1.win32_1.0.0.202411081344/tools/bin/../lib/gcc/arm-none-eabi/13.3.1/../../../../arm-none-eabi/lib/thumb/v7e-m+fp/hard\libc_nano.a(libc_a-reent.o)
                0x08014a78                _reclaim_reent
 .text._lseek_r
                0x08014b34       0x24 C:/ST/STM32CubeIDE_1.18.0/STM32CubeIDE/plugins/com.st.stm32cube.ide.mcu.externaltools.gnu-tools-for-stm32.13.3.rel1.win32_1.0.0.202411081344/tools/bin/../lib/gcc/arm-none-eabi/13.3.1/../../../../arm-none-eabi/lib/thumb/v7e-m+fp/hard\libc_nano.a(libc_a-lseekr.o)
                0x08014b34                _lseek_r
 .text._read_r  0x08014b58       0x24 C:/ST/STM32CubeIDE_1.18.0/STM32CubeIDE/plugins/com.st.stm32cube.ide.mcu.externaltools.gnu-tools-for-stm32.13.3.rel1.win32_1.0.0.202411081344/tools/bin/../lib/gcc/arm-none-eabi/13.3.1/../../../../arm-none-eabi/lib/thumb/v7e-m+fp/hard\libc_nano.a(libc_a-readr.o)
                0x08014b58                _read_r
 .text._write_r
                0x08014b7c       0x24 C:/ST/STM32CubeIDE_1.18.0/STM32CubeIDE/plugins/com.st.stm32cube.ide.mcu.externaltools.gnu-tools-for-stm32.13.3.rel1.win32_1.0.0.202411081344/tools/bin/../lib/gcc/arm-none-eabi/13.3.1/../../../../arm-none-eabi/lib/thumb/v7e-m+fp/hard\libc_nano.a(libc_a-writer.o)
                0x08014b7c                _write_r