Archive member included to satisfy reference by file (symbol)

C:/ST/STM32CubeIDE_1.18.0/STM32CubeIDE/plugins/com.st.stm32cube.ide.mcu.externaltools.gnu-tools-for-stm32.13.3.rel1.win32_1.0.0.202411081344/tools/bin/../lib/gcc/arm-none-eabi/13.3.1/../../../../arm-none-eabi/lib/thumb/v7e-m+fp/hard\libc_nano.a(libc_a-exit.o)
                              C:/ST/STM32CubeIDE_1.18.0/STM32CubeIDE/plugins/com.st.stm32cube.ide.mcu.externaltools.gnu-tools-for-stm32.13.3.rel1.win32_1.0.0.202411081344/tools/bin/../lib/gcc/arm-none-eabi/13.3.1/../../../../arm-none-eabi/lib/thumb/v7e-m+fp/hard/crt0.o (exit)
C:/ST/STM32CubeIDE_1.18.0/STM32CubeIDE/plugins/com.st.stm32cube.ide.mcu.externaltools.gnu-tools-for-stm32.13.3.rel1.win32_1.0.0.202411081344/tools/bin/../lib/gcc/arm-none-eabi/13.3.1/../../../../arm-none-eabi/lib/thumb/v7e-m+fp/hard\libc_nano.a(libc_a-nano-vfprintf_float.o)
                              (_printf_float)
C:/ST/STM32CubeIDE_1.18.0/STM32CubeIDE/plugins/com.st.stm32cube.ide.mcu.externaltools.gnu-tools-for-stm32.13.3.rel1.win32_1.0.0.202411081344/tools/bin/../lib/gcc/arm-none-eabi/13.3.1/../../../../arm-none-eabi/lib/thumb/v7e-m+fp/hard\libc_nano.a(libc_a-nano-vfprintf_i.o)
                              C:/ST/STM32CubeIDE_1.18.0/STM32CubeIDE/plugins/com.st.stm32cube.ide.mcu.externaltools.gnu-tools-for-stm32.13.3.rel1.win32_1.0.0.202411081344/tools/bin/../lib/gcc/arm-none-eabi/13.3.1/../../../../arm-none-eabi/lib/thumb/v7e-m+fp/hard\libc_nano.a(libc_a-nano-vfprintf_float.o) (_printf_common)
C:/ST/STM32CubeIDE_1.18.0/STM32CubeIDE/plugins/com.st.stm32cube.ide.mcu.externaltools.gnu-tools-for-stm32.13.3.rel1.win32_1.0.0.202411081344/tools/bin/../lib/gcc/arm-none-eabi/13.3.1/../../../../arm-none-eabi/lib/thumb/v7e-m+fp/hard\libc_nano.a(libc_a-findfp.o)
                              ./Middlewares/Third_Party/FreeRTOS/Source/tasks.o (__sf)
C:/ST/STM32CubeIDE_1.18.0/STM32CubeIDE/plugins/com.st.stm32cube.ide.mcu.externaltools.gnu-tools-for-stm32.13.3.rel1.win32_1.0.0.202411081344/tools/bin/../lib/gcc/arm-none-eabi/13.3.1/../../../../arm-none-eabi/lib/thumb/v7e-m+fp/hard\libc_nano.a(libc_a-fwalk.o)
                              C:/ST/STM32CubeIDE_1.18.0/STM32CubeIDE/plugins/com.st.stm32cube.ide.mcu.externaltools.gnu-tools-for-stm32.13.3.rel1.win32_1.0.0.202411081344/tools/bin/../lib/gcc/arm-none-eabi/13.3.1/../../../../arm-none-eabi/lib/thumb/v7e-m+fp/hard\libc_nano.a(libc_a-findfp.o) (_fwalk_sglue)
C:/ST/STM32CubeIDE_1.18.0/STM32CubeIDE/plugins/com.st.stm32cube.ide.mcu.externaltools.gnu-tools-for-stm32.13.3.rel1.win32_1.0.0.202411081344/tools/bin/../lib/gcc/arm-none-eabi/13.3.1/../../../../arm-none-eabi/lib/thumb/v7e-m+fp/hard\libc_nano.a(libc_a-stdio.o)
                              C:/ST/STM32CubeIDE_1.18.0/STM32CubeIDE/plugins/com.st.stm32cube.ide.mcu.externaltools.gnu-tools-for-stm32.13.3.rel1.win32_1.0.0.202411081344/tools/bin/../lib/gcc/arm-none-eabi/13.3.1/../../../../arm-none-eabi/lib/thumb/v7e-m+fp/hard\libc_nano.a(libc_a-findfp.o) (__sread)
C:/ST/STM32CubeIDE_1.18.0/STM32CubeIDE/plugins/com.st.stm32cube.ide.mcu.externaltools.gnu-tools-for-stm32.13.3.rel1.win32_1.0.0.202411081344/tools/bin/../lib/gcc/arm-none-eabi/13.3.1/../../../../arm-none-eabi/lib/thumb/v7e-m+fp/hard\libc_nano.a(libc_a-memset.o)
                              C:/ST/STM32CubeIDE_1.18.0/STM32CubeIDE/plugins/com.st.stm32cube.ide.mcu.externaltools.gnu-tools-for-stm32.13.3.rel1.win32_1.0.0.202411081344/tools/bin/../lib/gcc/arm-none-eabi/13.3.1/../../../../arm-none-eabi/lib/thumb/v7e-m+fp/hard/crt0.o (memset)
C:/ST/STM32CubeIDE_1.18.0/STM32CubeIDE/plugins/com.st.stm32cube.ide.mcu.externaltools.gnu-tools-for-stm32.13.3.rel1.win32_1.0.0.202411081344/tools/bin/../lib/gcc/arm-none-eabi/13.3.1/../../../../arm-none-eabi/lib/thumb/v7e-m+fp/hard\libc_nano.a(libc_a-localeconv.o)
                              C:/ST/STM32CubeIDE_1.18.0/STM32CubeIDE/plugins/com.st.stm32cube.ide.mcu.externaltools.gnu-tools-for-stm32.13.3.rel1.win32_1.0.0.202411081344/tools/bin/../lib/gcc/arm-none-eabi/13.3.1/../../../../arm-none-eabi/lib/thumb/v7e-m+fp/hard\libc_nano.a(libc_a-nano-vfprintf_float.o) (_localeconv_r)
C:/ST/STM32CubeIDE_1.18.0/STM32CubeIDE/plugins/com.st.stm32cube.ide.mcu.externaltools.gnu-tools-for-stm32.13.3.rel1.win32_1.0.0.202411081344/tools/bin/../lib/gcc/arm-none-eabi/13.3.1/../../../../arm-none-eabi/lib/thumb/v7e-m+fp/hard\libc_nano.a(libc_a-closer.o)
                              C:/ST/STM32CubeIDE_1.18.0/STM32CubeIDE/plugins/com.st.stm32cube.ide.mcu.externaltools.gnu-tools-for-stm32.13.3.rel1.win32_1.0.0.202411081344/tools/bin/../lib/gcc/arm-none-eabi/13.3.1/../../../../arm-none-eabi/lib/thumb/v7e-m+fp/hard\libc_nano.a(libc_a-stdio.o) (_close_r)
C:/ST/STM32CubeIDE_1.18.0/STM32CubeIDE/plugins/com.st.stm32cube.ide.mcu.externaltools.gnu-tools-for-stm32.13.3.rel1.win32_1.0.0.202411081344/tools/bin/../lib/gcc/arm-none-eabi/13.3.1/../../../../arm-none-eabi/lib/thumb/v7e-m+fp/hard\libc_nano.a(libc_a-reent.o)
[...]
Memory Configuration

Name             Origin             Length             Attributes
RAM              0x20000000         0x00020000         xrw
FLASH            0x08000000         0x00080000         xr
*default*        0x00000000         0xffffffff

Linker script and memory map

LOAD C:/ST/STM32CubeIDE_1.18.0/STM32CubeIDE/plugins/com.st.stm32cube.ide.mcu.externaltools.gnu-tools-for-stm32.13.3.rel1.win32_1.0.0.202411081344/tools/bin/../lib/gcc/arm-none-eabi/13.3.1/thumb/v7e-m+fp/hard/crti.o
LOAD C:/ST/STM32CubeIDE_1.18.0/STM32CubeIDE/plugins/com.st.stm32cube.ide.mcu.externaltools.gnu-tools-for-stm32.13.3.rel1.win32_1.0.0.202411081344/tools/bin/../lib/gcc/arm-none-eabi/13.3.1/thumb/v7e-m+fp/hard/crtbegin.o
LOAD C:/ST/STM32CubeIDE_1.18.0/STM32CubeIDE/plugins/com.st.stm32cube.ide.mcu.externaltools.gnu-tools-for-stm32.13.3.rel1.win32_1.0.0.202411081344/tools/bin/../lib/gcc/arm-none-eabi/13.3.1/../../../../arm-none-eabi/lib/thumb/v7e-m+fp/hard/crt0.o
LOAD ./Core/Src/Board2.o
LOAD ./Core/Src/app_freertos.o
LOAD ./Core/Src/board2_functions.o
LOAD ./Core/Src/controller.o
LOAD ./Core/Src/crc.o
LOAD ./Core/Src/deadline_watchdog.o
LOAD ./Core/Src/dma.o
LOAD ./Core/Src/dwt_dealy.o
LOAD ./Core/Src/gpio.o
LOAD ./Core/Src/hcsr04.o
LOAD ./Core/Src/i2c.o
LOAD ./Core/Src/main.o
LOAD ./Core/Src/motor.o
LOAD ./Core/Src/mpu6050.o
LOAD ./Core/Src/stm32g4xx_hal_msp.o
LOAD ./Core/Src/stm32g4xx_hal_timebase_tim.o
LOAD ./Core/Src/stm32g4xx_it.o
LOAD ./Core/Src/syscalls.o
LOAD ./Core/Src/sysmem.o
LOAD ./Core/Src/system_stm32g4xx.o
LOAD ./Core/Src/tim.o
LOAD ./Core/Src/usart.o
LOAD ./Core/Startup/startup_stm32g474retx.o
LOAD ./Drivers/STM32G4xx_HAL_Driver/Src/stm32g4xx_hal.o
LOAD ./Drivers/STM32G4xx_HAL_Driver/Src/stm32g4xx_hal_cortex.o
LOAD ./Drivers/STM32G4xx_HAL_Driver/Src/stm32g4xx_hal_crc.o
LOAD ./Drivers/STM32G4xx_HAL_Driver/Src/stm32g4xx_hal_crc_ex.o
LOAD ./Drivers/STM32G4xx_HAL_Driver/Src/stm32g4xx_hal_dma.o
LOAD ./Drivers/STM32G4xx_HAL_Driver/Src/stm32g4xx_hal_dma_ex.o
LOAD ./Drivers/STM32G4xx_HAL_Driver/Src/stm32g4xx_hal_exti.o
LOAD ./Drivers/STM32G4xx_HAL_Driver/Src/stm32g4xx_hal_flash.o
LOAD ./Drivers/STM32G4xx_HAL_Driver/Src/stm32g4xx_hal_flash_ex.o
LOAD ./Drivers/STM32G4xx_HAL_Driver/Src/stm32g4xx_hal_flash_ramfunc.o
LOAD ./Drivers/STM32G4xx_HAL_Driver/Src/stm32g4xx_hal_gpio.o
LOAD ./Drivers/STM32G4xx_HAL_Driver/Src/stm32g4xx_hal_i2c.o
LOAD ./Drivers/STM32G4xx_HAL_Driver/Src/stm32g4xx_hal_i2c_ex.o
LOAD ./Drivers/STM32G4xx_HAL_Driver/Src/stm32g4xx_hal_pwr.o
LOAD ./Drivers/STM32G4xx_HAL_Driver/Src/stm32g4xx_hal_pwr_ex.o
LOAD ./Drivers/STM32G4xx_HAL_Driver/Src/stm32g4xx_hal_rcc.o
LOAD ./Drivers/STM32G4xx_HAL_Driver/Src/stm32g4xx_hal_rcc_ex.o
LOAD ./Drivers/STM32G4xx_HAL_Driver/Src/stm32g4xx_hal_tim.o
LOAD ./Drivers/STM32G4xx_HAL_Driver/Src/stm32g4xx_hal_tim_ex.o
LOAD ./Drivers/STM32G4xx_HAL_Driver/Src/stm32g4xx_hal_uart.o
LOAD ./Drivers/STM32G4xx_HAL_Driver/Src/stm32g4xx_hal_uart_ex.o
LOAD ./Middlewares/Third_Party/FreeRTOS/Source/CMSIS_RTOS_V2/cmsis_os2.o
LOAD ./Middlewares/Third_Party/FreeRTOS/Source/croutine.o
LOAD ./Middlewares/Third_Party/FreeRTOS/Source/event_groups.o
LOAD ./Middlewares/Third_Party/FreeRTOS/Source/list.o
LOAD ./Middlewares/Third_Party/FreeRTOS/Source/queue.o
LOAD ./Middlewares/Third_Party/FreeRTOS/Source/stream_buffer.o
LOAD ./Middlewares/Third_Party/FreeRTOS/Source/tasks.o
LOAD ./Middlewares/Third_Party/FreeRTOS/Source/timers.o
LOAD ./Middlewares/Third_Party/FreeRTOS/Source/portable/GCC/ARM_CM4F/port.o
LOAD ./Middlewares/Third_Party/FreeRTOS/Source/portable/MemMang/heap_4.o
START GROUP
LOAD C:/ST/STM32CubeIDE_1.18.0/STM32CubeIDE/plugins/com.st.stm32cube.ide.mcu.externaltools.gnu-tools-for-stm32.13.3.rel1.win32_1.0.0.202411081344/tools/bin/../lib/gcc/arm-none-eabi/13.3.1/../../../../arm-none-eabi/lib/thumb/v7e-m+fp/hard\libc_nano.a
LOAD C:/ST/STM32CubeIDE_1.18.0/STM32CubeIDE/plugins/com.st.stm32cube.ide.mcu.externaltools.gnu-tools-for-stm32.13.3.rel1.win32_1.0.0.202411081344/tools/bin/../lib/gcc/arm-none-eabi/13.3.1/../../../../arm-none-eabi/lib/thumb/v7e-m+fp/hard\libm.a
END GROUP
START GROUP
LOAD C:/ST/STM32CubeIDE_1.18.0/STM32CubeIDE/plugins/com.st.stm32cube.ide.mcu.externaltools.gnu-tools-for-stm32.13.3.rel1.win32_1.0.0.202411081344/tools/bin/../lib/gcc/arm-none-eabi/13.3.1/thumb/v7e-m+fp/hard\libgcc.a
LOAD C:/ST/STM32CubeIDE_1.18.0/STM32CubeIDE/plugins/com.st.stm32cube.ide.mcu.externaltools.gnu-tools-for-stm32.13.3.rel1.win32_1.0.0.202411081344/tools/bin/../lib/gcc/arm-none-eabi/13.3.1/../../../../arm-none-eabi/lib/thumb/v7e-m+fp/hard\libc_nano.a
END GROUP
START GROUP
LOAD C:/ST/STM32CubeIDE_1.18.0/STM32CubeIDE/plugins/com.st.stm32cube.ide.mcu.externaltools.gnu-tools-for-stm32.13.3.rel1.win32_1.0.0.202411081344/tools/bin/../lib/gcc/arm-none-eabi/13.3.1/thumb/v7e-m+fp/hard\libgcc.a
LOAD C:/ST/STM32CubeIDE_1.18.0/STM32CubeIDE/plugins/com.st.stm32cube.ide.mcu.externaltools.gnu-tools-for-stm32.13.3.rel1.win32_1.0.0.202411081344/tools/bin/../lib/gcc/arm-none-eabi/13.3.1/../../../../arm-none-eabi/lib/thumb/v7e-m+fp/hard\libc_nano.a
LOAD C:/ST/STM32CubeIDE_1.18.0/STM32CubeIDE/plugins/com.st.stm32cube.ide.mcu.externaltools.gnu-tools-for-stm32.13.3.rel1.win32_1.0.0.202411081344/tools/bin/../lib/gcc/arm-none-eabi/13.3.1/../../../../arm-none-eabi/lib/thumb/v7e-m+fp/hard\libnosys.a
END GROUP
START GROUP
LOAD C:/ST/STM32CubeIDE_1.18.0/STM32CubeIDE/plugins/com.st.stm32cube.ide.mcu.externaltools.gnu-tools-for-stm32.13.3.rel1.win32_1.0.0.202411081344/tools/bin/../lib/gcc/arm-none-eabi/13.3.1/thumb/v7e-m+fp/hard\libgcc.a
LOAD C:/ST/STM32CubeIDE_1.18.0/STM32CubeIDE/plugins/com.st.stm32cube.ide.mcu.externaltools.gnu-tools-for-stm32.13.3.rel1.win32_1.0.0.202411081344/tools/bin/../lib/gcc/arm-none-eabi/13.3.1/../../../../arm-none-eabi/lib/thumb/v7e-m+fp/hard\libc_nano.a
LOAD C:/ST/STM32CubeIDE_1.18.0/STM32CubeIDE/plugins/com.st.stm32cube.ide.mcu.externaltools.gnu-tools-for-stm32.13.3.rel1.win32_1.0.0.202411081344/tools/bin/../lib/gcc/arm-none-eabi/13.3.1/../../../../arm-none-eabi/lib/thumb/v7e-m+fp/hard\libnosys.a
END GROUP
LOAD C:/ST/STM32CubeIDE_1.18.0/STM32CubeIDE/plugins/com.st.stm32cube.ide.mcu.externaltools.gnu-tools-for-stm32.13.3.rel1.win32_1.0.0.202411081344/tools/bin/../lib/gcc/arm-none-eabi/13.3.1/thumb/v7e-m+fp/hard/crtend.o
LOAD C:/ST/STM32CubeIDE_1.18.0/STM32CubeIDE/plugins/com.st.stm32cube.ide.mcu.externaltools.gnu-tools-for-stm32.13.3.rel1.win32_1.0.0.202411081344/tools/bin/../lib/gcc/arm-none-eabi/13.3.1/thumb/v7e-m+fp/hard/crtn.o
                0x20020000                        _estack = (ORIGIN (RAM) + LENGTH (RAM))
                0x00000200                        _Min_Heap_Size = 0x200
                0x00000400                        _Min_Stack_Size = 0x400

.isr_vector     0x08000000      0x1d8
                0x08000000                        . = ALIGN (0x4)
 *(.isr_vector)
 .isr_vector    0x08000000      0x1d8 ./Core/Startup/startup_stm32g474retx.o
                0x08000000                g_pfnVectors
                0x080001d8                        . = ALIGN (0x4)

.text           0x080001e0    0x14a6c
                0x080001e0                        . = ALIGN (0x4)
 *(.text)
 .text          0x080001e0       0x40 C:/ST/STM32CubeIDE_1.18.0/STM32CubeIDE/plugins/com.st.stm32cube.ide.mcu.externaltools.gnu-tools-for-stm32.13.3.rel1.win32_1.0.0.202411081344/tools/bin/../lib/gcc/arm-none-eabi/13.3.1/thumb/v7e-m+fp/hard/crtbegin.o
 .text          0x08000220       0xa0 C:/ST/STM32CubeIDE_1.18.0/STM32CubeIDE/plugins/com.st.stm32cube.ide.mcu.externaltools.gnu-tools-for-stm32.13.3.rel1.win32_1.0.0.202411081344/tools/bin/../lib/gcc/arm-none-eabi/13.3.1/../../../../arm-none-eabi/lib/thumb/v7e-m+fp/hard\libc_nano.a(libc_a-memchr.o)
                0x08000220                memchr
 .text          0x080002c0       0x10 C:/ST/STM32CubeIDE_1.18.0/STM32CubeIDE/plugins/com.st.stm32cube.ide.mcu.externaltools.gnu-tools-for-stm32.13.3.rel1.win32_1.0.0.202411081344/tools/bin/../lib/gcc/arm-none-eabi/13.3.1/../../../../arm-none-eabi/lib/thumb/v7e-m+fp/hard\libc_nano.a(libc_a-strlen.o)
                0x080002c0                strlen
 .text          0x080002d0      0x378 C:/ST/STM32CubeIDE_1.18.0/STM32CubeIDE/plugins/com.st.stm32cube.ide.mcu.externaltools.gnu-tools-for-stm32.13.3.rel1.win32_1.0.0.202411081344/tools/bin/../lib/gcc/arm-none-eabi/13.3.1/thumb/v7e-m+fp/hard\libgcc.a(_arm_addsubdf3.o)
                0x080002d0                __aeabi_drsub
                0x080002d8                __aeabi_dsub
                0x080002d8                __subdf3
                0x080002dc                __aeabi_dadd
                0x080002dc                __adddf3
                0x08000554                __floatunsidf
                0x08000554                __aeabi_ui2d
                0x08000574                __floatsidf
                0x08000574                __aeabi_i2d
                0x08000598                __aeabi_f2d
                0x08000598                __extendsfdf2
                0x080005dc                __floatundidf
                0x080005dc                __aeabi_ul2d
                0x080005ec                __floatdidf
                0x080005ec                __aeabi_l2d
 .text          0x08000648      0x424 C:/ST/STM32CubeIDE_1.18.0/STM32CubeIDE/plugins/com.st.stm32cube.ide.mcu.externaltools.gnu-tools-for-stm32.13.3.rel1.win32_1.0.0.202411081344/tools/bin/../lib/gcc/arm-none-eabi/13.3.1/thumb/v7e-m+fp/hard\libgcc.a(_arm_muldivdf3.o)
                0x08000648                __aeabi_dmul
                0x08000648                __muldf3
                0x0800089c                __divdf3
                0x0800089c                __aeabi_ddiv
 .text          0x08000a6c      0x110 C:/ST/STM32CubeIDE_1.18.0/STM32CubeIDE/plugins/com.st.stm32cube.ide.mcu.externaltools.gnu-tools-for-stm32.13.3.rel1.win32_1.0.0.202411081344/tools/bin/../lib/gcc/arm-none-eabi/13.3.1/thumb/v7e-m+fp/hard\libgcc.a(_arm_cmpdf2.o)
                0x08000a6c                __gtdf2
                0x08000a6c                __gedf2
                0x08000a74                __ltdf2
                0x08000a74                __ledf2
                0x08000a7c                __nedf2
                0x08000a7c                __eqdf2
                0x08000a7c                __cmpdf2
                0x08000af8                __aeabi_cdrcmple
                0x08000b08                __aeabi_cdcmpeq
                0x08000b08                __aeabi_cdcmple
                0x08000b18                __aeabi_dcmpeq
                0x08000b2c                __aeabi_dcmplt
                0x08000b40                __aeabi_dcmple
                0x08000b54                __aeabi_dcmpge
                0x08000b68                __aeabi_dcmpgt
 .text          0x08000b7c       0x2c C:/ST/STM32CubeIDE_1.18.0/STM32CubeIDE/plugins/com.st.stm32cube.ide.mcu.externaltools.gnu-tools-for-stm32.13.3.rel1.win32_1.0.0.202411081344/tools/bin/../lib/gcc/arm-none-eabi/13.3.1/thumb/v7e-m+fp/hard\libgcc.a(_arm_unorddf2.o)
                0x08000b7c                __unorddf2
                0x08000b7c                __aeabi_dcmpun
 .text          0x08000ba8       0x50 C:/ST/STM32CubeIDE_1.18.0/STM32CubeIDE/plugins/com.st.stm32cube.ide.mcu.externaltools.gnu-tools-for-stm32.13.3.rel1.win32_1.0.0.202411081344/tools/bin/../lib/gcc/arm-none-eabi/13.3.1/thumb/v7e-m+fp/hard\libgcc.a(_arm_fixdfsi.o)
                0x08000ba8                __aeabi_d2iz
                0x08000ba8                __fixdfsi
 .text          0x08000bf8       0x40 C:/ST/STM32CubeIDE_1.18.0/STM32CubeIDE/plugins/com.st.stm32cube.ide.mcu.externaltools.gnu-tools-for-stm32.13.3.rel1.win32_1.0.0.202411081344/tools/bin/../lib/gcc/arm-none-eabi/13.3.1/thumb/v7e-m+fp/hard\libgcc.a(_arm_fixunsdfsi.o)
                0x08000bf8                __aeabi_d2uiz
                0x08000bf8                __fixunsdfsi
 .text          0x08000c38       0x30 C:/ST/STM32CubeIDE_1.18.0/STM32CubeIDE/plugins/com.st.stm32cube.ide.mcu.externaltools.gnu-tools-for-stm32.13.3.rel1.win32_1.0.0.202411081344/tools/bin/../lib/gcc/arm-none-eabi/13.3.1/thumb/v7e-m+fp/hard\libgcc.a(_aeabi_uldivmod.o)
                0x08000c38                __aeabi_uldivmod
 .text          0x08000c68      0x2f8 C:/ST/STM32CubeIDE_1.18.0/STM32CubeIDE/plugins/com.st.stm32cube.ide.mcu.externaltools.gnu-tools-for-stm32.13.3.rel1.win32_1.0.0.202411081344/tools/bin/../lib/gcc/arm-none-eabi/13.3.1/thumb/v7e-m+fp/hard\libgcc.a(_udivmoddi4.o)
                0x08000c68                __udivmoddi4
 .text          0x08000f60        0x4 C:/ST/STM32CubeIDE_1.18.0/STM32CubeIDE/plugins/com.st.stm32cube.ide.mcu.externaltools.gnu-tools-for-stm32.13.3.rel1.win32_1.0.0.202411081344/tools/bin/../lib/gcc/arm-none-eabi/13.3.1/thumb/v7e-m+fp/hard\libgcc.a(_dvmd_tls.o)
                0x08000f60                __aeabi_idiv0
                0x08000f60                __aeabi_ldiv0
 *(.text*)
 .text.Board2_Enable_MUX
                0x08000f64        0xc ./Core/Src/Board2.o
 .text.Board2_Update_Local_State
                0x08000f70       0xb0 ./Core/Src/Board2.o
 .text.Board2_Open_Session
                0x08001020        0xc ./Core/Src/Board2.o
 .text.Board2_Raise_MTalk
                0x0800102c        0xc ./Core/Src/Board2.o
 .text.Board2_Get_Timestamp
                0x08001038        0xe ./Core/Src/Board2.o
 *fill*         0x08001046        0x2 
 .text.Board2_Rover_Lights_OFF
                0x08001048       0x34 ./Core/Src/Board2.o
 .text.Board2_enter_internal_Normal
                0x0800107c      0x160 ./Core/Src/Board2.o
 .text.Board2_Is_STalk_High
                0x080011dc        0xe ./Core/Src/Board2.o
 .text.Board2_Check_Timeout_Us
                0x080011ea       0x1c ./Core/Src/Board2.o
 .text.Board2_Abort_Communication
                0x08001206        0xc ./Core/Src/Board2.o
 .text.Board2_Close_Session
                0x08001212        0xc ./Core/Src/Board2.o
 .text.Board2_Lower_MTalk
                0x0800121e        0xc ./Core/Src/Board2.o
 .text.Board2_Send_Ping
                0x0800122a        0xc ./Core/Src/Board2.o
 *fill*         0x08001236        0x2 
 .text.Board2_Wait_Ping
                0x08001238       0x14 ./Core/Src/Board2.o
 .text.Board2_Is_Rx_Finished
                0x0800124c        0xe ./Core/Src/Board2.o
 *fill*         0x0800125a        0x2 
 .text.Board2_Verify_Ping
                0x0800125c       0x1c ./Core/Src/Board2.o
 .text.Board2_Is_Tx_Finished
                0x08001278        0xe ./Core/Src/Board2.o
 *fill*         0x08001286        0x2 
 .text.Board2_Compute_Degraded_Actions
                0x08001288      0x2e8 ./Core/Src/Board2.o
 .text.Bo_exit_internal_Normal_voltage
                0x08001570       0x64 ./Core/Src/Board2.o
 .text.Board2_exit_internal_Normal
                0x080015d4      0x110 ./Core/Src/Board2.o
 .text.Board2_Disable_MUX
                0x080016e4        0xc ./Core/Src/Board2.o
 .text.Board2_Send_Decision
                0x080016f0       0x14 ./Core/Src/Board2.o
 .text.Board2_Wait_Decision
                0x08001704       0x14 ./Core/Src/Board2.o
 .text.Board2_Send_Global_State
                0x08001718       0x14 ./Core/Src/Board2.o
 .text.Board2_Wait_Global_State
                0x0800172c       0x14 ./Core/Src/Board2.o
 .text.Board2_Send_Local_State
                0x08001740       0x14 ./Core/Src/Board2.o
 .text.Board2_Wait_State
                0x08001754       0x14 ./Core/Src/Board2.o
 .text.Board2_Local_state_transmitted
                0x08001768       0xac ./Core/Src/Board2.o
 .text.Board_Verify_Decision_Integrity
                0x08001814       0x14 ./Core/Src/Board2.o
 .text.Board2_Write_Output
                0x08001828       0x30 ./Core/Src/Board2.o
 .text.Board2_Receive_decision
                0x08001858      0x240 ./Core/Src/Board2.o
 .text.Board2_Verify_Global_Integrity
                0x08001a98       0x14 ./Core/Src/Board2.o
 .text.Board2_Critical_Voltage
                0x08001aac       0x2c ./Core/Src/Board2.o
 .text.Board2_Is_Rover_Stationary
                0x08001ad8       0x98 ./Core/Src/Board2.o
 .text.Board2_Emergency_B_Pressed
                0x08001b70       0x3c ./Core/Src/Board2.o
 .text.Board2_Turn_Left
                0x08001bac       0x3c ./Core/Src/Board2.o
 .text.Board2_Turn_Right
                0x08001be8       0x3c ./Core/Src/Board2.o
 .text.Board2_Update_Angle
                0x08001c24       0x54 ./Core/Src/Board2.o
 .text.Board2_Stop_Motors
                0x08001c78       0x3c ./Core/Src/Board2.o
 .text.Board2_Emergency_sonar_routine
                0x08001cb4      0x200 ./Core/Src/Board2.o
 .text.Board2_Stop_B_Pressed
                0x08001eb4       0x3c ./Core/Src/Board2.o
 .text.Board2_Near_Obstacle
                0x08001ef0       0x50 ./Core/Src/Board2.o
 .text.Moving_obstacle_from_left_routi
                0x08001f40      0x1a4 ./Core/Src/Board2.o
 .text.Moving_obstacle_from_right_rout
                0x080020e4      0x1a4 ./Core/Src/Board2.o
 .text.Board2_Is_Rover_Moving_Forward
                0x08002288       0x98 ./Core/Src/Board2.o
 .text.Board2_Emergency_S_Routine
                0x08002320       0x50 ./Core/Src/Board2.o
 .text.Board2_Mov_Obs_R_Routine
                0x08002370       0x50 ./Core/Src/Board2.o
 .text.Board2_Mov_Obs_L_Routine
                0x080023c0       0x50 ./Core/Src/Board2.o
 .text.Board2_Stop_Slow_Routine
                0x08002410       0x6c ./Core/Src/Board2.o
 .text.Low_Controller_Battery_Routine
                0x0800247c       0x34 ./Core/Src/Board2.o
 .text.Board2_Spec_Retro_Routine
                0x080024b0       0x58 ./Core/Src/Board2.o
 .text.Board2_Stationary_Obs_Routine
                0x08002508       0x5c ./Core/Src/Board2.o
 .text.Board2_Process_User_Commands
                0x08002564      0x1d4 ./Core/Src/Board2.o
 .text.Board2_Turn_Back
                0x08002738       0x3c ./Core/Src/Board2.o
 .text.Board2_Select_routine
                0x08002774      0x1ec ./Core/Src/Board2.o
 .text.Board2_Mov_Obs_Right
                0x08002960       0x34 ./Core/Src/Board2.o
 .text.Board2_Mov_Obs_Left
                0x08002994       0x34 ./Core/Src/Board2.o
 .text.Board2_Routine_manager
                0x080029c8      0x3f0 ./Core/Src/Board2.o
 .text.Board2_Lights_B_Pressed
                0x08002db8       0x54 ./Core/Src/Board2.o
 .text.Board2_Update_Rover_Lights
                0x08002e0c      0x420 ./Core/Src/Board2.o
 .text.Board2_Mode_B_Pressed
                0x0800322c       0x54 ./Core/Src/Board2.o
 .text.Board2_Actions
                0x08003280      0x334 ./Core/Src/Board2.o
 .text.Board2_isequal_l
                0x080035b4       0x2e ./Core/Src/Board2.o
 .text.Board2_isequal
                0x080035e2      0x22c ./Core/Src/Board2.o
 *fill*         0x0800380e        0x2 
 .text.Board2_Receive_global_state
                0x08003810      0x1c0 ./Core/Src/Board2.o
 .text.Board2_Verify_State_Integrity
                0x080039d0       0x14 ./Core/Src/Board2.o
 .text.Board2_Obs_Sonar2
                0x080039e4       0x30 ./Core/Src/Board2.o
 .text.Board2_Check_Timeout_Ms
                0x08003a14       0x1c ./Core/Src/Board2.o
 .text.Board2_Obs_Sonar1
                0x08003a30       0x30 ./Core/Src/Board2.o
 .text.Board2_Obs_Sonar3
                0x08003a60       0x30 ./Core/Src/Board2.o
 .text.Board2_Moving_obstacle
                0x08003a90      0x208 ./Core/Src/Board2.o
 .text.Board2_Button2_Pressed_Retro
                0x08003c98       0x54 ./Core/Src/Board2.o
 .text.Board2_Button1_Pressed_Retro
                0x08003cec       0x54 ./Core/Src/Board2.o
 .text.Board2_Button2_Pressed_Obs
                0x08003d40       0x54 ./Core/Src/Board2.o
 .text.Board2_Button1_Pressed_Obs
                0x08003d94       0x54 ./Core/Src/Board2.o
 .text.Board2_Combo
                0x08003de8      0x17c ./Core/Src/Board2.o
 .text.Board2_Low_Voltage
                0x08003f64       0x30 ./Core/Src/Board2.o
 .text.Board2_High_Temp
                0x08003f94       0x30 ./Core/Src/Board2.o
 .text.Boa_Battery_temperature_manager
                0x08003fc4      0x210 ./Core/Src/Board2.o
 .text.Board2_Update_Global_State
                0x080041d4       0x68 ./Core/Src/Board2.o
 .text.Board2_Receive_state
                0x0800423c      0x104 ./Core/Src/Board2.o
 .text.Board2_Supervisor
                0x08004340      0x4a0 ./Core/Src/Board2.o
 .text.Board2_Init_Data_Structures
                0x080047e0       0x7c ./Core/Src/Board2.o
 .text.Board2_step
                0x0800485c      0x360 ./Core/Src/Board2.o
                0x0800485c                Board2_step
 .text.Board2_initialize
                0x08004bbc       0x28 ./Core/Src/Board2.o
                0x08004bbc                Board2_initialize
 .text.app_delay_us
                0x08004be4       0x16 ./Core/Src/app_freertos.o
 .text.ramp     0x08004bfa       0x74 ./Core/Src/app_freertos.o
 *fill*         0x08004c6e        0x2 
 .text.MX_FREERTOS_Init
                0x08004c70      0x1e4 ./Core/Src/app_freertos.o
                0x08004c70                MX_FREERTOS_Init
 .text.readSonarTask
                0x08004e54      0x110 ./Core/Src/app_freertos.o
                0x08004e54                readSonarTask
 .text.supervisionTask
                0x08004f64       0x3c ./Core/Src/app_freertos.o
                0x08004f64                supervisionTask
 .text.telemetryLoggerTask
                0x08004fa0      0x2c4 ./Core/Src/app_freertos.o
                0x08004fa0                telemetryLoggerTask
 .text.supervision_read_inputs
                0x08005264       0xcc ./Core/Src/app_freertos.o
 .text.executeSupervision
                0x08005330      0x118 ./Core/Src/app_freertos.o
                0x08005330                executeSupervision
 .text.supervision_apply_actuation
                0x08005448      0x360 ./Core/Src/app_freertos.o
 .text.deadlineProcedure
                0x080057a8       0x3c ./Core/Src/app_freertos.o
                0x080057a8                deadlineProcedure
 .text.Copy_StateBusB1
                0x080057e4       0x4e ./Core/Src/board2_functions.o
 .text.Copy_StateBusB2
                0x08005832       0x8e ./Core/Src/board2_functions.o
 .text.Copy_GSBus
                0x080058c0       0x60 ./Core/Src/board2_functions.o
 .text.Copy_DecBus
                0x08005920       0x6e ./Core/Src/board2_functions.o
 *fill*         0x0800598e        0x2 
 .text.UART_Is_Tx_Complete
                0x08005990       0x28 ./Core/Src/board2_functions.o
                0x08005990                UART_Is_Tx_Complete
 .text.UART_Is_Rx_Complete
                0x080059b8       0x28 ./Core/Src/board2_functions.o
                0x080059b8                UART_Is_Rx_Complete
 .text.UART_Stop_DMA
                0x080059e0       0x14 ./Core/Src/board2_functions.o
                0x080059e0                UART_Stop_DMA
 .text.UART_Send_Local_State
                0x080059f4       0x60 ./Core/Src/board2_functions.o
                0x080059f4                UART_Send_Local_State
 .text.UART_Send_GlobalState
                0x08005a54       0x60 ./Core/Src/board2_functions.o
                0x08005a54                UART_Send_GlobalState
 .text.UART_Send_Decision
                0x08005ab4       0x60 ./Core/Src/board2_functions.o
                0x08005ab4                UART_Send_Decision
 .text.UART_Send_Ping
                0x08005b14       0x20 ./Core/Src/board2_functions.o
                0x08005b14                UART_Send_Ping
 .text.UART_Wait_State
                0x08005b34       0x24 ./Core/Src/board2_functions.o
                0x08005b34                UART_Wait_State
 .text.UART_Wait_GlobalState
                0x08005b58       0x24 ./Core/Src/board2_functions.o
                0x08005b58                UART_Wait_GlobalState
 .text.UART_Wait_Decision
                0x08005b7c       0x24 ./Core/Src/board2_functions.o
                0x08005b7c                UART_Wait_Decision
 .text.UART_Wait_Ping
                0x08005ba0       0x24 ./Core/Src/board2_functions.o
                0x08005ba0                UART_Wait_Ping
 .text.CRC_Check_State
                0x08005bc4       0x64 ./Core/Src/board2_functions.o
                0x08005bc4                CRC_Check_State
 .text.CRC_Check_GlobalState
                0x08005c28       0x64 ./Core/Src/board2_functions.o
                0x08005c28                CRC_Check_GlobalState
 .text.CRC_Check_Decision
                0x08005c8c       0x64 ./Core/Src/board2_functions.o
                0x08005c8c                CRC_Check_Decision
 .text.UART_Check_Ping
                0x08005cf0       0x22 ./Core/Src/board2_functions.o
                0x08005cf0                UART_Check_Ping
 *fill*         0x08005d12        0x2 
 .text.IO_Set_Session
                0x08005d14       0x18 ./Core/Src/board2_functions.o
                0x08005d14                IO_Set_Session
 .text.IO_Reset_Session
                0x08005d2c       0x18 ./Core/Src/board2_functions.o
                0x08005d2c                IO_Reset_Session
 .text.IO_Set_MasterTalk
                0x08005d44       0x18 ./Core/Src/board2_functions.o
                0x08005d44                IO_Set_MasterTalk
 .text.IO_Reset_MasterTalk
                0x08005d5c       0x18 ./Core/Src/board2_functions.o
                0x08005d5c                IO_Reset_MasterTalk
 .text.IO_Read_SlaveTalk
                0x08005d74       0x24 ./Core/Src/board2_functions.o
                0x08005d74                IO_Read_SlaveTalk
 .text.IO_Set_DriverControl
                0x08005d98       0x14 ./Core/Src/board2_functions.o
                0x08005d98                IO_Set_DriverControl
 .text.IO_Reset_DriverControl
                0x08005dac       0x14 ./Core/Src/board2_functions.o
                0x08005dac                IO_Reset_DriverControl
 .text.Time_Get_Tick
                0x08005dc0       0x18 ./Core/Src/board2_functions.o
                0x08005dc0                Time_Get_Tick
 .text.Time_Check_Elapsed_us
                0x08005dd8       0x34 ./Core/Src/board2_functions.o
                0x08005dd8                Time_Check_Elapsed_us
 .text.Time_Check_Elapsed_ms
                0x08005e0c       0x40 ./Core/Src/board2_functions.o
                0x08005e0c                Time_Check_Elapsed_ms
 .text.OS_Enter_Critical
                0x08005e4c        0xc ./Core/Src/board2_functions.o
                0x08005e4c                OS_Enter_Critical
 .text.OS_Exit_Critical
                0x08005e58        0xc ./Core/Src/board2_functions.o
                0x08005e58                OS_Exit_Critical
 .text.telecontrol_init
                0x08005e64       0x6a ./Core/Src/controller.o
                0x08005e64                telecontrol_init
 .text.telecontrol_read
                0x08005ece       0x26 ./Core/Src/controller.o
                0x08005ece                telecontrol_read
 .text.telecontrol_send_telemetry
                0x08005ef4       0x26 ./Core/Src/controller.o
                0x08005ef4                telecontrol_send_telemetry
 .text.get_telecontrol_ay
                0x08005f1a       0x18 ./Core/Src/controller.o
                0x08005f1a                get_telecontrol_ay
 .text.get_telecontrol_a_btn
                0x08005f32       0x18 ./Core/Src/controller.o
                0x08005f32                get_telecontrol_a_btn
 .text.get_telecontrol_bx
                0x08005f4a       0x1c ./Core/Src/controller.o
                0x08005f4a                get_telecontrol_bx
 .text.get_telecontrol_b_btn
                0x08005f66       0x18 ./Core/Src/controller.o
                0x08005f66                get_telecontrol_b_btn
 .text.get_telecontrol_button_btn1
                0x08005f7e       0x18 ./Core/Src/controller.o
                0x08005f7e                get_telecontrol_button_btn1
 .text.get_telecontrol_button_btn2
                0x08005f96       0x18 ./Core/Src/controller.o
                0x08005f96                get_telecontrol_button_btn2
 .text.get_telecontrol_button_btn3
                0x08005fae       0x18 ./Core/Src/controller.o
                0x08005fae                get_telecontrol_button_btn3
 .text.get_telecontrol_button_btn4
                0x08005fc6       0x18 ./Core/Src/controller.o
                0x08005fc6                get_telecontrol_button_btn4
 .text.get_telecontrol_percentage
                0x08005fde       0x18 ./Core/Src/controller.o
                0x08005fde                get_telecontrol_percentage
 *fill*         0x08005ff6        0x2 
 .text.MX_CRC_Init
                0x08005ff8       0x44 ./Core/Src/crc.o
                0x08005ff8                MX_CRC_Init
 .text.HAL_CRC_MspInit
                0x0800603c       0x40 ./Core/Src/crc.o
                0x0800603c                HAL_CRC_MspInit
 .text.DWD_Init
                0x0800607c       0x4e ./Core/Src/deadline_watchdog.o
                0x0800607c                DWD_Init
 .text.DWD_Notify
                0x080060ca       0x42 ./Core/Src/deadline_watchdog.o
                0x080060ca                DWD_Notify
 .text.DWD_CheckStatus
                0x0800610c       0x38 ./Core/Src/deadline_watchdog.o
                0x0800610c                DWD_CheckStatus
 .text.MX_DMA_Init
                0x08006144       0x64 ./Core/Src/dma.o
                0x08006144                MX_DMA_Init
 .text.DWT_Delay_Init
                0x080061a8       0x7c ./Core/Src/dwt_dealy.o
                0x080061a8                DWT_Delay_Init
 .text.DWT_Delay_IsReady
                0x08006224       0x34 ./Core/Src/dwt_dealy.o
                0x08006224                DWT_Delay_IsReady
 .text.dwt_delay_cycles
                0x08006258       0x30 ./Core/Src/dwt_dealy.o
 .text.DWT_Delay_us
                0x08006288       0x84 ./Core/Src/dwt_dealy.o
                0x08006288                DWT_Delay_us
 .text.MX_GPIO_Init
                0x0800630c       0xdc ./Core/Src/gpio.o
                0x0800630c                MX_GPIO_Init
 .text.tim_to_active
                0x080063e8       0x68 ./Core/Src/hcsr04.o
 .text.pulse_ticks
                0x08006450       0x46 ./Core/Src/hcsr04.o
 .text.ticks_to_us
                0x08006496       0xaa ./Core/Src/hcsr04.o
 .text.us_to_cm
                0x08006540       0x28 ./Core/Src/hcsr04.o
 .text.trigger_pulse_10us
                0x08006568       0x38 ./Core/Src/hcsr04.o
 .text.HCSR04_Init
                0x080065a0      0x174 ./Core/Src/hcsr04.o
                0x080065a0                HCSR04_Init
 .text.HCSR04_Start
                0x08006714      0x10a ./Core/Src/hcsr04.o
                0x08006714                HCSR04_Start
 .text.HCSR04_GetDistanceCm
                0x0800681e      0x166 ./Core/Src/hcsr04.o
                0x0800681e                HCSR04_GetDistanceCm
 .text.HCSR04_IC_Callback
                0x08006984      0x1e4 ./Core/Src/hcsr04.o
                0x08006984                HCSR04_IC_Callback
 .text.MX_I2C1_Init
                0x08006b68       0x80 ./Core/Src/i2c.o
                0x08006b68                MX_I2C1_Init
 .text.HAL_I2C_MspInit
                0x08006be8       0xb4 ./Core/Src/i2c.o
                0x08006be8                HAL_I2C_MspInit
 .text.main     0x08006c9c       0x4c ./Core/Src/main.o
                0x08006c9c                main
 .text.SystemClock_Config
                0x08006ce8       0x96 ./Core/Src/main.o
                0x08006ce8                SystemClock_Config
 .text.HAL_TIM_IC_CaptureCallback
                0x08006d7e       0x20 ./Core/Src/main.o
                0x08006d7e                HAL_TIM_IC_CaptureCallback
 .text.vApplicationStackOverflowHook
                0x08006d9e       0x22 ./Core/Src/main.o
                0x08006d9e                vApplicationStackOverflowHook
 .text.HAL_TIM_PeriodElapsedCallback
                0x08006dc0       0x30 ./Core/Src/main.o
                0x08006dc0                HAL_TIM_PeriodElapsedCallback
 .text.Error_Handler
                0x08006df0        0xc ./Core/Src/main.o
                0x08006df0                Error_Handler
 .text.motor_init
                0x08006dfc       0xb2 ./Core/Src/motor.o
                0x08006dfc                motor_init
 *fill*         0x08006eae        0x2 
 .text.motor_set
                0x08006eb0      0x184 ./Core/Src/motor.o
                0x08006eb0                motor_set
 .text.mpu6050_write_reg
                0x08007034       0x44 ./Core/Src/mpu6050.o
 .text.mpu6050_read_reg
                0x08007078       0x42 ./Core/Src/mpu6050.o
 .text.mpu6050_read_bytes
                0x080070ba       0x48 ./Core/Src/mpu6050.o
 *fill*         0x08007102        0x2 
 .text.mpu6050_accel_sensitivity
                0x08007104       0x58 ./Core/Src/mpu6050.o
 .text.mpu6050_gyro_sensitivity
                0x0800715c       0x5c ./Core/Src/mpu6050.o
 .text.mpu6050_reset
                0x080071b8       0x2e ./Core/Src/mpu6050.o
 .text.mpu6050_wake
                0x080071e6       0x2e ./Core/Src/mpu6050.o
 .text.mpu6050_set_accel_range_lowlevel
                0x08007214       0x6a ./Core/Src/mpu6050.o
 .text.mpu6050_set_gyro_range_lowlevel
                0x0800727e       0x6a ./Core/Src/mpu6050.o
 .text.mpu6050_apply_config
                0x080072e8       0x8c ./Core/Src/mpu6050.o
 .text.mpu6050_init
                0x08007374       0xa8 ./Core/Src/mpu6050.o
                0x08007374                mpu6050_init
 .text.mpu6050_get_accel_value
                0x0800741c       0xd8 ./Core/Src/mpu6050.o
                0x0800741c                mpu6050_get_accel_value
 .text.mpu6050_get_gyro_value
                0x080074f4       0xd8 ./Core/Src/mpu6050.o
                0x080074f4                mpu6050_get_gyro_value
 .text.mpu6050_set_dlpf
                0x080075cc       0x7a ./Core/Src/mpu6050.o
                0x080075cc                mpu6050_set_dlpf
 .text.mpu6050_set_sample_div
                0x08007646       0x40 ./Core/Src/mpu6050.o
                0x08007646                mpu6050_set_sample_div
 .text.mpu6050_set_accel_fs
                0x08007686       0x4a ./Core/Src/mpu6050.o
                0x08007686                mpu6050_set_accel_fs
 .text.mpu6050_set_gyro_fs
                0x080076d0       0x4a ./Core/Src/mpu6050.o
                0x080076d0                mpu6050_set_gyro_fs
 .text.mpu6050_set_interrupt_mask
                0x0800771a       0x40 ./Core/Src/mpu6050.o
                0x0800771a                mpu6050_set_interrupt_mask
 *fill*         0x0800775a        0x2 
 .text.HAL_MspInit
                0x0800775c       0x54 ./Core/Src/stm32g4xx_hal_msp.o
                0x0800775c                HAL_MspInit
 .text.HAL_InitTick
                0x080077b0       0xd8 ./Core/Src/stm32g4xx_hal_timebase_tim.o
                0x080077b0                HAL_InitTick
 .text.NMI_Handler
                0x08007888        0x8 ./Core/Src/stm32g4xx_it.o
                0x08007888                NMI_Handler
 .text.HardFault_Handler
                0x08007890        0x8 ./Core/Src/stm32g4xx_it.o
                0x08007890                HardFault_Handler
 .text.MemManage_Handler
                0x08007898        0x8 ./Core/Src/stm32g4xx_it.o
                0x08007898                MemManage_Handler
 .text.BusFault_Handler
                0x080078a0        0x8 ./Core/Src/stm32g4xx_it.o
                0x080078a0                BusFault_Handler
 .text.UsageFault_Handler
                0x080078a8        0x8 ./Core/Src/stm32g4xx_it.o
                0x080078a8                UsageFault_Handler
 .text.DebugMon_Handler
                0x080078b0        0xe ./Core/Src/stm32g4xx_it.o
                0x080078b0                DebugMon_Handler
 *fill*         0x080078be        0x2 
 .text.DMA1_Channel1_IRQHandler
                0x080078c0       0x14 ./Core/Src/stm32g4xx_it.o
                0x080078c0                DMA1_Channel1_IRQHandler
 .text.DMA1_Channel2_IRQHandler
                0x080078d4       0x14 ./Core/Src/stm32g4xx_it.o
                0x080078d4                DMA1_Channel2_IRQHandler
 .text.TIM2_IRQHandler
                0x080078e8       0x14 ./Core/Src/stm32g4xx_it.o
                0x080078e8                TIM2_IRQHandler
 .text.TIM4_IRQHandler
                0x080078fc       0x14 ./Core/Src/stm32g4xx_it.o
                0x080078fc                TIM4_IRQHandler
 .text.USART3_IRQHandler
                0x08007910       0x14 ./Core/Src/stm32g4xx_it.o
                0x08007910                USART3_IRQHandler
 .text.TIM6_DAC_IRQHandler
                0x08007924       0x14 ./Core/Src/stm32g4xx_it.o
                0x08007924                TIM6_DAC_IRQHandler
 .text.HAL_UART_TxCpltCallback
                0x08007938       0x40 ./Core/Src/stm32g4xx_it.o
                0x08007938                HAL_UART_TxCpltCallback
 .text.HAL_UART_RxCpltCallback
                0x08007978       0x40 ./Core/Src/stm32g4xx_it.o
                0x08007978                HAL_UART_RxCpltCallback
 .text._getpid  0x080079b8       0x10 ./Core/Src/syscalls.o
                0x080079b8                _getpid
 .text._kill    0x080079c8       0x20 ./Core/Src/syscalls.o
                0x080079c8                _kill
 .text._exit    0x080079e8       0x16 ./Core/Src/syscalls.o
                0x080079e8                _exit
 .text._read    0x080079fe       0x3a ./Core/Src/syscalls.o
                0x080079fe                _read
 .text._write   0x08007a38       0x38 ./Core/Src/syscalls.o
                0x08007a38                _write
 .text._close   0x08007a70       0x18 ./Core/Src/syscalls.o
                0x08007a70                _close
 .text._fstat   0x08007a88       0x20 ./Core/Src/syscalls.o
                0x08007a88                _fstat
 .text._isatty  0x08007aa8       0x16 ./Core/Src/syscalls.o
                0x08007aa8                _isatty
 .text._lseek   0x08007abe       0x1a ./Core/Src/syscalls.o
                0x08007abe                _lseek
 .text._sbrk    0x08007ad8       0x6c ./Core/Src/sysmem.o
                0x08007ad8                _sbrk
 .text.SystemInit
                0x08007b44       0x24 ./Core/Src/system_stm32g4xx.o
                0x08007b44                SystemInit
 .text.MX_TIM1_Init
                0x08007b68      0x170 ./Core/Src/tim.o
                0x08007b68                MX_TIM1_Init
 .text.MX_TIM2_Init
                0x08007cd8       0xd4 ./Core/Src/tim.o
                0x08007cd8                MX_TIM2_Init
 .text.MX_TIM4_Init
                0x08007dac       0xa0 ./Core/Src/tim.o
                0x08007dac                MX_TIM4_Init
 .text.MX_TIM5_Init
                0x08007e4c       0x9c ./Core/Src/tim.o
                0x08007e4c                MX_TIM5_Init
 .text.HAL_TIM_PWM_MspInit
                0x08007ee8       0x40 ./Core/Src/tim.o
                0x08007ee8                HAL_TIM_PWM_MspInit
 .text.HAL_TIM_IC_MspInit
                0x08007f28       0xd0 ./Core/Src/tim.o
                0x08007f28                HAL_TIM_IC_MspInit
 .text.HAL_TIM_Base_MspInit
                0x08007ff8       0x74 ./Core/Src/tim.o
                0x08007ff8                HAL_TIM_Base_MspInit
 .text.HAL_TIM_MspPostInit
                0x0800806c       0xac ./Core/Src/tim.o
                0x0800806c                HAL_TIM_MspPostInit
 .text.MX_USART3_UART_Init
                0x08008118       0x98 ./Core/Src/usart.o
                0x08008118                MX_USART3_UART_Init
 .text.HAL_UART_MspInit
                0x080081b0      0x17c ./Core/Src/usart.o
                0x080081b0                HAL_UART_MspInit
 .text.Reset_Handler
                0x0800832c       0x50 ./Core/Startup/startup_stm32g474retx.o
                0x0800832c                Reset_Handler
 .text.Default_Handler
                0x0800837c        0x2 ./Core/Startup/startup_stm32g474retx.o
                0x0800837c                RTC_Alarm_IRQHandler
                0x0800837c                EXTI2_IRQHandler
                0x0800837c                TIM8_TRG_COM_IRQHandler
                0x0800837c                TIM8_CC_IRQHandler
                0x0800837c                HRTIM1_Master_IRQHandler
                0x0800837c                SPI4_IRQHandler
                0x0800837c                FDCAN3_IT0_IRQHandler
                0x0800837c                TIM1_CC_IRQHandler
                0x0800837c                HRTIM1_FLT_IRQHandler
                0x0800837c                HRTIM1_TIMF_IRQHandler
                0x0800837c                USB_HP_IRQHandler
                0x0800837c                CORDIC_IRQHandler
                0x0800837c                HRTIM1_TIMD_IRQHandler
                0x0800837c                DMA2_Channel8_IRQHandler
                0x0800837c                EXTI3_IRQHandler
                0x0800837c                I2C3_ER_IRQHandler
                0x0800837c                EXTI0_IRQHandler
                0x0800837c                I2C2_EV_IRQHandler
                0x0800837c                FPU_IRQHandler
                0x0800837c                FDCAN1_IT1_IRQHandler
                0x0800837c                TIM1_UP_TIM16_IRQHandler
                0x0800837c                ADC1_2_IRQHandler
                0x0800837c                HRTIM1_TIME_IRQHandler
                0x0800837c                SPI1_IRQHandler
                0x0800837c                HRTIM1_TIMC_IRQHandler
                0x0800837c                TIM8_UP_IRQHandler
                0x0800837c                DMA2_Channel2_IRQHandler
                0x0800837c                DMA1_Channel4_IRQHandler
                0x0800837c                TIM20_TRG_COM_IRQHandler
                0x0800837c                DMA1_Channel7_IRQHandler
                0x0800837c                UART5_IRQHandler
                0x0800837c                ADC3_IRQHandler
                0x0800837c                DMA2_Channel1_IRQHandler
                0x0800837c                QUADSPI_IRQHandler
                0x0800837c                I2C1_EV_IRQHandler
                0x0800837c                DMA1_Channel6_IRQHandler
                0x0800837c                UART4_IRQHandler
                0x0800837c                DMA2_Channel4_IRQHandler
                0x0800837c                TIM3_IRQHandler
                0x0800837c                RCC_IRQHandler
                0x0800837c                TIM20_UP_IRQHandler
                0x0800837c                Default_Handler
                0x0800837c                DMA2_Channel7_IRQHandler
                0x0800837c                RTC_TAMP_LSECSS_IRQHandler
                0x0800837c                FMAC_IRQHandler
                0x0800837c                EXTI15_10_IRQHandler
                0x0800837c                DMA1_Channel8_IRQHandler
                0x0800837c                HRTIM1_TIMA_IRQHandler
                0x0800837c                TIM7_DAC_IRQHandler
                0x0800837c                FDCAN3_IT1_IRQHandler
                0x0800837c                TIM5_IRQHandler
                0x0800837c                UCPD1_IRQHandler
                0x0800837c                I2C3_EV_IRQHandler
                0x0800837c                EXTI9_5_IRQHandler
                0x0800837c                RTC_WKUP_IRQHandler
                0x0800837c                PVD_PVM_IRQHandler
                0x0800837c                SPI2_IRQHandler
                0x0800837c                ADC5_IRQHandler
                0x0800837c                DMA2_Channel5_IRQHandler
                0x0800837c                CRS_IRQHandler
                0x0800837c                DMA1_Channel5_IRQHandler
                0x0800837c                USB_LP_IRQHandler
                0x0800837c                EXTI4_IRQHandler
                0x0800837c                RNG_IRQHandler
                0x0800837c                HRTIM1_TIMB_IRQHandler
                0x0800837c                TIM1_TRG_COM_TIM17_IRQHandler
                0x0800837c                FDCAN2_IT1_IRQHandler
                0x0800837c                DMA1_Channel3_IRQHandler
                0x0800837c                ADC4_IRQHandler
                0x0800837c                WWDG_IRQHandler
                0x0800837c                I2C4_EV_IRQHandler
                0x0800837c                FDCAN2_IT0_IRQHandler
                0x0800837c                LPUART1_IRQHandler
                0x0800837c                DMA2_Channel6_IRQHandler
                0x0800837c                FDCAN1_IT0_IRQHandler
                0x0800837c                COMP7_IRQHandler
                0x0800837c                COMP1_2_3_IRQHandler
                0x0800837c                EXTI1_IRQHandler
                0x0800837c                USART2_IRQHandler
                0x0800837c                COMP4_5_6_IRQHandler
                0x0800837c                TIM20_BRK_IRQHandler
                0x0800837c                I2C2_ER_IRQHandler
                0x0800837c                TIM8_BRK_IRQHandler
                0x0800837c                FLASH_IRQHandler
                0x0800837c                TIM20_CC_IRQHandler
                0x0800837c                USART1_IRQHandler
                0x0800837c                SPI3_IRQHandler
                0x0800837c                I2C1_ER_IRQHandler
                0x0800837c                FMC_IRQHandler
                0x0800837c                LPTIM1_IRQHandler
                0x0800837c                DMAMUX_OVR_IRQHandler
                0x0800837c                I2C4_ER_IRQHandler
                0x0800837c                USBWakeUp_IRQHandler
                0x0800837c                SAI1_IRQHandler
                0x0800837c                DMA2_Channel3_IRQHandler
                0x0800837c                TIM1_BRK_TIM15_IRQHandler
 .text.HAL_Init
                0x0800837e       0x30 ./Drivers/STM32G4xx_HAL_Driver/Src/stm32g4xx_hal.o
                0x0800837e                HAL_Init
 *fill*         0x080083ae        0x2 
 .text.HAL_IncTick
                0x080083b0       0x24 ./Drivers/STM32G4xx_HAL_Driver/Src/stm32g4xx_hal.o
                0x080083b0                HAL_IncTick
 .text.HAL_GetTick
                0x080083d4       0x18 ./Drivers/STM32G4xx_HAL_Driver/Src/stm32g4xx_hal.o
                0x080083d4                HAL_GetTick
 .text.HAL_Delay
                0x080083ec       0x44 ./Drivers/STM32G4xx_HAL_Driver/Src/stm32g4xx_hal.o
                0x080083ec                HAL_Delay
 .text.__NVIC_SetPriorityGrouping
                0x08008430       0x48 ./Drivers/STM32G4xx_HAL_Driver/Src/stm32g4xx_hal_cortex.o
 .text.__NVIC_GetPriorityGrouping
                0x08008478       0x1c ./Drivers/STM32G4xx_HAL_Driver/Src/stm32g4xx_hal_cortex.o
 .text.__NVIC_EnableIRQ
                0x08008494       0x3c ./Drivers/STM32G4xx_HAL_Driver/Src/stm32g4xx_hal_cortex.o
 .text.__NVIC_SetPriority
                0x080084d0       0x54 ./Drivers/STM32G4xx_HAL_Driver/Src/stm32g4xx_hal_cortex.o
 .text.NVIC_EncodePriority
                0x08008524       0x66 ./Drivers/STM32G4xx_HAL_Driver/Src/stm32g4xx_hal_cortex.o
 .text.HAL_NVIC_SetPriorityGrouping
                0x0800858a       0x16 ./Drivers/STM32G4xx_HAL_Driver/Src/stm32g4xx_hal_cortex.o
                0x0800858a                HAL_NVIC_SetPriorityGrouping
 .text.HAL_NVIC_SetPriority
                0x080085a0       0x34 ./Drivers/STM32G4xx_HAL_Driver/Src/stm32g4xx_hal_cortex.o
                0x080085a0                HAL_NVIC_SetPriority
 .text.HAL_NVIC_EnableIRQ
                0x080085d4       0x1c ./Drivers/STM32G4xx_HAL_Driver/Src/stm32g4xx_hal_cortex.o
                0x080085d4                HAL_NVIC_EnableIRQ
 .text.HAL_CRC_Init
                0x080085f0       0xc8 ./Drivers/STM32G4xx_HAL_Driver/Src/stm32g4xx_hal_crc.o
                0x080085f0                HAL_CRC_Init
 .text.HAL_CRC_Calculate
                0x080086b8       0x98 ./Drivers/STM32G4xx_HAL_Driver/Src/stm32g4xx_hal_crc.o
                0x080086b8                HAL_CRC_Calculate
 .text.CRC_Handle_8
                0x08008750      0x120 ./Drivers/STM32G4xx_HAL_Driver/Src/stm32g4xx_hal_crc.o
 .text.CRC_Handle_16
                0x08008870       0x74 ./Drivers/STM32G4xx_HAL_Driver/Src/stm32g4xx_hal_crc.o
 .text.HAL_CRCEx_Polynomial_Set
                0x080088e4      0x11c ./Drivers/STM32G4xx_HAL_Driver/Src/stm32g4xx_hal_crc_ex.o
                0x080088e4                HAL_CRCEx_Polynomial_Set
 .text.HAL_DMA_Init
                0x08008a00      0x150 ./Drivers/STM32G4xx_HAL_Driver/Src/stm32g4xx_hal_dma.o
                0x08008a00                HAL_DMA_Init
 .text.HAL_DMA_Start_IT
                0x08008b50       0xf6 ./Drivers/STM32G4xx_HAL_Driver/Src/stm32g4xx_hal_dma.o
                0x08008b50                HAL_DMA_Start_IT
 .text.HAL_DMA_Abort
                0x08008c46       0xb2 ./Drivers/STM32G4xx_HAL_Driver/Src/stm32g4xx_hal_dma.o
                0x08008c46                HAL_DMA_Abort
 .text.HAL_DMA_Abort_IT
                0x08008cf8       0xce ./Drivers/STM32G4xx_HAL_Driver/Src/stm32g4xx_hal_dma.o
                0x08008cf8                HAL_DMA_Abort_IT
 .text.HAL_DMA_IRQHandler
                0x08008dc6      0x15e ./Drivers/STM32G4xx_HAL_Driver/Src/stm32g4xx_hal_dma.o
                0x08008dc6                HAL_DMA_IRQHandler
 .text.HAL_DMA_GetError
                0x08008f24       0x18 ./Drivers/STM32G4xx_HAL_Driver/Src/stm32g4xx_hal_dma.o
                0x08008f24                HAL_DMA_GetError
 .text.DMA_SetConfig
                0x08008f3c       0x7c ./Drivers/STM32G4xx_HAL_Driver/Src/stm32g4xx_hal_dma.o
 .text.DMA_CalcDMAMUXChannelBaseAndMask
                0x08008fb8       0x7c ./Drivers/STM32G4xx_HAL_Driver/Src/stm32g4xx_hal_dma.o
 .text.DMA_CalcDMAMUXRequestGenBaseAndMask
                0x08009034       0x48 ./Drivers/STM32G4xx_HAL_Driver/Src/stm32g4xx_hal_dma.o
 .text.HAL_GPIO_Init
                0x0800907c      0x304 ./Drivers/STM32G4xx_HAL_Driver/Src/stm32g4xx_hal_gpio.o
                0x0800907c                HAL_GPIO_Init
 .text.HAL_GPIO_ReadPin
                0x08009380       0x30 ./Drivers/STM32G4xx_HAL_Driver/Src/stm32g4xx_hal_gpio.o
                0x08009380                HAL_GPIO_ReadPin
 .text.HAL_GPIO_WritePin
                0x080093b0       0x30 ./Drivers/STM32G4xx_HAL_Driver/Src/stm32g4xx_hal_gpio.o
                0x080093b0                HAL_GPIO_WritePin
 .text.HAL_I2C_Init
                0x080093e0      0x136 ./Drivers/STM32G4xx_HAL_Driver/Src/stm32g4xx_hal_i2c.o
                0x080093e0                HAL_I2C_Init
 *fill*         0x08009516        0x2 
 .text.HAL_I2C_Master_Transmit
                0x08009518      0x230 ./Drivers/STM32G4xx_HAL_Driver/Src/stm32g4xx_hal_i2c.o
                0x08009518                HAL_I2C_Master_Transmit
 .text.HAL_I2C_Master_Receive
                0x08009748      0x1ec ./Drivers/STM32G4xx_HAL_Driver/Src/stm32g4xx_hal_i2c.o
                0x08009748                HAL_I2C_Master_Receive
 .text.HAL_I2C_Mem_Write
                0x08009934      0x228 ./Drivers/STM32G4xx_HAL_Driver/Src/stm32g4xx_hal_i2c.o
                0x08009934                HAL_I2C_Mem_Write
 .text.HAL_I2C_Mem_Read
                0x08009b5c      0x234 ./Drivers/STM32G4xx_HAL_Driver/Src/stm32g4xx_hal_i2c.o
                0x08009b5c                HAL_I2C_Mem_Read
 .text.I2C_RequestMemoryWrite
                0x08009d90       0xa8 ./Drivers/STM32G4xx_HAL_Driver/Src/stm32g4xx_hal_i2c.o
 .text.I2C_RequestMemoryRead
                0x08009e38       0xa8 ./Drivers/STM32G4xx_HAL_Driver/Src/stm32g4xx_hal_i2c.o
 .text.I2C_Flush_TXDR
                0x08009ee0       0x48 ./Drivers/STM32G4xx_HAL_Driver/Src/stm32g4xx_hal_i2c.o
 .text.I2C_WaitOnFlagUntilTimeout
                0x08009f28       0xb2 ./Drivers/STM32G4xx_HAL_Driver/Src/stm32g4xx_hal_i2c.o
 .text.I2C_WaitOnTXISFlagUntilTimeout
                0x08009fda       0x8e ./Drivers/STM32G4xx_HAL_Driver/Src/stm32g4xx_hal_i2c.o
 .text.I2C_WaitOnSTOPFlagUntilTimeout
                0x0800a068       0x86 ./Drivers/STM32G4xx_HAL_Driver/Src/stm32g4xx_hal_i2c.o
 *fill*         0x0800a0ee        0x2 
 .text.I2C_WaitOnRXNEFlagUntilTimeout
                0x0800a0f0      0x118 ./Drivers/STM32G4xx_HAL_Driver/Src/stm32g4xx_hal_i2c.o
 .text.I2C_IsErrorOccurred
                0x0800a208      0x1c0 ./Drivers/STM32G4xx_HAL_Driver/Src/stm32g4xx_hal_i2c.o
 .text.I2C_TransferConfig
                0x0800a3c8       0x64 ./Drivers/STM32G4xx_HAL_Driver/Src/stm32g4xx_hal_i2c.o
 .text.HAL_I2CEx_ConfigAnalogFilter
                0x0800a42c       0x96 ./Drivers/STM32G4xx_HAL_Driver/Src/stm32g4xx_hal_i2c_ex.o
                0x0800a42c                HAL_I2CEx_ConfigAnalogFilter
 .text.HAL_I2CEx_ConfigDigitalFilter
                0x0800a4c2       0x98 ./Drivers/STM32G4xx_HAL_Driver/Src/stm32g4xx_hal_i2c_ex.o
                0x0800a4c2                HAL_I2CEx_ConfigDigitalFilter
 *fill*         0x0800a55a        0x2 
 .text.HAL_PWREx_ControlVoltageScaling
                0x0800a55c      0x148 ./Drivers/STM32G4xx_HAL_Driver/Src/stm32g4xx_hal_pwr_ex.o
                0x0800a55c                HAL_PWREx_ControlVoltageScaling
 .text.HAL_PWREx_DisableUCPDDeadBattery
                0x0800a6a4       0x20 ./Drivers/STM32G4xx_HAL_Driver/Src/stm32g4xx_hal_pwr_ex.o
                0x0800a6a4                HAL_PWREx_DisableUCPDDeadBattery
 .text.HAL_RCC_OscConfig
                0x0800a6c4      0x624 ./Drivers/STM32G4xx_HAL_Driver/Src/stm32g4xx_hal_rcc.o
                0x0800a6c4                HAL_RCC_OscConfig
 .text.HAL_RCC_ClockConfig
                0x0800ace8      0x278 ./Drivers/STM32G4xx_HAL_Driver/Src/stm32g4xx_hal_rcc.o
                0x0800ace8                HAL_RCC_ClockConfig
 .text.HAL_RCC_GetSysClockFreq
                0x0800af60       0xc4 ./Drivers/STM32G4xx_HAL_Driver/Src/stm32g4xx_hal_rcc.o
                0x0800af60                HAL_RCC_GetSysClockFreq
 .text.HAL_RCC_GetHCLKFreq
                0x0800b024       0x18 ./Drivers/STM32G4xx_HAL_Driver/Src/stm32g4xx_hal_rcc.o
                0x0800b024                HAL_RCC_GetHCLKFreq
 .text.HAL_RCC_GetPCLK1Freq
                0x0800b03c       0x2c ./Drivers/STM32G4xx_HAL_Driver/Src/stm32g4xx_hal_rcc.o
                0x0800b03c                HAL_RCC_GetPCLK1Freq
 .text.HAL_RCC_GetPCLK2Freq
                0x0800b068       0x2c ./Drivers/STM32G4xx_HAL_Driver/Src/stm32g4xx_hal_rcc.o
                0x0800b068                HAL_RCC_GetPCLK2Freq
 .text.HAL_RCC_GetClockConfig
                0x0800b094       0x64 ./Drivers/STM32G4xx_HAL_Driver/Src/stm32g4xx_hal_rcc.o
                0x0800b094                HAL_RCC_GetClockConfig
 .text.RCC_GetSysClockFreqFromPLLSource
                0x0800b0f8       0x8c ./Drivers/STM32G4xx_HAL_Driver/Src/stm32g4xx_hal_rcc.o
 .text.HAL_RCCEx_PeriphCLKConfig
                0x0800b184      0x49c ./Drivers/STM32G4xx_HAL_Driver/Src/stm32g4xx_hal_rcc_ex.o
                0x0800b184                HAL_RCCEx_PeriphCLKConfig
 .text.HAL_TIM_Base_Init
                0x0800b620       0xae ./Drivers/STM32G4xx_HAL_Driver/Src/stm32g4xx_hal_tim.o
                0x0800b620                HAL_TIM_Base_Init
 *fill*         0x0800b6ce        0x2 
 .text.HAL_TIM_Base_Start
                0x0800b6d0       0xe0 ./Drivers/STM32G4xx_HAL_Driver/Src/stm32g4xx_hal_tim.o
                0x0800b6d0                HAL_TIM_Base_Start
 .text.HAL_TIM_Base_Start_IT
                0x0800b7b0       0xf0 ./Drivers/STM32G4xx_HAL_Driver/Src/stm32g4xx_hal_tim.o
                0x0800b7b0                HAL_TIM_Base_Start_IT
 .text.HAL_TIM_Base_Stop_IT
                0x0800b8a0       0x5e ./Drivers/STM32G4xx_HAL_Driver/Src/stm32g4xx_hal_tim.o
                0x0800b8a0                HAL_TIM_Base_Stop_IT
 .text.HAL_TIM_PWM_Init
                0x0800b8fe       0xae ./Drivers/STM32G4xx_HAL_Driver/Src/stm32g4xx_hal_tim.o
                0x0800b8fe                HAL_TIM_PWM_Init
 .text.HAL_TIM_PWM_Start
                0x0800b9ac      0x224 ./Drivers/STM32G4xx_HAL_Driver/Src/stm32g4xx_hal_tim.o
                0x0800b9ac                HAL_TIM_PWM_Start
 .text.HAL_TIM_PWM_Stop
                0x0800bbd0      0x138 ./Drivers/STM32G4xx_HAL_Driver/Src/stm32g4xx_hal_tim.o
                0x0800bbd0                HAL_TIM_PWM_Stop
 .text.HAL_TIM_IC_Init
                0x0800bd08       0xae ./Drivers/STM32G4xx_HAL_Driver/Src/stm32g4xx_hal_tim.o
                0x0800bd08                HAL_TIM_IC_Init
 *fill*         0x0800bdb6        0x2 
 .text.HAL_TIM_IC_Start_IT
                0x0800bdb8      0x2a0 ./Drivers/STM32G4xx_HAL_Driver/Src/stm32g4xx_hal_tim.o
                0x0800bdb8                HAL_TIM_IC_Start_IT
 .text.HAL_TIM_IRQHandler
                0x0800c058      0x29e ./Drivers/STM32G4xx_HAL_Driver/Src/stm32g4xx_hal_tim.o
                0x0800c058                HAL_TIM_IRQHandler
 .text.HAL_TIM_IC_ConfigChannel
                0x0800c2f6      0x138 ./Drivers/STM32G4xx_HAL_Driver/Src/stm32g4xx_hal_tim.o
                0x0800c2f6                HAL_TIM_IC_ConfigChannel
 *fill*         0x0800c42e        0x2 
 .text.HAL_TIM_PWM_ConfigChannel
                0x0800c430      0x228 ./Drivers/STM32G4xx_HAL_Driver/Src/stm32g4xx_hal_tim.o
                0x0800c430                HAL_TIM_PWM_ConfigChannel
 .text.HAL_TIM_ConfigClockSource
                0x0800c658      0x22c ./Drivers/STM32G4xx_HAL_Driver/Src/stm32g4xx_hal_tim.o
                0x0800c658                HAL_TIM_ConfigClockSource
 .text.HAL_TIM_ReadCapturedValue
                0x0800c884       0x88 ./Drivers/STM32G4xx_HAL_Driver/Src/stm32g4xx_hal_tim.o
                0x0800c884                HAL_TIM_ReadCapturedValue
 .text.HAL_TIM_OC_DelayElapsedCallback
                0x0800c90c       0x14 ./Drivers/STM32G4xx_HAL_Driver/Src/stm32g4xx_hal_tim.o
                0x0800c90c                HAL_TIM_OC_DelayElapsedCallback
 .text.HAL_TIM_PWM_PulseFinishedCallback
                0x0800c920       0x14 ./Drivers/STM32G4xx_HAL_Driver/Src/stm32g4xx_hal_tim.o
                0x0800c920                HAL_TIM_PWM_PulseFinishedCallback
 .text.HAL_TIM_TriggerCallback
                0x0800c934       0x14 ./Drivers/STM32G4xx_HAL_Driver/Src/stm32g4xx_hal_tim.o
                0x0800c934                HAL_TIM_TriggerCallback
 .text.TIM_Base_SetConfig
                0x0800c948      0x168 ./Drivers/STM32G4xx_HAL_Driver/Src/stm32g4xx_hal_tim.o
                0x0800c948                TIM_Base_SetConfig
 .text.TIM_OC1_SetConfig
                0x0800cab0      0x134 ./Drivers/STM32G4xx_HAL_Driver/Src/stm32g4xx_hal_tim.o
 .text.TIM_OC2_SetConfig
                0x0800cbe4      0x128 ./Drivers/STM32G4xx_HAL_Driver/Src/stm32g4xx_hal_tim.o
                0x0800cbe4                TIM_OC2_SetConfig
 .text.TIM_OC3_SetConfig
                0x0800cd0c      0x124 ./Drivers/STM32G4xx_HAL_Driver/Src/stm32g4xx_hal_tim.o
 .text.TIM_OC4_SetConfig
                0x0800ce30      0x128 ./Drivers/STM32G4xx_HAL_Driver/Src/stm32g4xx_hal_tim.o
 .text.TIM_OC5_SetConfig
                0x0800cf58       0xd4 ./Drivers/STM32G4xx_HAL_Driver/Src/stm32g4xx_hal_tim.o
 .text.TIM_OC6_SetConfig
                0x0800d02c       0xd8 ./Drivers/STM32G4xx_HAL_Driver/Src/stm32g4xx_hal_tim.o
 .text.TIM_TI1_SetConfig
                0x0800d104       0xe8 ./Drivers/STM32G4xx_HAL_Driver/Src/stm32g4xx_hal_tim.o
                0x0800d104                TIM_TI1_SetConfig
 .text.TIM_TI1_ConfigInputStage
                0x0800d1ec       0x5e ./Drivers/STM32G4xx_HAL_Driver/Src/stm32g4xx_hal_tim.o
 .text.TIM_TI2_SetConfig
                0x0800d24a       0x7a ./Drivers/STM32G4xx_HAL_Driver/Src/stm32g4xx_hal_tim.o
 .text.TIM_TI2_ConfigInputStage
                0x0800d2c4       0x60 ./Drivers/STM32G4xx_HAL_Driver/Src/stm32g4xx_hal_tim.o
 .text.TIM_TI3_SetConfig
                0x0800d324       0x78 ./Drivers/STM32G4xx_HAL_Driver/Src/stm32g4xx_hal_tim.o
 .text.TIM_TI4_SetConfig
                0x0800d39c       0x7a ./Drivers/STM32G4xx_HAL_Driver/Src/stm32g4xx_hal_tim.o
 .text.TIM_ITRx_SetConfig
                0x0800d416       0x3a ./Drivers/STM32G4xx_HAL_Driver/Src/stm32g4xx_hal_tim.o
 .text.TIM_ETR_SetConfig
                0x0800d450       0x40 ./Drivers/STM32G4xx_HAL_Driver/Src/stm32g4xx_hal_tim.o
                0x0800d450                TIM_ETR_SetConfig
 .text.TIM_CCxChannelCmd
                0x0800d490       0x4a ./Drivers/STM32G4xx_HAL_Driver/Src/stm32g4xx_hal_tim.o
                0x0800d490                TIM_CCxChannelCmd
 *fill*         0x0800d4da        0x2 
 .text.HAL_TIMEx_MasterConfigSynchronization
                0x0800d4dc      0x12c ./Drivers/STM32G4xx_HAL_Driver/Src/stm32g4xx_hal_tim_ex.o
                0x0800d4dc                HAL_TIMEx_MasterConfigSynchronization
 .text.HAL_TIMEx_ConfigBreakDeadTime
                0x0800d608      0x128 ./Drivers/STM32G4xx_HAL_Driver/Src/stm32g4xx_hal_tim_ex.o
                0x0800d608                HAL_TIMEx_ConfigBreakDeadTime
 .text.HAL_TIMEx_CommutCallback
                0x0800d730       0x14 ./Drivers/STM32G4xx_HAL_Driver/Src/stm32g4xx_hal_tim_ex.o
                0x0800d730                HAL_TIMEx_CommutCallback
 .text.HAL_TIMEx_BreakCallback
                0x0800d744       0x14 ./Drivers/STM32G4xx_HAL_Driver/Src/stm32g4xx_hal_tim_ex.o
                0x0800d744                HAL_TIMEx_BreakCallback
 .text.HAL_TIMEx_Break2Callback
                0x0800d758       0x14 ./Drivers/STM32G4xx_HAL_Driver/Src/stm32g4xx_hal_tim_ex.o
                0x0800d758                HAL_TIMEx_Break2Callback
 .text.HAL_TIMEx_EncoderIndexCallback
                0x0800d76c       0x14 ./Drivers/STM32G4xx_HAL_Driver/Src/stm32g4xx_hal_tim_ex.o
                0x0800d76c                HAL_TIMEx_EncoderIndexCallback
 .text.HAL_TIMEx_DirectionChangeCallback
                0x0800d780       0x14 ./Drivers/STM32G4xx_HAL_Driver/Src/stm32g4xx_hal_tim_ex.o
                0x0800d780                HAL_TIMEx_DirectionChangeCallback
 .text.HAL_TIMEx_IndexErrorCallback
                0x0800d794       0x14 ./Drivers/STM32G4xx_HAL_Driver/Src/stm32g4xx_hal_tim_ex.o
                0x0800d794                HAL_TIMEx_IndexErrorCallback
 .text.HAL_TIMEx_TransitionErrorCallback
                0x0800d7a8       0x14 ./Drivers/STM32G4xx_HAL_Driver/Src/stm32g4xx_hal_tim_ex.o
                0x0800d7a8                HAL_TIMEx_TransitionErrorCallback
 .text.HAL_HalfDuplex_Init
                0x0800d7bc       0xb0 ./Drivers/STM32G4xx_HAL_Driver/Src/stm32g4xx_hal_uart.o
                0x0800d7bc                HAL_HalfDuplex_Init
 .text.HAL_UART_Transmit_DMA
                0x0800d86c      0x100 ./Drivers/STM32G4xx_HAL_Driver/Src/stm32g4xx_hal_uart.o
                0x0800d86c                HAL_UART_Transmit_DMA
 .text.HAL_UART_Receive_DMA
                0x0800d96c       0x98 ./Drivers/STM32G4xx_HAL_Driver/Src/stm32g4xx_hal_uart.o
                0x0800d96c                HAL_UART_Receive_DMA
 .text.HAL_UART_DMAStop
                0x0800da04      0x12c ./Drivers/STM32G4xx_HAL_Driver/Src/stm32g4xx_hal_uart.o
                0x0800da04                HAL_UART_DMAStop
 .text.HAL_UART_IRQHandler
                0x0800db30      0x684 ./Drivers/STM32G4xx_HAL_Driver/Src/stm32g4xx_hal_uart.o
                0x0800db30                HAL_UART_IRQHandler
 .text.HAL_UART_TxHalfCpltCallback
                0x0800e1b4       0x14 ./Drivers/STM32G4xx_HAL_Driver/Src/stm32g4xx_hal_uart.o
                0x0800e1b4                HAL_UART_TxHalfCpltCallback
 .text.HAL_UART_RxHalfCpltCallback
                0x0800e1c8       0x14 ./Drivers/STM32G4xx_HAL_Driver/Src/stm32g4xx_hal_uart.o
                0x0800e1c8                HAL_UART_RxHalfCpltCallback
 .text.HAL_UART_ErrorCallback
                0x0800e1dc       0x14 ./Drivers/STM32G4xx_HAL_Driver/Src/stm32g4xx_hal_uart.o
                0x0800e1dc                HAL_UART_ErrorCallback
 .text.HAL_UARTEx_RxEventCallback
                0x0800e1f0       0x18 ./Drivers/STM32G4xx_HAL_Driver/Src/stm32g4xx_hal_uart.o
                0x0800e1f0                HAL_UARTEx_RxEventCallback
 .text.HAL_HalfDuplex_EnableTransmitter
                0x0800e208       0xa8 ./Drivers/STM32G4xx_HAL_Driver/Src/stm32g4xx_hal_uart.o
                0x0800e208                HAL_HalfDuplex_EnableTransmitter
 .text.HAL_HalfDuplex_EnableReceiver
                0x0800e2b0       0xa8 ./Drivers/STM32G4xx_HAL_Driver/Src/stm32g4xx_hal_uart.o
                0x0800e2b0                HAL_HalfDuplex_EnableReceiver
 .text.UART_SetConfig
                0x0800e358      0x5f8 ./Drivers/STM32G4xx_HAL_Driver/Src/stm32g4xx_hal_uart.o
                0x0800e358                UART_SetConfig
 .text.UART_AdvFeatureConfig
                0x0800e950      0x144 ./Drivers/STM32G4xx_HAL_Driver/Src/stm32g4xx_hal_uart.o
                0x0800e950                UART_AdvFeatureConfig
 .text.UART_CheckIdleState
                0x0800ea94      0x154 ./Drivers/STM32G4xx_HAL_Driver/Src/stm32g4xx_hal_uart.o
                0x0800ea94                UART_CheckIdleState
 .text.UART_WaitOnFlagUntilTimeout
                0x0800ebe8       0xda ./Drivers/STM32G4xx_HAL_Driver/Src/stm32g4xx_hal_uart.o
                0x0800ebe8                UART_WaitOnFlagUntilTimeout
 *fill*         0x0800ecc2        0x2 
 .text.UART_Start_Receive_DMA
                0x0800ecc4      0x14c ./Drivers/STM32G4xx_HAL_Driver/Src/stm32g4xx_hal_uart.o
                0x0800ecc4                UART_Start_Receive_DMA
 .text.UART_EndTxTransfer
                0x0800ee10       0x82 ./Drivers/STM32G4xx_HAL_Driver/Src/stm32g4xx_hal_uart.o
 .text.UART_EndRxTransfer
                0x0800ee92       0xcc ./Drivers/STM32G4xx_HAL_Driver/Src/stm32g4xx_hal_uart.o
 .text.UART_DMATransmitCplt
                0x0800ef5e       0x9a ./Drivers/STM32G4xx_HAL_Driver/Src/stm32g4xx_hal_uart.o
 .text.UART_DMATxHalfCplt
                0x0800eff8       0x1c ./Drivers/STM32G4xx_HAL_Driver/Src/stm32g4xx_hal_uart.o
 .text.UART_DMAReceiveCplt
                0x0800f014      0x12c ./Drivers/STM32G4xx_HAL_Driver/Src/stm32g4xx_hal_uart.o
 .text.UART_DMARxHalfCplt
                0x0800f140       0x3e ./Drivers/STM32G4xx_HAL_Driver/Src/stm32g4xx_hal_uart.o
 .text.UART_DMAError
                0x0800f17e       0x80 ./Drivers/STM32G4xx_HAL_Driver/Src/stm32g4xx_hal_uart.o
 .text.UART_DMAAbortOnError
                0x0800f1fe       0x24 ./Drivers/STM32G4xx_HAL_Driver/Src/stm32g4xx_hal_uart.o
 .text.UART_EndTransmit_IT
                0x0800f222       0x56 ./Drivers/STM32G4xx_HAL_Driver/Src/stm32g4xx_hal_uart.o
 .text.HAL_UARTEx_WakeupCallback
                0x0800f278       0x14 ./Drivers/STM32G4xx_HAL_Driver/Src/stm32g4xx_hal_uart_ex.o
                0x0800f278                HAL_UARTEx_WakeupCallback
 .text.HAL_UARTEx_RxFifoFullCallback
                0x0800f28c       0x14 ./Drivers/STM32G4xx_HAL_Driver/Src/stm32g4xx_hal_uart_ex.o
                0x0800f28c                HAL_UARTEx_RxFifoFullCallback
 .text.HAL_UARTEx_TxFifoEmptyCallback
                0x0800f2a0       0x14 ./Drivers/STM32G4xx_HAL_Driver/Src/stm32g4xx_hal_uart_ex.o
                0x0800f2a0                HAL_UARTEx_TxFifoEmptyCallback
 .text.HAL_UARTEx_DisableFifoMode
                0x0800f2b4       0x72 ./Drivers/STM32G4xx_HAL_Driver/Src/stm32g4xx_hal_uart_ex.o
                0x0800f2b4                HAL_UARTEx_DisableFifoMode
 .text.HAL_UARTEx_SetTxFifoThreshold
                0x0800f326       0x7c ./Drivers/STM32G4xx_HAL_Driver/Src/stm32g4xx_hal_uart_ex.o
                0x0800f326                HAL_UARTEx_SetTxFifoThreshold
 .text.HAL_UARTEx_SetRxFifoThreshold
                0x0800f3a2       0x7c ./Drivers/STM32G4xx_HAL_Driver/Src/stm32g4xx_hal_uart_ex.o
                0x0800f3a2                HAL_UARTEx_SetRxFifoThreshold
 *fill*         0x0800f41e        0x2 
 .text.UARTEx_SetNbDataToProcess
                0x0800f420       0x9c ./Drivers/STM32G4xx_HAL_Driver/Src/stm32g4xx_hal_uart_ex.o
 .text.__NVIC_SetPriority
                0x0800f4bc       0x54 ./Middlewares/Third_Party/FreeRTOS/Source/CMSIS_RTOS_V2/cmsis_os2.o
 .text.SysTick_Handler
                0x0800f510       0x20 ./Middlewares/Third_Party/FreeRTOS/Source/CMSIS_RTOS_V2/cmsis_os2.o
                0x0800f510                SysTick_Handler
 .text.SVC_Setup
                0x0800f530       0x12 ./Middlewares/Third_Party/FreeRTOS/Source/CMSIS_RTOS_V2/cmsis_os2.o
 *fill*         0x0800f542        0x2 
 .text.osKernelInitialize
                0x0800f544       0x48 ./Middlewares/Third_Party/FreeRTOS/Source/CMSIS_RTOS_V2/cmsis_os2.o
                0x0800f544                osKernelInitialize
 .text.osKernelStart
                0x0800f58c       0x4c ./Middlewares/Third_Party/FreeRTOS/Source/CMSIS_RTOS_V2/cmsis_os2.o
                0x0800f58c                osKernelStart
 .text.osThreadNew
                0x0800f5d8      0x124 ./Middlewares/Third_Party/FreeRTOS/Source/CMSIS_RTOS_V2/cmsis_os2.o
                0x0800f5d8                osThreadNew
 .text.vApplicationGetIdleTaskMemory
                0x0800f6fc       0x34 ./Middlewares/Third_Party/FreeRTOS/Source/CMSIS_RTOS_V2/cmsis_os2.o
                0x0800f6fc                vApplicationGetIdleTaskMemory
 .text.vApplicationGetTimerTaskMemory
                0x0800f730       0x34 ./Middlewares/Third_Party/FreeRTOS/Source/CMSIS_RTOS_V2/cmsis_os2.o
                0x0800f730                vApplicationGetTimerTaskMemory
 .text.vListInitialise
                0x0800f764       0x40 ./Middlewares/Third_Party/FreeRTOS/Source/list.o
                0x0800f764                vListInitialise
 .text.vListInitialiseItem
                0x0800f7a4       0x1a ./Middlewares/Third_Party/FreeRTOS/Source/list.o
                0x0800f7a4                vListInitialiseItem
 .text.vListInsertEnd
                0x0800f7be       0x48 ./Middlewares/Third_Party/FreeRTOS/Source/list.o
                0x0800f7be                vListInsertEnd
 .text.vListInsert
                0x0800f806       0x72 ./Middlewares/Third_Party/FreeRTOS/Source/list.o
                0x0800f806                vListInsert
 .text.uxListRemove
                0x0800f878       0x54 ./Middlewares/Third_Party/FreeRTOS/Source/list.o
                0x0800f878                uxListRemove
 .text.xQueueGenericReset
                0x0800f8cc       0xd4 ./Middlewares/Third_Party/FreeRTOS/Source/queue.o
                0x0800f8cc                xQueueGenericReset
 .text.xQueueGenericCreateStatic
                0x0800f9a0       0xfa ./Middlewares/Third_Party/FreeRTOS/Source/queue.o
                0x0800f9a0                xQueueGenericCreateStatic
 .text.prvInitialiseNewQueue
                0x0800fa9a       0x46 ./Middlewares/Third_Party/FreeRTOS/Source/queue.o
 .text.xQueueGenericSend
                0x0800fae0      0x204 ./Middlewares/Third_Party/FreeRTOS/Source/queue.o
                0x0800fae0                xQueueGenericSend
 .text.xQueueGenericSendFromISR
                0x0800fce4      0x13c ./Middlewares/Third_Party/FreeRTOS/Source/queue.o
                0x0800fce4                xQueueGenericSendFromISR
 .text.xQueueReceive
                0x0800fe20      0x1c4 ./Middlewares/Third_Party/FreeRTOS/Source/queue.o
                0x0800fe20                xQueueReceive
 .text.prvCopyDataToQueue
                0x0800ffe4       0xd4 ./Middlewares/Third_Party/FreeRTOS/Source/queue.o
 .text.prvCopyDataFromQueue
                0x080100b8       0x4c ./Middlewares/Third_Party/FreeRTOS/Source/queue.o
 .text.prvUnlockQueue
                0x08010104       0xa4 ./Middlewares/Third_Party/FreeRTOS/Source/queue.o
 .text.prvIsQueueEmpty
                0x080101a8       0x2c ./Middlewares/Third_Party/FreeRTOS/Source/queue.o
 .text.prvIsQueueFull
                0x080101d4       0x30 ./Middlewares/Third_Party/FreeRTOS/Source/queue.o
 .text.vQueueAddToRegistry
                0x08010204       0x54 ./Middlewares/Third_Party/FreeRTOS/Source/queue.o
                0x08010204                vQueueAddToRegistry
 .text.vQueueWaitForMessageRestricted
                0x08010258       0x68 ./Middlewares/Third_Party/FreeRTOS/Source/queue.o
                0x08010258                vQueueWaitForMessageRestricted
 .text.xTaskCreateStatic
                0x080102c0       0xc0 ./Middlewares/Third_Party/FreeRTOS/Source/tasks.o
                0x080102c0                xTaskCreateStatic
 .text.xTaskCreate
                0x08010380       0x8a ./Middlewares/Third_Party/FreeRTOS/Source/tasks.o
                0x08010380                xTaskCreate
 *fill*         0x0801040a        0x2 
 .text.prvInitialiseNewTask
                0x0801040c      0x150 ./Middlewares/Third_Party/FreeRTOS/Source/tasks.o
 .text.prvAddNewTaskToReadyList
                0x0801055c       0xe0 ./Middlewares/Third_Party/FreeRTOS/Source/tasks.o
 .text.vTaskDelayUntil
                0x0801063c      0x100 ./Middlewares/Third_Party/FreeRTOS/Source/tasks.o
                0x0801063c                vTaskDelayUntil
 .text.vTaskStartScheduler
                0x0801073c       0xe0 ./Middlewares/Third_Party/FreeRTOS/Source/tasks.o
                0x0801073c                vTaskStartScheduler
 .text.vTaskSuspendAll
                0x0801081c       0x1c ./Middlewares/Third_Party/FreeRTOS/Source/tasks.o
                0x0801081c                vTaskSuspendAll
 .text.xTaskResumeAll
                0x08010838      0x13c ./Middlewares/Third_Party/FreeRTOS/Source/tasks.o
                0x08010838                xTaskResumeAll
 .text.xTaskGetTickCount
                0x08010974       0x20 ./Middlewares/Third_Party/FreeRTOS/Source/tasks.o
                0x08010974                xTaskGetTickCount
 .text.xTaskIncrementTick
                0x08010994      0x174 ./Middlewares/Third_Party/FreeRTOS/Source/tasks.o
                0x08010994                xTaskIncrementTick
 .text.vTaskSwitchContext
                0x08010b08      0x114 ./Middlewares/Third_Party/FreeRTOS/Source/tasks.o
                0x08010b08                vTaskSwitchContext
 .text.vTaskPlaceOnEventList
                0x08010c1c       0x4c ./Middlewares/Third_Party/FreeRTOS/Source/tasks.o
                0x08010c1c                vTaskPlaceOnEventList
 .text.vTaskPlaceOnEventListRestricted
                0x08010c68       0x58 ./Middlewares/Third_Party/FreeRTOS/Source/tasks.o
                0x08010c68                vTaskPlaceOnEventListRestricted
 .text.xTaskRemoveFromEventList
                0x08010cc0       0xc8 ./Middlewares/Third_Party/FreeRTOS/Source/tasks.o
                0x08010cc0                xTaskRemoveFromEventList
 .text.vTaskInternalSetTimeOutState
                0x08010d88       0x2c ./Middlewares/Third_Party/FreeRTOS/Source/tasks.o
                0x08010d88                vTaskInternalSetTimeOutState
 .text.xTaskCheckForTimeOut
                0x08010db4       0xc8 ./Middlewares/Third_Party/FreeRTOS/Source/tasks.o
                0x08010db4                xTaskCheckForTimeOut
 .text.vTaskMissedYield
                0x08010e7c       0x18 ./Middlewares/Third_Party/FreeRTOS/Source/tasks.o
                0x08010e7c                vTaskMissedYield
 .text.prvIdleTask
                0x08010e94       0x30 ./Middlewares/Third_Party/FreeRTOS/Source/tasks.o
 .text.prvInitialiseTaskLists
                0x08010ec4       0x80 ./Middlewares/Third_Party/FreeRTOS/Source/tasks.o
 .text.prvCheckTasksWaitingTermination
                0x08010f44       0x5c ./Middlewares/Third_Party/FreeRTOS/Source/tasks.o
 .text.prvDeleteTCB
                0x08010fa0       0x6a ./Middlewares/Third_Party/FreeRTOS/Source/tasks.o
 *fill*         0x0801100a        0x2 
 .text.prvResetNextTaskUnblockTime
                0x0801100c       0x40 ./Middlewares/Third_Party/FreeRTOS/Source/tasks.o
 .text.xTaskGetSchedulerState
                0x0801104c       0x3c ./Middlewares/Third_Party/FreeRTOS/Source/tasks.o
                0x0801104c                xTaskGetSchedulerState
 .text.xTaskPriorityDisinherit
                0x08011088       0xe0 ./Middlewares/Third_Party/FreeRTOS/Source/tasks.o
                0x08011088                xTaskPriorityDisinherit
 .text.prvAddCurrentTaskToDelayedList
                0x08011168       0xa8 ./Middlewares/Third_Party/FreeRTOS/Source/tasks.o
 .text.xTimerCreateTimerTask
                0x08011210       0x94 ./Middlewares/Third_Party/FreeRTOS/Source/timers.o
                0x08011210                xTimerCreateTimerTask
 .text.xTimerGenericCommand
                0x080112a4       0x9c ./Middlewares/Third_Party/FreeRTOS/Source/timers.o
                0x080112a4                xTimerGenericCommand
 .text.prvProcessExpiredTimer
                0x08011340       0x9c ./Middlewares/Third_Party/FreeRTOS/Source/timers.o
 .text.prvTimerTask
                0x080113dc       0x26 ./Middlewares/Third_Party/FreeRTOS/Source/timers.o
 *fill*         0x08011402        0x2 
 .text.prvProcessTimerOrBlockTask
                0x08011404       0x9c ./Middlewares/Third_Party/FreeRTOS/Source/timers.o
 .text.prvGetNextExpireTime
                0x080114a0       0x48 ./Middlewares/Third_Party/FreeRTOS/Source/timers.o
 .text.prvSampleTimeNow
                0x080114e8       0x40 ./Middlewares/Third_Party/FreeRTOS/Source/timers.o
 .text.prvInsertTimerInActiveList
                0x08011528       0x84 ./Middlewares/Third_Party/FreeRTOS/Source/timers.o
 .text.prvProcessReceivedCommands
                0x080115ac      0x1cc ./Middlewares/Third_Party/FreeRTOS/Source/timers.o
 .text.prvSwitchTimerLists
                0x08011778       0xcc ./Middlewares/Third_Party/FreeRTOS/Source/timers.o
 .text.prvCheckForValidListAndQueue
                0x08011844       0x80 ./Middlewares/Third_Party/FreeRTOS/Source/timers.o
 .text.pxPortInitialiseStack
                0x080118c4       0x68 ./Middlewares/Third_Party/FreeRTOS/Source/portable/GCC/ARM_CM4F/port.o
                0x080118c4                pxPortInitialiseStack
 .text.prvTaskExitError
                0x0801192c       0x5c ./Middlewares/Third_Party/FreeRTOS/Source/portable/GCC/ARM_CM4F/port.o
 *fill*         0x08011988        0x8 
 .text.SVC_Handler
                0x08011990       0x28 ./Middlewares/Third_Party/FreeRTOS/Source/portable/GCC/ARM_CM4F/port.o
                0x08011990                SVC_Handler
 .text.prvPortStartFirstTask
                0x080119b8       0x28 ./Middlewares/Third_Party/FreeRTOS/Source/portable/GCC/ARM_CM4F/port.o
 .text.xPortStartScheduler
                0x080119e0      0x16c ./Middlewares/Third_Party/FreeRTOS/Source/portable/GCC/ARM_CM4F/port.o
                0x080119e0                xPortStartScheduler
 .text.vPortEnterCritical
                0x08011b4c       0x64 ./Middlewares/Third_Party/FreeRTOS/Source/portable/GCC/ARM_CM4F/port.o
                0x08011b4c                vPortEnterCritical
 .text.vPortExitCritical
                0x08011bb0       0x54 ./Middlewares/Third_Party/FreeRTOS/Source/portable/GCC/ARM_CM4F/port.o
                0x08011bb0                vPortExitCritical
 *fill*         0x08011c04        0xc 
 .text.PendSV_Handler
                0x08011c10       0x68 ./Middlewares/Third_Party/FreeRTOS/Source/portable/GCC/ARM_CM4F/port.o
                0x08011c10                PendSV_Handler
 .text.xPortSysTickHandler
                0x08011c78       0x44 ./Middlewares/Third_Party/FreeRTOS/Source/portable/GCC/ARM_CM4F/port.o
                0x08011c78                xPortSysTickHandler
 .text.vPortSetupTimerInterrupt
                0x08011cbc       0x48 ./Middlewares/Third_Party/FreeRTOS/Source/portable/GCC/ARM_CM4F/port.o
                0x08011cbc                vPortSetupTimerInterrupt
 .text.vPortEnableVFP
                0x08011d04       0x14 ./Middlewares/Third_Party/FreeRTOS/Source/portable/GCC/ARM_CM4F/port.o
 .text.vPortValidateInterruptPriority
                0x08011d18       0x84 ./Middlewares/Third_Party/FreeRTOS/Source/portable/GCC/ARM_CM4F/port.o
                0x08011d18                vPortValidateInterruptPriority
 .text.pvPortMalloc
                0x08011d9c      0x19c ./Middlewares/Third_Party/FreeRTOS/Source/portable/MemMang/heap_4.o
                0x08011d9c                pvPortMalloc
 .text.vPortFree
                0x08011f38       0xc8 ./Middlewares/Third_Party/FreeRTOS/Source/portable/MemMang/heap_4.o
                0x08011f38                vPortFree
 .text.prvHeapInit
                0x08012000       0xc4 ./Middlewares/Third_Party/FreeRTOS/Source/portable/MemMang/heap_4.o
 .text.prvInsertBlockIntoFreeList
                0x080120c4       0xb4 ./Middlewares/Third_Party/FreeRTOS/Source/portable/MemMang/heap_4.o
 .text.__cvt    0x08012178       0xca C:/ST/STM32CubeIDE_1.18.0/STM32CubeIDE/plugins/com.st.stm32cube.ide.mcu.externaltools.gnu-tools-for-stm32.13.3.rel1.win32_1.0.0.202411081344/tools/bin/../lib/gcc/arm-none-eabi/13.3.1/../../../../arm-none-eabi/lib/thumb/v7e-m+fp/hard\libc_nano.a(libc_a-nano-vfprintf_float.o)
                0x08012178                __cvt
 .text.__exponent
                0x08012242       0x74 C:/ST/STM32CubeIDE_1.18.0/STM32CubeIDE/plugins/com.st.stm32cube.ide.mcu.externaltools.gnu-tools-for-stm32.13.3.rel1.win32_1.0.0.202411081344/tools/bin/../lib/gcc/arm-none-eabi/13.3.1/../../../../arm-none-eabi/lib/thumb/v7e-m+fp/hard\libc_nano.a(libc_a-nano-vfprintf_float.o)
                0x08012242                __exponent
 *fill*         0x080122b6        0x2 
 .text._printf_float
                0x080122b8      0x454 C:/ST/STM32CubeIDE_1.18.0/STM32CubeIDE/plugins/com.st.stm32cube.ide.mcu.externaltools.gnu-tools-for-stm32.13.3.rel1.win32_1.0.0.202411081344/tools/bin/../lib/gcc/arm-none-eabi/13.3.1/../../../../arm-none-eabi/lib/thumb/v7e-m+fp/hard\libc_nano.a(libc_a-nano-vfprintf_float.o)
                0x080122b8                _printf_float
 .text._printf_common
                0x0801270c       0xda C:/ST/STM32CubeIDE_1.18.0/STM32CubeIDE/plugins/com.st.stm32cube.ide.mcu.externaltools.gnu-tools-for-stm32.13.3.rel1.win32_1.0.0.202411081344/tools/bin/../lib/gcc/arm-none-eabi/13.3.1/../../../../arm-none-eabi/lib/thumb/v7e-m+fp/hard\libc_nano.a(libc_a-nano-vfprintf_i.o)
                0x0801270c                _printf_common
 *fill*         0x080127e6        0x2 
 .text._printf_i
                0x080127e8      0x23c C:/ST/STM32CubeIDE_1.18.0/STM32CubeIDE/plugins/com.st.stm32cube.ide.mcu.externaltools.gnu-tools-for-stm32.13.3.rel1.win32_1.0.0.202411081344/tools/bin/../lib/gcc/arm-none-eabi/13.3.1/../../../../arm-none-eabi/lib/thumb/v7e-m+fp/hard\libc_nano.a(libc_a-nano-vfprintf_i.o)
                0x080127e8                _printf_i
 .text.std      0x08012a24       0x6c C:/ST/STM32CubeIDE_1.18.0/STM32CubeIDE/plugins/com.st.stm32cube.ide.mcu.externaltools.gnu-tools-for-stm32.13.3.rel1.win32_1.0.0.202411081344/tools/bin/../lib/gcc/arm-none-eabi/13.3.1/../../../../arm-none-eabi/lib/thumb/v7e-m+fp/hard\libc_nano.a(libc_a-findfp.o)
 .text.stdio_exit_handler
                0x08012a90       0x18 C:/ST/STM32CubeIDE_1.18.0/STM32CubeIDE/plugins/com.st.stm32cube.ide.mcu.externaltools.gnu-tools-for-stm32.13.3.rel1.win32_1.0.0.202411081344/tools/bin/../lib/gcc/arm-none-eabi/13.3.1/../../../../arm-none-eabi/lib/thumb/v7e-m+fp/hard\libc_nano.a(libc_a-findfp.o)
 .text.cleanup_stdio
                0x08012aa8       0x40 C:/ST/STM32CubeIDE_1.18.0/STM32CubeIDE/plugins/com.st.stm32cube.ide.mcu.externaltools.gnu-tools-for-stm32.13.3.rel1.win32_1.0.0.202411081344/tools/bin/../lib/gcc/arm-none-eabi/13.3.1/../../../../arm-none-eabi/lib/thumb/v7e-m+fp/hard\libc_nano.a(libc_a-findfp.o)
 .text.global_stdio_init.part.0
                0x08012ae8       0x3c C:/ST/STM32CubeIDE_1.18.0/STM32CubeIDE/plugins/com.st.stm32cube.ide.mcu.externaltools.gnu-tools-for-stm32.13.3.rel1.win32_1.0.0.202411081344/tools/bin/../lib/gcc/arm-none-eabi/13.3.1/../../../../arm-none-eabi/lib/thumb/v7e-m+fp/hard\libc_nano.a(libc_a-findfp.o)
 .text.__sfp_lock_acquire
                0x08012b24        0xc C:/ST/STM32CubeIDE_1.18.0/STM32CubeIDE/plugins/com.st.stm32cube.ide.mcu.externaltools.gnu-tools-for-stm32.13.3.rel1.win32_1.0.0.202411081344/tools/bin/../lib/gcc/arm-none-eabi/13.3.1/../../../../arm-none-eabi/lib/thumb/v7e-m+fp/hard\libc_nano.a(libc_a-findfp.o)
                0x08012b24                __sfp_lock_acquire
 .text.__sfp_lock_release
                0x08012b30        0xc C:/ST/STM32CubeIDE_1.18.0/STM32CubeIDE/plugins/com.st.stm32cube.ide.mcu.externaltools.gnu-tools-for-stm32.13.3.rel1.win32_1.0.0.202411081344/tools/bin/../lib/gcc/arm-none-eabi/13.3.1/../../../../arm-none-eabi/lib/thumb/v7e-m+fp/hard\libc_nano.a(libc_a-findfp.o)
                0x08012b30                __sfp_lock_release
 .text.__sinit  0x08012b3c       0x30 C:/ST/STM32CubeIDE_1.18.0/STM32CubeIDE/plugins/com.st.stm32cube.ide.mcu.externaltools.gnu-tools-for-stm32.13.3.rel1.win32_1.0.0.202411081344/tools/bin/../lib/gcc/arm-none-eabi/13.3.1/../../../../arm-none-eabi/lib/thumb/v7e-m+fp/hard\libc_nano.a(libc_a-findfp.o)
                0x08012b3c                __sinit
 .text._fwalk_sglue
                0x08012b6c       0x3c C:/ST/STM32CubeIDE_1.18.0/STM32CubeIDE/plugins/com.st.stm32cube.ide.mcu.externaltools.gnu-tools-for-stm32.13.3.rel1.win32_1.0.0.202411081344/tools/bin/../lib/gcc/arm-none-eabi/13.3.1/../../../../arm-none-eabi/lib/thumb/v7e-m+fp/hard\libc_nano.a(libc_a-fwalk.o)
                0x08012b6c                _fwalk_sglue
 .text.__sread  0x08012ba8       0x22 C:/ST/STM32CubeIDE_1.18.0/STM32CubeIDE/plugins/com.st.stm32cube.ide.mcu.externaltools.gnu-tools-for-stm32.13.3.rel1.win32_1.0.0.202411081344/tools/bin/../lib/gcc/arm-none-eabi/13.3.1/../../../../arm-none-eabi/lib/thumb/v7e-m+fp/hard\libc_nano.a(libc_a-stdio.o)
                0x08012ba8                __sread
 .text.__swrite
                0x08012bca       0x38 C:/ST/STM32CubeIDE_1.18.0/STM32CubeIDE/plugins/com.st.stm32cube.ide.mcu.externaltools.gnu-tools-for-stm32.13.3.rel1.win32_1.0.0.202411081344/tools/bin/../lib/gcc/arm-none-eabi/13.3.1/../../../../arm-none-eabi/lib/thumb/v7e-m+fp/hard\libc_nano.a(libc_a-stdio.o)
                0x08012bca                __swrite
 .text.__sseek  0x08012c02       0x24 C:/ST/STM32CubeIDE_1.18.0/STM32CubeIDE/plugins/com.st.stm32cube.ide.mcu.externaltools.gnu-tools-for-stm32.13.3.rel1.win32_1.0.0.202411081344/tools/bin/../lib/gcc/arm-none-eabi/13.3.1/../../../../arm-none-eabi/lib/thumb/v7e-m+fp/hard\libc_nano.a(libc_a-stdio.o)
                0x08012c02                __sseek
 .text.__sclose
                0x08012c26        0x8 C:/ST/STM32CubeIDE_1.18.0/STM32CubeIDE/plugins/com.st.stm32cube.ide.mcu.externaltools.gnu-tools-for-stm32.13.3.rel1.win32_1.0.0.202411081344/tools/bin/../lib/gcc/arm-none-eabi/13.3.1/../../../../arm-none-eabi/lib/thumb/v7e-m+fp/hard\libc_nano.a(libc_a-stdio.o)
                0x08012c26                __sclose
 .text.memset   0x08012c2e       0x10 C:/ST/STM32CubeIDE_1.18.0/STM32CubeIDE/plugins/com.st.stm32cube.ide.mcu.externaltools.gnu-tools-for-stm32.13.3.rel1.win32_1.0.0.202411081344/tools/bin/../lib/gcc/arm-none-eabi/13.3.1/../../../../arm-none-eabi/lib/thumb/v7e-m+fp/hard\libc_nano.a(libc_a-memset.o)
                0x08012c2e                memset
 *fill*         0x08012c3e        0x2 
 .text._localeconv_r
                0x08012c40        0x8 C:/ST/STM32CubeIDE_1.18.0/STM32CubeIDE/plugins/com.st.stm32cube.ide.mcu.externaltools.gnu-tools-for-stm32.13.3.rel1.win32_1.0.0.202411081344/tools/bin/../lib/gcc/arm-none-eabi/13.3.1/../../../../arm-none-eabi/lib/thumb/v7e-m+fp/hard\libc_nano.a(libc_a-localeconv.o)
                0x08012c40                _localeconv_r
 .text._close_r
                0x08012c48       0x20 C:/ST/STM32CubeIDE_1.18.0/STM32CubeIDE/plugins/com.st.stm32cube.ide.mcu.externaltools.gnu-tools-for-stm32.13.3.rel1.win32_1.0.0.202411081344/tools/bin/../lib/gcc/arm-none-eabi/13.3.1/../../../../arm-none-eabi/lib/thumb/v7e-m+fp/hard\libc_nano.a(libc_a-closer.o)
                0x08012c48                _close_r
 .text._reclaim_reent
                0x08012c68       0xbc C:/ST/STM32CubeIDE_1.18.0/STM32CubeIDE/plugins/com.st.stm32cube.ide.mcu.externaltools.gnu-tools-for-stm32.13.3.rel1.win32_1.0.0.202411081344/tools/bin/../lib/gcc/arm-none-eabi/13.3.1/../../../../arm-none-eabi/lib/thumb/v7e-m+fp/hard\libc_nano.a(libc_a-reent.o)
                0x08012c68                _reclaim_reent
 .text._lseek_r
                0x08012d24       0x24 C:/ST/STM32CubeIDE_1.18.0/STM32CubeIDE/plugins/com.st.stm32cube.ide.mcu.externaltools.gnu-tools-for-stm32.13.3.rel1.win32_1.0.0.202411081344/tools/bin/../lib/gcc/arm-none-eabi/13.3.1/../../../../arm-none-eabi/lib/thumb/v7e-m+fp/hard\libc_nano.a(libc_a-lseekr.o)
                0x08012d24                _lseek_r
 .text._read_r  0x08012d48       0x24 C:/ST/STM32CubeIDE_1.18.0/STM32CubeIDE/plugins/com.st.stm32cube.ide.mcu.externaltools.gnu-tools-for-stm32.13.3.rel1.win32_1.0.0.202411081344/tools/bin/../lib/gcc/arm-none-eabi/13.3.1/../../../../arm-none-eabi/lib/thumb/v7e-m+fp/hard\libc_nano.a(libc_a-readr.o)
                0x08012d48                _read_r
 .text._write_r
                0x08012d6c       0x24 C:/ST/STM32CubeIDE_1.18.0/STM32CubeIDE/plugins/com.st.stm32cube.ide.mcu.externaltools.gnu-tools-for-stm32.13.3.rel1.win32_1.0.0.202411081344/tools/bin/../lib/gcc/arm-none-eabi/13.3.1/../../../../arm-none-eabi/lib/thumb/v7e-m+fp/hard\libc_nano.a(libc_a-writer.o)
                0x08012d6c                _write_r
 .text.__errno  0x08012d90        0xc C:/ST/STM32CubeIDE_1.18.0/STM32CubeIDE/plugins/com.st.stm32cube.ide.mcu.externaltools.gnu-tools-for-stm32.13.3.rel1.win32_1.0.0.202411081344/tools/bin/../lib/gcc/arm-none-eabi/13.3.1/../../../../arm-none-eabi/lib/thumb/v7e-m+fp/hard\libc_nano.a(libc_a-errno.o)
                0x08012d90                __errno
 .text.__libc_init_array
                0x08012d9c       0x48 C:/ST/STM32CubeIDE_1.18.0/STM32CubeIDE/plugins/com.st.stm32cube.ide.mcu.externaltools.gnu-tools-for-stm32.13.3.rel1.win32_1.0.0.202411081344/tools/bin/../lib/gcc/arm-none-eabi/13.3.1/../../../../arm-none-eabi/lib/thumb/v7e-m+fp/hard\libc_nano.a(libc_a-init.o)
                0x08012d9c                __libc_init_array
 .text.__retarget_lock_init_recursive
                0x08012de4        0x2 C:/ST/STM32CubeIDE_1.18.0/STM32CubeIDE/plugins/com.st.stm32cube.ide.mcu.externaltools.gnu-tools-for-stm32.13.3.rel1.win32_1.0.0.202411081344/tools/bin/../lib/gcc/arm-none-eabi/13.3.1/../../../../arm-none-eabi/lib/thumb/v7e-m+fp/hard\libc_nano.a(libc_a-lock.o)
                0x08012de4                __retarget_lock_init_recursive
 .text.__retarget_lock_acquire_recursive
                0x08012de6        0x2 C:/ST/STM32CubeIDE_1.18.0/STM32CubeIDE/plugins/com.st.stm32cube.ide.mcu.externaltools.gnu-tools-for-stm32.13.3.rel1.win32_1.0.0.202411081344/tools/bin/../lib/gcc/arm-none-eabi/13.3.1/../../../../arm-none-eabi/lib/thumb/v7e-m+fp/hard\libc_nano.a(libc_a-lock.o)
                0x08012de6                __retarget_lock_acquire_recursive
 .text.__retarget_lock_release_recursive
                0x08012de8        0x2 C:/ST/STM32CubeIDE_1.18.0/STM32CubeIDE/plugins/com.st.stm32cube.ide.mcu.externaltools.gnu-tools-for-stm32.13.3.rel1.win32_1.0.0.202411081344/tools/bin/../lib/gcc/arm-none-eabi/13.3.1/../../../../arm-none-eabi/lib/thumb/v7e-m+fp/hard\libc_nano.a(libc_a-lock.o)
                0x08012de8                __retarget_lock_release_recursive
 .text.memcpy   0x08012dea       0x1c C:/ST/STM32CubeIDE_1.18.0/STM32CubeIDE/plugins/com.st.stm32cube.ide.mcu.externaltools.gnu-tools-for-stm32.13.3.rel1.win32_1.0.0.202411081344/tools/bin/../lib/gcc/arm-none-eabi/13.3.1/../../../../arm-none-eabi/lib/thumb/v7e-m+fp/hard\libc_nano.a(libc_a-memcpy-stub.o)
                0x08012dea                memcpy
 .text.quorem   0x08012e06      0x110 C:/ST/STM32CubeIDE_1.18.0/STM32CubeIDE/plugins/com.st.stm32cube.ide.mcu.externaltools.gnu-tools-for-stm32.13.3.rel1.win32_1.0.0.202411081344/tools/bin/../lib/gcc/arm-none-eabi/13.3.1/../../../../arm-none-eabi/lib/thumb/v7e-m+fp/hard\libc_nano.a(libc_a-dtoa.o)
 *fill*         0x08012f16        0x2 
 .text._dtoa_r  0x08012f18      0xba0 C:/ST/STM32CubeIDE_1.18.0/STM32CubeIDE/plugins/com.st.stm32cube.ide.mcu.externaltools.gnu-tools-for-stm32.13.3.rel1.win32_1.0.0.202411081344/tools/bin/../lib/gcc/arm-none-eabi/13.3.1/../../../../arm-none-eabi/lib/thumb/v7e-m+fp/hard\libc_nano.a(libc_a-dtoa.o)
                0x08012f18                _dtoa_r
 .text._free_r  0x08013ab8       0x94 C:/ST/STM32CubeIDE_1.18.0/STM32CubeIDE/plugins/com.st.stm32cube.ide.mcu.externaltools.gnu-tools-for-stm32.13.3.rel1.win32_1.0.0.202411081344/tools/bin/../lib/gcc/arm-none-eabi/13.3.1/../../../../arm-none-eabi/lib/thumb/v7e-m+fp/hard\libc_nano.a(libc_a-freer.o)
                0x08013ab8                _free_r
 .text.malloc   0x08013b4c       0x10 C:/ST/STM32CubeIDE_1.18.0/STM32CubeIDE/plugins/com.st.stm32cube.ide.mcu.externaltools.gnu-tools-for-stm32.13.3.rel1.win32_1.0.0.202411081344/tools/bin/../lib/gcc/arm-none-eabi/13.3.1/../../../../arm-none-eabi/lib/thumb/v7e-m+fp/hard\libc_nano.a(libc_a-malloc.o)
                0x08013b4c                malloc
 .text.sbrk_aligned
                0x08013b5c       0x44 C:/ST/STM32CubeIDE_1.18.0/STM32CubeIDE/plugins/com.st.stm32cube.ide.mcu.externaltools.gnu-tools-for-stm32.13.3.rel1.win32_1.0.0.202411081344/tools/bin/../lib/gcc/arm-none-eabi/13.3.1/../../../../arm-none-eabi/lib/thumb/v7e-m+fp/hard\libc_nano.a(libc_a-mallocr.o)
 .text._malloc_r
                0x08013ba0      0x100 C:/ST/STM32CubeIDE_1.18.0/STM32CubeIDE/plugins/com.st.stm32cube.ide.mcu.externaltools.gnu-tools-for-stm32.13.3.rel1.win32_1.0.0.202411081344/tools/bin/../lib/gcc/arm-none-eabi/13.3.1/../../../../arm-none-eabi/lib/thumb/v7e-m+fp/hard\libc_nano.a(libc_a-mallocr.o)
                0x08013ba0                _malloc_r
 .text.__malloc_lock
                0x08013ca0        0xc C:/ST/STM32CubeIDE_1.18.0/STM32CubeIDE/plugins/com.st.stm32cube.ide.mcu.externaltools.gnu-tools-for-stm32.13.3.rel1.win32_1.0.0.202411081344/tools/bin/../lib/gcc/arm-none-eabi/13.3.1/../../../../arm-none-eabi/lib/thumb/v7e-m+fp/hard\libc_nano.a(libc_a-mlock.o)
                0x08013ca0                __malloc_lock
 .text.__malloc_unlock
                0x08013cac        0xc C:/ST/STM32CubeIDE_1.18.0/STM32CubeIDE/plugins/com.st.stm32cube.ide.mcu.externaltools.gnu-tools-for-stm32.13.3.rel1.win32_1.0.0.202411081344/tools/bin/../lib/gcc/arm-none-eabi/13.3.1/../../../../arm-none-eabi/lib/thumb/v7e-m+fp/hard\libc_nano.a(libc_a-mlock.o)
                0x08013cac                __malloc_unlock
 .text._Balloc  0x08013cb8       0x80 C:/ST/STM32CubeIDE_1.18.0/STM32CubeIDE/plugins/com.st.stm32cube.ide.mcu.externaltools.gnu-tools-for-stm32.13.3.rel1.win32_1.0.0.202411081344/tools/bin/../lib/gcc/arm-none-eabi/13.3.1/../../../../arm-none-eabi/lib/thumb/v7e-m+fp/hard\libc_nano.a(libc_a-mprec.o)
                0x08013cb8                _Balloc