../Core/Src/app_freertos.c:77:21:ramp	24	static
../Core/Src/app_freertos.c:283:6:MX_FREERTOS_Init	16	static
../Core/Src/app_freertos.c:381:6:supervisionTask	16	static
../Core/Src/app_freertos.c:400:6:readSensorsTask	32	static
../Core/Src/app_freertos.c:451:6:pidTask	48	static
../Core/Src/app_freertos.c:550:6:lightsTask	24	static
../Core/Src/app_freertos.c:582:6:executeSupervision	16	static
../Core/Src/app_freertos.c:626:6:deadlineProcedure	8	static,ignoring_inline_asm
../Core/Src/app_freertos.c:653:6:HAL_GPIO_EXTI_Callback	16	static
