../Core/Inc/utils.h:13:24:ramp	32	static
../Core/Src/app_freertos.c:211:25:init_encoders_supervision	16	static
../Core/Src/app_freertos.c:232:25:init_encoders_pid	16	static
../Core/Src/app_freertos.c:253:23:init_motors	16	static
../Core/Src/app_freertos.c:287:6:MX_FREERTOS_Init	24	static
../Core/Src/app_freertos.c:450:6:supervisionTask	16	static
../Core/Src/app_freertos.c:469:6:readSensorsTask	48	static
../Core/Src/app_freertos.c:580:6:pidTask	64	static
../Core/Src/app_freertos.c:712:6:lightsTask	32	static
../Core/Src/app_freertos.c:750:6:executeSupervision	8	static
../Core/Src/app_freertos.c:761:6:vApplicationStackOverflowHook	16	static
../Core/Src/app_freertos.c:767:6:safety_stop_and_halt	8	static,ignoring_inline_asm
../Core/Src/app_freertos.c:794:6:HAL_GPIO_EXTI_Callback	16	static
