../Core/Src/board1_functions.c:42:13:Copy_StateBusB1	16	static
../Core/Src/board1_functions.c:54:13:Copy_StateBusB2	16	static
../Core/Src/board1_functions.c:75:13:Copy_GSBus	16	static
../Core/Src/board1_functions.c:89:13:Copy_DecBus	16	static
../Core/Src/board1_functions.c:107:11:UART_Is_Tx_Complete	4	static
../Core/Src/board1_functions.c:116:11:UART_Is_Rx_Complete	4	static
../Core/Src/board1_functions.c:125:6:UART_Stop_DMA	8	static
../Core/Src/board1_functions.c:130:6:UART_Send_Local_State	16	static
../Core/Src/board1_functions.c:156:6:UART_Send_GlobalState	16	static
../Core/Src/board1_functions.c:172:6:UART_Send_Decision	16	static
../Core/Src/board1_functions.c:188:6:UART_Send_Ping	8	static
../Core/Src/board1_functions.c:196:6:UART_Wait_State	16	static
../Core/Src/board1_functions.c:205:6:UART_Wait_GlobalState	16	static
../Core/Src/board1_functions.c:213:6:UART_Wait_Decision	16	static
../Core/Src/board1_functions.c:221:6:UART_Wait_Ping	16	static
../Core/Src/board1_functions.c:229:11:UART_Check_Ping	16	static
../Core/Src/board1_functions.c:238:11:CRC_Check_State	56	static
../Core/Src/board1_functions.c:257:11:CRC_Check_GlobalState	80	static
../Core/Src/board1_functions.c:274:11:CRC_Check_Decision	48	static
../Core/Src/board1_functions.c:295:11:IO_Read_Session	8	static
../Core/Src/board1_functions.c:301:6:IO_Set_SlaveTalk	8	static
../Core/Src/board1_functions.c:308:6:IO_Reset_SlaveTalk	8	static
../Core/Src/board1_functions.c:315:11:IO_Read_MasterTalk	8	static
../Core/Src/board1_functions.c:325:10:Time_Get_Tick	4	static
../Core/Src/board1_functions.c:331:11:Time_Check_Elapsed_us	24	static
../Core/Src/board1_functions.c:339:11:Time_Check_Elapsed_ms	24	static
../Core/Src/board1_functions.c:349:6:OS_Enter_Critical	8	static
../Core/Src/board1_functions.c:355:6:OS_Exit_Critical	8	static
