../Core/Src/board1_functions.c:17:13:Copy_StateBusB1	16	static
../Core/Src/board1_functions.c:27:13:Copy_StateBusB2	16	static
../Core/Src/board1_functions.c:46:13:Copy_GSBus	16	static
../Core/Src/board1_functions.c:56:13:Copy_DecBus	16	static
../Core/Src/board1_functions.c:70:11:UART_Data_Sended	4	static
../Core/Src/board1_functions.c:79:11:UART_Data_Received	4	static
../Core/Src/board1_functions.c:88:6:UART_DMA_Stop	8	static
../Core/Src/board1_functions.c:93:6:UART_Send_State	16	static
../Core/Src/board1_functions.c:109:6:UART_Send_GlobalState	16	static
../Core/Src/board1_functions.c:125:6:UART_Send_Decision	16	static
../Core/Src/board1_functions.c:141:6:UART_Send_Ping	8	static
../Core/Src/board1_functions.c:149:6:UART_Wait_State	16	static
../Core/Src/board1_functions.c:157:6:UART_Wait_GlobalState	16	static
../Core/Src/board1_functions.c:165:6:UART_Wait_Decision	16	static
../Core/Src/board1_functions.c:173:6:UART_Wait_Ping	16	static
../Core/Src/board1_functions.c:181:11:Correct_CRC_State	56	static
../Core/Src/board1_functions.c:198:11:Correct_CRC_GlobalState	80	static
../Core/Src/board1_functions.c:215:11:Correct_CRC_Decision	48	static
../Core/Src/board1_functions.c:232:11:Correct_Ping	16	static
../Core/Src/board1_functions.c:237:11:is_Session_high	8	static
../Core/Src/board1_functions.c:243:6:set_STALK	8	static
../Core/Src/board1_functions.c:250:6:reset_STALK	8	static
../Core/Src/board1_functions.c:257:11:is_MTALK_high	8	static
../Core/Src/board1_functions.c:263:10:get_tick	4	static
../Core/Src/board1_functions.c:268:11:check_elapsed_time_us	24	static
../Core/Src/board1_functions.c:275:11:check_elapsed_time	24	static
../Core/Src/board1_functions.c:284:6:enter_critical_section	8	static
../Core/Src/board1_functions.c:289:6:exit_critical_section	8	static
