../Core/Src/Board1.c:133:13:Board1_Rover_Lights_OFF	4	static
../Core/Src/Board1.c:142:13:Board1_enter_internal_Normal	8	static
../Core/Src/Board1.c:187:18:Board1_isSessionhigh	8	static
../Core/Src/Board1.c:193:18:Board1_Check_Timeout_Us	16	static
../Core/Src/Board1.c:200:13:Board1_Abort_Communication	8	static
../Core/Src/Board1.c:206:13:Board1_setSTalk	8	static
../Core/Src/Board1.c:212:13:Board1_Send_Ping	8	static
../Core/Src/Board1.c:218:17:Board1_Get_Timestamp	8	static
../Core/Src/Board1.c:224:18:Board1_Is_Rx_Finished	8	static
../Core/Src/Board1.c:230:18:Board1_Verify_Ping	8	static
../Core/Src/Board1.c:236:13:Board1_Wait_Ping	8	static
../Core/Src/Board1.c:242:13:Board1_resetSTalk	8	static
../Core/Src/Board1.c:248:18:Board1_isMTalkhigh	8	static
../Core/Src/Board1.c:254:18:Board1_Is_Tx_Finished	8	static
../Core/Src/Board1.c:260:13:Board1_stop_motors	8	static
../Core/Src/Board1.c:291:13:Board1_Send_Decision	8	static
../Core/Src/Board1.c:297:13:Bo_exit_internal_Normal_voltage	4	static
../Core/Src/Board1.c:312:13:Board1_exit_internal_Normal	8	static
../Core/Src/Board1.c:350:13:Board1_Write_Output	16	static
../Core/Src/Board1.c:360:13:Board1_Decision_transmitted	16	static
../Core/Src/Board1.c:483:13:Board1_Send_Global_State	8	static
../Core/Src/Board1.c:489:18:Board1_isequal_h	24	static
../Core/Src/Board1.c:502:18:Board1_isequal	40	static
../Core/Src/Board1.c:638:13:Board1_Wait_Decision	8	static
../Core/Src/Board1.c:644:13:Global_Local_state_transmitted	168	static
../Core/Src/Board1.c:700:13:Board1_Send_Local_State	8	static
../Core/Src/Board1.c:706:13:Board1_Wait_Global_State	8	static
../Core/Src/Board1.c:712:18:Board_Verify_Decision_Integrity	8	static
../Core/Src/Board1.c:718:18:Board1_Critical_Voltage	4	static
../Core/Src/Board1.c:725:18:Board1_Is_Rover_Stationary	24	static
../Core/Src/Board1.c:751:18:Board1_Emergency_B_Pressed	4	static
../Core/Src/Board1.c:760:13:Board1_Turn_Left	4	static
../Core/Src/Board1.c:769:13:Board1_Turn_Right	4	static
../Core/Src/Board1.c:778:13:Board1_Update_Angle	16	static
../Core/Src/Board1.c:785:13:Board1_Stop_Motors	4	static
../Core/Src/Board1.c:794:13:Board1_Emergency_sonar_routine	16	static
../Core/Src/Board1.c:878:18:Board1_Stop_B_Pressed	4	static
../Core/Src/Board1.c:887:18:Board1_Near_Obstacle	4	static
../Core/Src/Board1.c:897:13:Moving_obstacle_from_left_routi	16	static
../Core/Src/Board1.c:971:13:Moving_obstacle_from_right_rout	16	static
../Core/Src/Board1.c:1045:18:Board1_Is_Rover_Moving_Forward	24	static
../Core/Src/Board1.c:1071:18:Board1_Emergency_S_Routine	16	static
../Core/Src/Board1.c:1087:18:Board1_Mov_Obs_R_Routine	16	static
../Core/Src/Board1.c:1102:18:Board1_Mov_Obs_L_Routine	16	static
../Core/Src/Board1.c:1117:18:Board1_Stop_Slow_Routine	16	static
../Core/Src/Board1.c:1138:18:Low_Controller_Battery_Routine	4	static
../Core/Src/Board1.c:1146:18:Board1_Spec_Retro_Routine	16	static
../Core/Src/Board1.c:1162:18:Board1_Stationary_Obs_Routine	16	static
../Core/Src/Board1.c:1178:13:Board1_Process_User_Commands	32	static
../Core/Src/Board1.c:1227:13:Board1_Turn_Back	4	static
../Core/Src/Board1.c:1236:13:Board1_Select_routine	16	static
../Core/Src/Board1.c:1321:18:Board1_Mov_Obs_Right	4	static
../Core/Src/Board1.c:1328:18:Board1_Mov_Obs_Left	4	static
../Core/Src/Board1.c:1335:13:Board1_Routine_manager	16	static
../Core/Src/Board1.c:1525:18:Board1_Lights_B_Pressed	16	static
../Core/Src/Board1.c:1541:13:Board1_Update_Rover_Lights	40	static
../Core/Src/Board1.c:1648:18:Board1_Mode_B_Pressed	16	static
../Core/Src/Board1.c:1664:13:Board1_Actions	16	static
../Core/Src/Board1.c:1825:13:Board1_Receive_decision	16	static
../Core/Src/Board1.c:1864:18:Board1_Verify_Global_Integrity	8	static
../Core/Src/Board1.c:1870:18:Board1_Obs_Sonar2	4	static
../Core/Src/Board1.c:1877:18:Board1_Check_Timeout_Ms	16	static
../Core/Src/Board1.c:1884:18:Board1_Obs_Sonar1	4	static
../Core/Src/Board1.c:1891:18:Board1_Obs_Sonar3	4	static
../Core/Src/Board1.c:1898:13:Board1_Moving_obstacle	16	static
../Core/Src/Board1.c:1992:18:Board1_Button2_Pressed_Retro	16	static
../Core/Src/Board1.c:2007:18:Board1_Button1_Pressed_Retro	16	static
../Core/Src/Board1.c:2022:18:Board1_Button2_Pressed_Obs	16	static
../Core/Src/Board1.c:2037:18:Board1_Button1_Pressed_Obs	16	static
../Core/Src/Board1.c:2052:13:Board1_Combo	16	static
../Core/Src/Board1.c:2113:18:Board1_Low_Voltage	4	static
../Core/Src/Board1.c:2119:18:Board1_High_Temp	4	static
../Core/Src/Board1.c:2125:13:Boa_Battery_temperature_manager	16	static
../Core/Src/Board1.c:2218:13:Board1_Update_Global_State	12	static
../Core/Src/Board1.c:2229:13:Board1_Receive_global_state	16	static
../Core/Src/Board1.c:2279:18:Board1_Verify_State_Integrity	8	static
../Core/Src/Board1.c:2285:13:Board1_Wait_State	8	static
../Core/Src/Board1.c:2291:13:Board1_Update_Local_State	8	static
../Core/Src/Board1.c:2316:13:Board1_Supervisor	16	static
../Core/Src/Board1.c:2529:13:Board1_Init_Data_Structures	8	static
../Core/Src/Board1.c:2657:6:Board1_step	16	static
../Core/Src/Board1.c:2826:6:Board1_initialize	4	static
../Core/Src/Board1.c:2833:6:Board1_terminate	4	static
