../Core/Src/led_stripes.c:63:24:lfsr_next	16	static
../Core/Src/led_stripes.c:73:20:random_rainbow	24	static
../Core/Src/led_stripes.c:88:23:scale8	16	static
../Core/Src/led_stripes.c:93:14:led_stripe_init	24	static
../Core/Src/led_stripes.c:119:14:rear_led_step	24	static
../Core/Src/led_stripes.c:178:14:rear_sign_step	24	static
../Core/Src/led_stripes.c:223:21:rear_led_off	16	static
../Core/Src/led_stripes.c:237:21:rear_sign_off	16	static
../Core/Src/led_stripes.c:250:21:rear_led_special_lights	24	static
../Core/Src/led_stripes.c:268:21:rear_led_anim_stop	16	static
../Core/Src/led_stripes.c:281:21:rear_led_anim_backlights	24	static
../Core/Src/led_stripes.c:304:21:rear_led_anim_arrow_right	40	static
../Core/Src/led_stripes.c:353:21:rear_led_anim_arrow_left	40	static
../Core/Src/led_stripes.c:403:21:rear_led_anim_backward	16	static
../Core/Src/led_stripes.c:416:21:rear_sign_white	16	static
../Core/Src/led_stripes.c:428:21:rear_sign_red	16	static
../Core/Src/led_stripes.c:441:21:rear_sign_green	16	static
../Core/Src/led_stripes.c:454:21:rear_sign_orange	16	static
../Core/Src/led_stripes.c:467:14:led_set_RGB	24	static
../Core/Src/led_stripes.c:482:14:led_set_all_RGB	24	static
../Core/Src/led_stripes.c:495:14:led_set_RGB_range	32	static
../Core/Src/led_stripes.c:508:14:led_render	16	static
../Core/Src/led_stripes.c:545:6:HAL_TIM_PWM_PulseFinishedHalfCpltCallback	24	static
../Core/Src/led_stripes.c:568:6:HAL_TIM_PWM_PulseFinishedCallback	24	static
