../Core/Src/app_freertos.c:82:13:app_delay_us	16	static
../Core/Src/app_freertos.c:93:24:ramp	24	static
../Core/Src/app_freertos.c:219:6:MX_FREERTOS_Init	136	static
../Core/Src/app_freertos.c:308:6:readSonarTask	48	static
../Core/Src/app_freertos.c:372:6:supervisionTask	24	static
../Core/Src/app_freertos.c:400:6:telemetryLoggerTask	136	static
../Core/Src/app_freertos.c:487:13:supervision_read_inputs	8	static
../Core/Src/app_freertos.c:508:6:executeSupervision	16	static
../Core/Src/app_freertos.c:538:13:supervision_apply_actuation	32	static
../Core/Src/app_freertos.c:605:6:deadlineProcedure	8	static,ignoring_inline_asm
