../Core/Inc/controller.h:134:34:get_telecontrol_bx	24	static
../Core/Inc/controller.h:147:34:get_telecontrol_ay	24	static
../Core/Inc/controller.h:160:34:get_telecontrol_button_btn1	24	static
../Core/Inc/controller.h:173:34:get_telecontrol_button_btn2	24	static
../Core/Inc/controller.h:186:34:get_telecontrol_button_btn3	24	static
../Core/Inc/controller.h:199:34:get_telecontrol_button_btn4	24	static
../Core/Inc/controller.h:212:34:get_telecontrol_b_btn	24	static
../Core/Inc/controller.h:225:34:get_telecontrol_a_btn	24	static
../Core/Inc/controller.h:238:34:get_telecontrol_percentage	24	static
../Core/Inc/utils.h:13:24:ramp	32	static
../Core/Inc/utils.h:35:23:calculate_battery_percent	24	static
../Core/Inc/utils.h:56:22:saturate_temperature	32	static
../Core/Inc/utils.h:78:34:get_light_mode	24	static
../Core/Inc/utils.h:98:27:get_driving_mode	24	static
../Core/Src/app_freertos.c:162:6:MX_FREERTOS_Init	16	static
../Core/Src/app_freertos.c:260:6:readSonarTask	56	static
../Core/Src/app_freertos.c:323:6:supervisionTask	24	static
../Core/Src/app_freertos.c:351:6:telemetryLoggerTask	104	static
../Core/Src/app_freertos.c:504:13:supervision_read_inputs	16	static
../Core/Src/app_freertos.c:597:6:executeSupervision	8	static
../Core/Src/app_freertos.c:607:13:supervision_apply_actuation	48	static
../Core/Src/app_freertos.c:694:6:vApplicationStackOverflowHook	16	static
../Core/Src/app_freertos.c:699:6:safety_stop_and_halt	8	static,ignoring_inline_asm
