../Core/Src/Board2.c:191:13:Board2_Update_Local_State	8	static
../Core/Src/Board2.c:243:13:Board2_Open_Session	8	static
../Core/Src/Board2.c:249:13:Board2_Raise_MTalk	8	static
../Core/Src/Board2.c:255:17:Board2_Get_Timestamp	8	static
../Core/Src/Board2.c:261:13:Board2_enter_internal_Normal	8	static
../Core/Src/Board2.c:292:18:Board2_Is_STalk_High	8	static
../Core/Src/Board2.c:298:18:Board2_Check_Timeout_Us	16	static
../Core/Src/Board2.c:305:13:Board2_Abort_Communication	8	static
../Core/Src/Board2.c:311:13:Board2_Close_Session	8	static
../Core/Src/Board2.c:317:13:Board2_Lower_MTalk	8	static
../Core/Src/Board2.c:323:13:Board2_Send_Ping	8	static
../Core/Src/Board2.c:329:13:Board2_Wait_Ping	8	static
../Core/Src/Board2.c:335:18:Board2_Is_Rx_Finished	8	static
../Core/Src/Board2.c:341:18:Board2_Verify_Ping	8	static
../Core/Src/Board2.c:347:18:Board2_Is_Tx_Finished	8	static
../Core/Src/Board2.c:353:13:Board2_Compute_Degraded_Actions	24	static
../Core/Src/Board2.c:467:13:Board2_exit_internal_Normal	4	static
../Core/Src/Board2.c:491:13:Board2_Send_Decision	8	static
../Core/Src/Board2.c:497:13:Board2_Wait_Decision	8	static
../Core/Src/Board2.c:503:13:Board2_Send_Global_State	8	static
../Core/Src/Board2.c:509:13:Board2_Wait_Global_State	8	static
../Core/Src/Board2.c:515:13:Board2_Send_Local_State	8	static
../Core/Src/Board2.c:521:13:Board2_Wait_State	8	static
../Core/Src/Board2.c:527:13:Board2_Local_state_transmitted	16	static
../Core/Src/Board2.c:558:18:Board_Verify_Decision_Integrity	8	static
../Core/Src/Board2.c:564:13:Board2_Write_Output	16	static
../Core/Src/Board2.c:574:13:Board2_Receive_decision	16	static
../Core/Src/Board2.c:707:18:Board2_Verify_Global_Integrity	8	static
../Core/Src/Board2.c:713:18:Board2_Critical_Voltage	4	static
../Core/Src/Board2.c:720:18:Board2_Motor_Error	4	static
../Core/Src/Board2.c:733:18:Board2_Critical_Voltage_Occured	4	static
../Core/Src/Board2.c:739:18:Board2_Motor_Error_Occured	4	static
../Core/Src/Board2.c:745:18:Board2_Is_Rover_Stationary	24	static
../Core/Src/Board2.c:816:18:Board2_Detect_Limit_Activation	16	static
../Core/Src/Board2.c:835:13:Board2_Decrease_Max_Vel	16	static
../Core/Src/Board2.c:855:13:Board2_Increase_Max_Vel	16	static
../Core/Src/Board2.c:880:18:Board2_Emergency_B_Pressed	4	static
../Core/Src/Board2.c:889:13:Board2_Turn_Left	4	static
../Core/Src/Board2.c:898:13:Board2_Turn_Right	4	static
../Core/Src/Board2.c:907:13:Board2_Update_Angle	16	static
../Core/Src/Board2.c:914:13:Board2_Stop_Motors	4	static
../Core/Src/Board2.c:923:13:Board2_Emergency_sonar_routine	16	static
../Core/Src/Board2.c:1085:18:Board2_Near_Obstacle	4	static
../Core/Src/Board2.c:1100:18:Board2_Stop_B_Pressed	4	static
../Core/Src/Board2.c:1109:13:Board2_Process_Evasive_Commands	40	static
../Core/Src/Board2.c:1164:13:Moving_obstacle_from_right_rout	16	static
../Core/Src/Board2.c:1247:18:Board2_Is_Rover_Moving_Forward	24	static
../Core/Src/Board2.c:1273:18:Board2_Emergency_S_Routine	16	static
../Core/Src/Board2.c:1296:18:Board2_Mov_Obs_R_Routine	16	static
../Core/Src/Board2.c:1311:18:Board2_Mov_Obs_L_Routine	16	static
../Core/Src/Board2.c:1326:18:Board2_Stop_Slow_Routine	16	static
../Core/Src/Board2.c:1349:18:Low_Controller_Battery_Routine	4	static
../Core/Src/Board2.c:1357:18:Board2_Spec_Retro_Routine	4	static
../Core/Src/Board2.c:1365:18:Board2_Stationary_Obs_Routine	16	static
../Core/Src/Board2.c:1381:13:Board2_Process_User_Commands	40	static
../Core/Src/Board2.c:1430:13:Board2_Turn_Back	4	static
../Core/Src/Board2.c:1439:13:enter_internal_Moving_obstacle_	8	static
../Core/Src/Board2.c:1456:13:enter_internal_Moving_obstacl_h	8	static
../Core/Src/Board2.c:1473:13:Board2_Select_routine	16	static
../Core/Src/Board2.c:1556:13:Board2_Special_retro_routine	16	static
../Core/Src/Board2.c:1641:18:Board2_Mov_Obs_Right	4	static
../Core/Src/Board2.c:1649:18:Board2_Mov_Obs_Left	4	static
../Core/Src/Board2.c:1657:13:Bo_exit_internal_Normal_routine	4	static
../Core/Src/Board2.c:1677:13:Board2_Compute_routine	16	static
../Core/Src/Board2.c:1924:18:Board2_Mode_B_Pressed	16	static
../Core/Src/Board2.c:1940:13:Board2_Rover_Lights_OFF	4	static
../Core/Src/Board2.c:1949:18:Board2_Lights_B_Pressed	16	static
../Core/Src/Board2.c:1965:13:Board2_Update_Rover_Lights	40	static
../Core/Src/Board2.c:2083:13:Board2_Rover_Lights_Motor_Error	4	static
../Core/Src/Board2.c:2092:13:Board2_Lights_manager	16	static
../Core/Src/Board2.c:2169:13:Board2_Board_decision	16	static
../Core/Src/Board2.c:2403:18:Board2_isequal_n	24	static
../Core/Src/Board2.c:2416:18:Board2_isequal	40	static
../Core/Src/Board2.c:2579:13:Board2_Receive_global_state	200	static
../Core/Src/Board2.c:2652:18:Board2_Verify_State_Integrity	8	static
../Core/Src/Board2.c:2658:18:Board2_Obs_Sonar2	4	static
../Core/Src/Board2.c:2665:18:Board2_Check_Timeout_Ms	16	static
../Core/Src/Board2.c:2672:18:Board2_Obs_Sonar1	4	static
../Core/Src/Board2.c:2679:18:Board2_Obs_Sonar3	4	static
../Core/Src/Board2.c:2686:18:Board2_Low_Voltage	4	static
../Core/Src/Board2.c:2693:18:Board2_High_Temp	4	static
../Core/Src/Board2.c:2700:13:Boa_Battery_temperature_manager	16	static
../Core/Src/Board2.c:2793:18:Board2_Button2_Pressed	16	static
../Core/Src/Board2.c:2807:18:Board2_Button1_Pressed	16	static
../Core/Src/Board2.c:2821:13:Board2_Global_state_compute	16	static
../Core/Src/Board2.c:2992:13:Board2_Update_Global_State	12	static
../Core/Src/Board2.c:3013:13:Board2_Receive_state	16	static
../Core/Src/Board2.c:3054:13:Board2_Normal	16	static
../Core/Src/Board2.c:3269:13:Board2_Init_Data	8	static
../Core/Src/Board2.c:3416:6:Board2_step	16	static
../Core/Src/Board2.c:3594:6:Board2_initialize	4	static
../Core/Src/Board2.c:3602:6:Board2_terminate	4	static
