../Core/Src/board2_functions.c:40:13:Copy_StateBusB1	16	static
../Core/Src/board2_functions.c:53:13:Copy_StateBusB2	16	static
../Core/Src/board2_functions.c:74:13:Copy_GSBus	16	static
../Core/Src/board2_functions.c:86:13:Copy_DecBus	16	static
../Core/Src/board2_functions.c:104:11:UART_Is_Tx_Complete	4	static
../Core/Src/board2_functions.c:113:11:UART_Is_Rx_Complete	4	static
../Core/Src/board2_functions.c:122:6:UART_Stop_DMA	8	static
../Core/Src/board2_functions.c:127:6:UART_Send_Local_State	16	static
../Core/Src/board2_functions.c:149:6:UART_Send_GlobalState	16	static
../Core/Src/board2_functions.c:165:6:UART_Send_Decision	16	static
../Core/Src/board2_functions.c:181:6:UART_Send_Ping	8	static
../Core/Src/board2_functions.c:189:6:UART_Wait_State	16	static
../Core/Src/board2_functions.c:196:6:UART_Wait_GlobalState	16	static
../Core/Src/board2_functions.c:202:6:UART_Wait_Decision	16	static
../Core/Src/board2_functions.c:208:6:UART_Wait_Ping	16	static
../Core/Src/board2_functions.c:218:11:CRC_Check_State	40	static
../Core/Src/board2_functions.c:234:11:CRC_Check_GlobalState	80	static
../Core/Src/board2_functions.c:249:11:CRC_Check_Decision	48	static
../Core/Src/board2_functions.c:265:11:UART_Check_Ping	16	static
../Core/Src/board2_functions.c:274:6:IO_Set_Session	8	static
../Core/Src/board2_functions.c:280:6:IO_Reset_Session	8	static
../Core/Src/board2_functions.c:285:6:IO_Set_MasterTalk	8	static
../Core/Src/board2_functions.c:291:6:IO_Reset_MasterTalk	8	static
../Core/Src/board2_functions.c:296:11:IO_Read_SlaveTalk	8	static
../Core/Src/board2_functions.c:302:6:IO_Set_DriverControl	8	static
../Core/Src/board2_functions.c:308:6:IO_Reset_DriverControl	8	static
../Core/Src/board2_functions.c:318:10:Time_Get_Tick	4	static
../Core/Src/board2_functions.c:324:11:Time_Check_Elapsed_us	24	static
../Core/Src/board2_functions.c:331:11:Time_Check_Elapsed_ms	24	static
../Core/Src/board2_functions.c:341:6:OS_Enter_Critical	8	static
../Core/Src/board2_functions.c:347:6:OS_Exit_Critical	8	static
