../Core/Src/board2_functions.c:16:13:Copy_StateBusB1	16	static
../Core/Src/board2_functions.c:26:13:Copy_StateBusB2	16	static
../Core/Src/board2_functions.c:45:13:Copy_GSBus	16	static
../Core/Src/board2_functions.c:55:13:Copy_DecBus	16	static
../Core/Src/board2_functions.c:69:11:UART_Data_Received	4	static
../Core/Src/board2_functions.c:78:11:UART_Data_Sended	4	static
../Core/Src/board2_functions.c:87:6:UART_DMA_Stop	8	static
../Core/Src/board2_functions.c:92:6:UART_Send_State	16	static
../Core/Src/board2_functions.c:108:6:UART_Send_GlobalState	16	static
../Core/Src/board2_functions.c:124:6:UART_Send_Decision	16	static
../Core/Src/board2_functions.c:140:6:UART_Send_Ping	8	static
../Core/Src/board2_functions.c:148:6:UART_Wait_State	16	static
../Core/Src/board2_functions.c:154:6:UART_Wait_GlobalState	16	static
../Core/Src/board2_functions.c:160:6:UART_Wait_Decision	16	static
../Core/Src/board2_functions.c:166:6:UART_Wait_Ping	16	static
../Core/Src/board2_functions.c:172:11:Correct_CRC_State	40	static
../Core/Src/board2_functions.c:187:11:Correct_CRC_GlobalState	80	static
../Core/Src/board2_functions.c:202:11:Correct_CRC_Decision	48	static
../Core/Src/board2_functions.c:218:11:Correct_Ping	16	static
../Core/Src/board2_functions.c:223:6:set_Session	8	static
../Core/Src/board2_functions.c:228:6:reset_Session	8	static
../Core/Src/board2_functions.c:233:6:set_MTALK	8	static
../Core/Src/board2_functions.c:238:6:reset_MTALK	8	static
../Core/Src/board2_functions.c:243:11:is_STALK_high	8	static
../Core/Src/board2_functions.c:248:6:set_driver_control	8	static
../Core/Src/board2_functions.c:253:6:reset_driver_control	8	static
../Core/Src/board2_functions.c:258:10:get_tick	4	static
../Core/Src/board2_functions.c:263:11:check_elapsed_time_us	24	static
../Core/Src/board2_functions.c:270:11:check_elapsed_time	24	static
../Core/Src/board2_functions.c:279:6:enter_critical_section	8	static
../Core/Src/board2_functions.c:284:6:exit_critical_section	8	static
