../Core/Src/controller.c:3:23:crc8_le	24	static
../Core/Src/controller.c:23:20:telecontrol_init	40	static
../Core/Src/controller.c:59:20:telecontrol_read	32	static
../Core/Src/controller.c:115:20:telecontrol_send_telemetry	32	static
../Core/Src/controller.c:144:20:telemetry_init	24	static
../Core/Src/controller.c:176:20:telemetry_set_light_mode	24	static
../Core/Src/controller.c:189:20:telemetry_set_operating_mode	24	static
../Core/Src/controller.c:202:20:telemetry_set_backward_mode	24	static
../Core/Src/controller.c:215:20:telemetry_set_driving_mode	24	static
../Core/Src/controller.c:228:20:telemetry_set_obstacle_avoidance_mode	24	static
../Core/Src/controller.c:241:20:telemetry_set_battery	24	static
../Core/Src/controller.c:254:20:telemetry_set_temperature	24	static
../Core/Src/controller.c:267:20:telemetry_set_rpm	32	static
../Core/Src/controller.c:284:20:telemetry_set_max_velocity	24	static
../Core/Src/controller.c:297:20:telemetry_set_sonars	32	static
../Core/Src/controller.c:313:20:telemetry_set_gyro_status	24	static
../Core/Src/controller.c:327:20:telemetry_set_traction_health	24	static
