../Core/Src/mpu6050.c:9:30:mpu6050_write_reg	40	static
../Core/Src/mpu6050.c:28:30:mpu6050_read_reg	48	static
../Core/Src/mpu6050.c:47:30:mpu6050_read_bytes	48	static
../Core/Src/mpu6050.c:66:30:mpu6050_read_axis	32	static
../Core/Src/mpu6050.c:94:14:mpu6050_accel_sensitivity	24	static
../Core/Src/mpu6050.c:120:14:mpu6050_gyro_sensitivity	24	static
../Core/Src/mpu6050.c:148:30:mpu6050_reset	24	static
../Core/Src/mpu6050.c:168:30:mpu6050_wake	24	static
../Core/Src/mpu6050.c:187:30:mpu6050_set_accel_range_lowlevel	24	static
../Core/Src/mpu6050.c:217:30:mpu6050_set_gyro_range_lowlevel	24	static
../Core/Src/mpu6050.c:248:30:mpu6050_apply_config	24	static
../Core/Src/mpu6050.c:282:23:mpu6050_init	32	static
../Core/Src/mpu6050.c:317:23:mpu6050_recovery_init	24	static
../Core/Src/mpu6050.c:335:23:mpu6050_who_am_i	24	static
../Core/Src/mpu6050.c:347:23:mpu6050_get_accel_value	48	static
../Core/Src/mpu6050.c:383:23:mpu6050_get_gyro_value	48	static
../Core/Src/mpu6050.c:421:23:mpu6050_signal_path_reset	24	static
../Core/Src/mpu6050.c:433:23:mpu6050_set_dlpf	24	static
../Core/Src/mpu6050.c:467:23:mpu6050_get_dlpf	24	static
../Core/Src/mpu6050.c:480:23:mpu6050_set_sample_div	24	static
../Core/Src/mpu6050.c:500:23:mpu6050_get_sample_div	24	static
../Core/Src/mpu6050.c:513:23:mpu6050_set_accel_fs	24	static
../Core/Src/mpu6050.c:536:23:mpu6050_get_accel_fs	24	static
../Core/Src/mpu6050.c:549:23:mpu6050_set_gyro_fs	24	static
../Core/Src/mpu6050.c:572:23:mpu6050_get_gyro_fs	24	static
../Core/Src/mpu6050.c:585:23:mpu6050_set_interrupt_mask	24	static
../Core/Src/mpu6050.c:605:23:mpu6050_get_interrupt_mask	24	static
../Core/Src/mpu6050.c:618:23:mpu6050_get_accel_x	24	static
../Core/Src/mpu6050.c:623:23:mpu6050_get_accel_y	24	static
../Core/Src/mpu6050.c:628:23:mpu6050_get_accel_z	24	static
../Core/Src/mpu6050.c:633:23:mpu6050_get_gyro_x	24	static
../Core/Src/mpu6050.c:638:23:mpu6050_get_gyro_y	24	static
../Core/Src/mpu6050.c:643:23:mpu6050_get_gyro_z	24	static
