../Core/Src/mpu6050.c:18:30:mpu6050_write_reg	32	static
../Core/Src/mpu6050.c:27:30:mpu6050_read_reg	40	static
../Core/Src/mpu6050.c:36:30:mpu6050_read_bytes	40	static
../Core/Src/mpu6050.c:47:14:mpu6050_accel_sensitivity	16	static
../Core/Src/mpu6050.c:58:14:mpu6050_gyro_sensitivity	16	static
../Core/Src/mpu6050.c:71:30:mpu6050_reset	16	static
../Core/Src/mpu6050.c:80:30:mpu6050_wake	16	static
../Core/Src/mpu6050.c:89:30:mpu6050_set_accel_range_lowlevel	24	static
../Core/Src/mpu6050.c:105:30:mpu6050_set_gyro_range_lowlevel	24	static
../Core/Src/mpu6050.c:122:30:mpu6050_apply_config	16	static
../Core/Src/mpu6050.c:144:23:mpu6050_init	24	static
../Core/Src/mpu6050.c:170:23:mpu6050_who_am_i	16	static
../Core/Src/mpu6050.c:178:23:mpu6050_get_accel_value	40	static
../Core/Src/mpu6050.c:202:23:mpu6050_get_gyro_value	40	static
../Core/Src/mpu6050.c:228:23:mpu6050_set_dlpf	24	static
../Core/Src/mpu6050.c:249:23:mpu6050_get_dlpf	16	static
../Core/Src/mpu6050.c:258:23:mpu6050_set_sample_div	16	static
../Core/Src/mpu6050.c:270:23:mpu6050_get_sample_div	16	static
../Core/Src/mpu6050.c:279:23:mpu6050_set_accel_fs	16	static
../Core/Src/mpu6050.c:294:23:mpu6050_get_accel_fs	16	static
../Core/Src/mpu6050.c:303:23:mpu6050_set_gyro_fs	16	static
../Core/Src/mpu6050.c:317:23:mpu6050_get_gyro_fs	16	static
../Core/Src/mpu6050.c:326:23:mpu6050_set_interrupt_mask	16	static
../Core/Src/mpu6050.c:338:23:mpu6050_get_interrupt_mask	16	static
