../Core/Src/stm32g4xx_it.c:78:6:NMI_Handler	4	static
../Core/Src/stm32g4xx_it.c:93:6:HardFault_Handler	4	static
../Core/Src/stm32g4xx_it.c:108:6:MemManage_Handler	4	static
../Core/Src/stm32g4xx_it.c:123:6:BusFault_Handler	4	static
../Core/Src/stm32g4xx_it.c:138:6:UsageFault_Handler	4	static
../Core/Src/stm32g4xx_it.c:153:6:DebugMon_Handler	4	static
../Core/Src/stm32g4xx_it.c:173:6:DMA1_Channel1_IRQHandler	8	static
../Core/Src/stm32g4xx_it.c:187:6:DMA1_Channel2_IRQHandler	8	static
../Core/Src/stm32g4xx_it.c:201:6:TIM2_IRQHandler	8	static
../Core/Src/stm32g4xx_it.c:215:6:TIM4_IRQHandler	8	static
../Core/Src/stm32g4xx_it.c:229:6:USART3_IRQHandler	8	static
../Core/Src/stm32g4xx_it.c:243:6:TIM6_DAC_IRQHandler	8	static
../Core/Src/stm32g4xx_it.c:255:6:HAL_UART_TxCpltCallback	16	static
../Core/Src/stm32g4xx_it.c:265:6:HAL_UART_RxCpltCallback	16	static
